
> lms@0.0.0 build
> vite build

vite v7.3.6 building client environment for production...
(node:32657) [DEP0205] DeprecationWarning: `module.register()` is deprecated. Use `module.registerHooks()` instead.
(Use `node --trace-deprecation ...` to show where the warning was created)
transforming...
✓ 3118 modules transformed.
rendering chunks...
computing gzip size...
dist/index.html                                           1.46 kB │ gzip:   0.87 kB
dist/assets/KaTeX_Size3-Regular-CTq5MqoE.woff             4.42 kB
dist/assets/KaTeX_Size4-Regular-Dl5lxZxV.woff2            4.93 kB
dist/assets/KaTeX_Size2-Regular-Dy4dx90m.woff2            5.21 kB
dist/assets/KaTeX_Size1-Regular-mCD8mA8B.woff2            5.47 kB
dist/assets/KaTeX_Size4-Regular-BF-4gkZK.woff             5.98 kB
dist/assets/KaTeX_Size2-Regular-oD1tc_U0.woff             6.19 kB
dist/assets/KaTeX_Size1-Regular-C195tn64.woff             6.50 kB
dist/assets/KaTeX_Caligraphic-Regular-Di6jR-x-.woff2      6.91 kB
dist/assets/KaTeX_Caligraphic-Bold-Dq_IR9rO.woff2         6.91 kB
dist/assets/KaTeX_Size3-Regular-DgpXs0kz.ttf              7.59 kB
dist/assets/KaTeX_Caligraphic-Regular-CTRA-rTL.woff       7.66 kB
dist/assets/KaTeX_Caligraphic-Bold-BEiXGLvX.woff          7.72 kB
dist/assets/KaTeX_Script-Regular-D3wIWfF6.woff2           9.64 kB
dist/assets/KaTeX_SansSerif-Regular-DDBCnlJ7.woff2       10.34 kB
dist/assets/KaTeX_Size4-Regular-DWFBv043.ttf             10.36 kB
dist/assets/KaTeX_Script-Regular-D5yQViql.woff           10.59 kB
dist/assets/KaTeX_Fraktur-Regular-CTYiF6lA.woff2         11.32 kB
dist/assets/KaTeX_Fraktur-Bold-CL6g_b3V.woff2            11.35 kB
dist/assets/KaTeX_Size2-Regular-B7gKUWhC.ttf             11.51 kB
dist/assets/KaTeX_SansSerif-Italic-C3H0VqGB.woff2        12.03 kB
dist/assets/KaTeX_SansSerif-Bold-D1sUS0GD.woff2          12.22 kB
dist/assets/KaTeX_Size1-Regular-Dbsnue_I.ttf             12.23 kB
dist/assets/KaTeX_SansSerif-Regular-CS6fqUqJ.woff        12.32 kB
dist/assets/KaTeX_Caligraphic-Regular-wX97UBjC.ttf       12.34 kB
dist/assets/KaTeX_Caligraphic-Bold-ATXxdsX0.ttf          12.37 kB
dist/assets/KaTeX_Fraktur-Regular-Dxdc4cR9.woff          13.21 kB
dist/assets/KaTeX_Fraktur-Bold-BsDP51OF.woff             13.30 kB
dist/assets/KaTeX_Typewriter-Regular-CO6r4hn1.woff2      13.57 kB
dist/assets/KaTeX_SansSerif-Italic-DN2j7dab.woff         14.11 kB
dist/assets/KaTeX_SansSerif-Bold-DbIhKOiC.woff           14.41 kB
dist/assets/KaTeX_Typewriter-Regular-C0xS9mPB.woff       16.03 kB
dist/assets/KaTeX_Math-BoldItalic-CZnvNsCZ.woff2         16.40 kB
dist/assets/KaTeX_Math-Italic-t53AETM-.woff2             16.44 kB
dist/assets/KaTeX_Script-Regular-C5JkGWo-.ttf            16.65 kB
dist/assets/KaTeX_Main-BoldItalic-DxDJ3AOS.woff2         16.78 kB
dist/assets/KaTeX_Main-Italic-NWA7e6Wa.woff2             16.99 kB
dist/assets/KaTeX_Math-BoldItalic-iY-2wyZ7.woff          18.67 kB
dist/assets/KaTeX_Math-Italic-DA0__PXp.woff              18.75 kB
dist/assets/KaTeX_Main-BoldItalic-SpSLRI95.woff          19.41 kB
dist/assets/KaTeX_SansSerif-Regular-BNo7hRIc.ttf         19.44 kB
dist/assets/KaTeX_Fraktur-Regular-CB_wures.ttf           19.57 kB
dist/assets/KaTeX_Fraktur-Bold-BdnERNNW.ttf              19.58 kB
dist/assets/KaTeX_Main-Italic-BMLOBm91.woff              19.68 kB
dist/assets/KaTeX_SansSerif-Italic-YYjJ1zSn.ttf          22.36 kB
dist/assets/KaTeX_SansSerif-Bold-CFMepnvq.ttf            24.50 kB
dist/assets/KaTeX_Main-Bold-Cx986IdX.woff2               25.32 kB
dist/assets/KaTeX_Main-Regular-B22Nviop.woff2            26.27 kB
dist/assets/KaTeX_Typewriter-Regular-D3Ib7_Hf.ttf        27.56 kB
dist/assets/KaTeX_AMS-Regular-BQhdFMY1.woff2             28.08 kB
dist/assets/KaTeX_Main-Bold-Jm3AIy58.woff                29.91 kB
dist/assets/KaTeX_Main-Regular-Dr94JaBh.woff             30.77 kB
dist/assets/KaTeX_Math-BoldItalic-B3XSjfu4.ttf           31.20 kB
dist/assets/KaTeX_Math-Italic-flOr_0UB.ttf               31.31 kB
dist/assets/KaTeX_Main-BoldItalic-DzxPMmG6.ttf           32.97 kB
dist/assets/KaTeX_AMS-Regular-DMm9YOAa.woff              33.52 kB
dist/assets/KaTeX_Main-Italic-3WenGoN9.ttf               33.58 kB
dist/assets/KaTeX_Main-Bold-waoOVXN0.ttf                 51.34 kB
dist/assets/KaTeX_Main-Regular-ypZvNtVU.ttf              53.58 kB
dist/assets/KaTeX_AMS-Regular-DRggAlZN.ttf               63.63 kB
dist/assets/pdf.worker.min-yatZIOMy.mjs               1,375.84 kB
dist/assets/index-DIecttZ0.css                            0.16 kB │ gzip:   0.15 kB
dist/assets/LanguageSwitcher-oYfuABxZ.css                 0.26 kB │ gzip:   0.21 kB
dist/assets/CourseCardGrid-ByDAbhsq.css                   0.41 kB │ gzip:   0.23 kB
dist/assets/AdvisorCoursesPage-CBVE4BEq.css               0.41 kB │ gzip:   0.24 kB
dist/assets/index-CryS6cBe.css                            0.42 kB │ gzip:   0.28 kB
dist/assets/index-BI6X2BsO.css                            0.45 kB │ gzip:   0.27 kB
dist/assets/ProgressRing-BmREQjEr.css                     0.51 kB │ gzip:   0.30 kB
dist/assets/AdvisorSchedulePage-B1pAAQnj.css              0.54 kB │ gzip:   0.23 kB
dist/assets/index-CIw6Fduy.css                            0.61 kB │ gzip:   0.30 kB
dist/assets/index-Bxma_exZ.css                            0.64 kB │ gzip:   0.32 kB
dist/assets/index-BD1QHcyY.css                            0.65 kB │ gzip:   0.29 kB
dist/assets/queryKeys-Dm9liuna.css                        0.66 kB │ gzip:   0.34 kB
dist/assets/index-DsFamdy5.css                            0.67 kB │ gzip:   0.38 kB
dist/assets/index-ChBIH-4D.css                            0.87 kB │ gzip:   0.42 kB
dist/assets/index-CejXGtG4.css                            0.88 kB │ gzip:   0.43 kB
dist/assets/index-D22KUqgc.css                            0.97 kB │ gzip:   0.44 kB
dist/assets/index-DXauJi-y.css                            1.00 kB │ gzip:   0.46 kB
dist/assets/index-X3_3mYwa.css                            1.10 kB │ gzip:   0.43 kB
dist/assets/index-C7A-eBrf.css                            1.17 kB │ gzip:   0.53 kB
dist/assets/PdfMaterialPreview-Bpo_oGIM.css               1.23 kB │ gzip:   0.53 kB
dist/assets/index-CKJDkVB6.css                            1.50 kB │ gzip:   0.64 kB
dist/assets/index-_rjrD_P6.css                            1.61 kB │ gzip:   0.57 kB
dist/assets/index-O7IXv7Ke.css                            1.74 kB │ gzip:   0.63 kB
dist/assets/index-7RKiLO85.css                            1.77 kB │ gzip:   0.69 kB
dist/assets/index-BvCz1s6k.css                            1.79 kB │ gzip:   0.69 kB
dist/assets/AdvisorTasksPage-ChdCwkkB.css                 1.84 kB │ gzip:   0.63 kB
dist/assets/index-B-jwwXLf.css                            1.89 kB │ gzip:   0.70 kB
dist/assets/CourseCreatePage-CHqzYUov.css                 1.96 kB │ gzip:   0.75 kB
dist/assets/index-CfW-qBsF.css                            1.99 kB │ gzip:   0.79 kB
dist/assets/index-Y5cbgzio.css                            2.29 kB │ gzip:   0.82 kB
dist/assets/index-EnTSc1vg.css                            2.44 kB │ gzip:   0.89 kB
dist/assets/index-DOmsNtGJ.css                            2.62 kB │ gzip:   0.87 kB
dist/assets/index-CtxABaDY.css                            2.83 kB │ gzip:   0.97 kB
dist/assets/index-_3Pa92L0.css                            3.04 kB │ gzip:   0.91 kB
dist/assets/CreateIntakeDialog-CCbhb09m.css               3.10 kB │ gzip:   1.04 kB
dist/assets/index-JPaFVyW9.css                            3.71 kB │ gzip:   1.16 kB
dist/assets/index-CBkJycTq.css                            3.96 kB │ gzip:   1.29 kB
dist/assets/index-CWY5Nv3v.css                            4.05 kB │ gzip:   1.14 kB
dist/assets/index-BNqlQoGa.css                            4.14 kB │ gzip:   1.26 kB
dist/assets/EnglishDateInput-Dba2HZUu.css                 4.38 kB │ gzip:   1.39 kB
dist/assets/index-B6zuJrXh.css                            4.66 kB │ gzip:   1.45 kB
dist/assets/ExamsPage-7DuXGaJf.css                        5.01 kB │ gzip:   1.46 kB
dist/assets/index-x9zEFQGV.css                            5.38 kB │ gzip:   1.55 kB
dist/assets/index-45dx2Ycr.css                            5.38 kB │ gzip:   1.57 kB
dist/assets/index-ynerOybO.css                            5.40 kB │ gzip:   1.50 kB
dist/assets/index-Cob4jnXK.css                            5.60 kB │ gzip:   1.54 kB
dist/assets/index-BlU0dDHd.css                            5.69 kB │ gzip:   1.57 kB
dist/assets/index-C7LjtK_q.css                            5.70 kB │ gzip:   1.80 kB
dist/assets/index-CIJsbSQK.css                            5.87 kB │ gzip:   1.58 kB
dist/assets/SupportPage-D5MmIBZk.css                      6.24 kB │ gzip:   1.63 kB
dist/assets/index-CUstGBwC.css                            6.31 kB │ gzip:   1.67 kB
dist/assets/index-CBhUvrtG.css                            6.47 kB │ gzip:   1.74 kB
dist/assets/index-bFxaBT3y.css                            6.69 kB │ gzip:   1.74 kB
dist/assets/index-DEmyGGYW.css                            7.46 kB │ gzip:   1.90 kB
dist/assets/index-DshwxSqQ.css                            7.57 kB │ gzip:   1.76 kB
dist/assets/index-DwR_r31D.css                            7.80 kB │ gzip:   2.11 kB
dist/assets/index-DFhbp1Bq.css                            8.54 kB │ gzip:   2.12 kB
dist/assets/index-BOvcbRP6.css                            8.67 kB │ gzip:   2.10 kB
dist/assets/StudentSubmissionHistory-CVJaZSYM.css         8.97 kB │ gzip:   2.10 kB
dist/assets/index-Cyy0SB_c.css                            9.44 kB │ gzip:   2.12 kB
dist/assets/index-Bkw9orWn.css                            9.48 kB │ gzip:   2.55 kB
dist/assets/ChatContent-kMe4x7bW.css                      9.72 kB │ gzip:   2.30 kB
dist/assets/index-L6t8maP2.css                            9.73 kB │ gzip:   2.57 kB
dist/assets/index-zd0iXF4G.css                            9.95 kB │ gzip:   2.74 kB
dist/assets/index-Cx9dySrs.css                           10.11 kB │ gzip:   2.43 kB
dist/assets/index-CEcUSkBK.css                           10.49 kB │ gzip:   2.36 kB
dist/assets/index-Dy3Pe1GB.css                           10.62 kB │ gzip:   2.41 kB
dist/assets/index-WuKj1eW_.css                           10.68 kB │ gzip:   2.58 kB
dist/assets/index-Lbq_TSYu.css                           11.06 kB │ gzip:   2.48 kB
dist/assets/workspace-DkccyOie.css                       11.89 kB │ gzip:   3.08 kB
dist/assets/index-CNuYRfFG.css                           13.59 kB │ gzip:   3.21 kB
dist/assets/CoursesPage-BNd1tJUF.css                     14.04 kB │ gzip:   2.76 kB
dist/assets/StudyPlanPage-_pw-lTr7.css                   14.59 kB │ gzip:   2.92 kB
dist/assets/Layout-CQJHi9hM.css                          15.57 kB │ gzip:   3.57 kB
dist/assets/index-DMXQ1C6y.css                           16.36 kB │ gzip:   3.18 kB
dist/assets/courseManagement-BE2pu7m9.css                19.22 kB │ gzip:   3.97 kB
dist/assets/index-CLPzTkmL.css                           19.34 kB │ gzip:   3.88 kB
dist/assets/index-BWETC8U9.css                           20.02 kB │ gzip:   4.16 kB
dist/assets/index-MRJEu6U8.css                           21.34 kB │ gzip:   4.33 kB
dist/assets/index-Cfp5mZ1-.css                           21.41 kB │ gzip:   4.14 kB
dist/assets/advising-Cisn9Xh_.css                        21.97 kB │ gzip:   4.33 kB
dist/assets/MarkdownMessage-B-JgdZel.css                 31.45 kB │ gzip:   8.69 kB
dist/assets/index-5IxAp9ol.css                           32.59 kB │ gzip:   6.04 kB
dist/assets/index-TIVT-uDn.css                           38.86 kB │ gzip:   7.34 kB
dist/assets/index-fTOrNMYw.css                           54.93 kB │ gzip:  11.15 kB
dist/assets/index-UfzDJWx_.css                           58.01 kB │ gzip:   9.52 kB
dist/assets/index.module-BuXve7P4.js                      0.06 kB │ gzip:   0.07 kB
dist/assets/scheduleRequests-DwtOptw8.js                  0.06 kB │ gzip:   0.07 kB
dist/assets/queryKeys-Corhd2Da.js                         0.06 kB │ gzip:   0.08 kB
dist/assets/passwordRules-DA1SasHz.js                     0.07 kB │ gzip:   0.09 kB
dist/assets/addWeeks-DFpZ8pTq.js                          0.09 kB │ gzip:   0.11 kB
dist/assets/index-bw38-3kM.js                             0.09 kB │ gzip:   0.10 kB
dist/assets/check-jru4ACkt.js                             0.13 kB │ gzip:   0.15 kB
dist/assets/circle-DSEhaBEp.js                            0.14 kB │ gzip:   0.14 kB
dist/assets/chevron-down-Bj7GuiUT.js                      0.14 kB │ gzip:   0.15 kB
dist/assets/chevron-right-BXUFMOzq.js                     0.14 kB │ gzip:   0.15 kB
dist/assets/chevron-left-DTytz-2e.js                      0.14 kB │ gzip:   0.15 kB
dist/assets/isSameDay-B8hGLd5o.js                         0.14 kB │ gzip:   0.15 kB
dist/assets/studyPlanView-CqkeHtll.js                     0.15 kB │ gzip:   0.15 kB
dist/assets/loader-circle-DJeV6B_K.js                     0.15 kB │ gzip:   0.16 kB
dist/assets/courseSessions-DtOQUgso.js                    0.16 kB │ gzip:   0.12 kB
dist/assets/square-Dfc4uwCt.js                            0.16 kB │ gzip:   0.16 kB
dist/assets/plus-CwgBCnoG.js                              0.17 kB │ gzip:   0.16 kB
dist/assets/x-CreWaumu.js                                 0.17 kB │ gzip:   0.16 kB
dist/assets/arrow-up-BpyJb48i.js                          0.17 kB │ gzip:   0.17 kB
dist/assets/arrow-left-De6K_1TU.js                        0.18 kB │ gzip:   0.17 kB
dist/assets/arrow-down-DDozYQj_.js                        0.18 kB │ gzip:   0.17 kB
dist/assets/arrow-right-BIoPIBCA.js                       0.18 kB │ gzip:   0.17 kB
dist/assets/arrow-up-right-q1xOtqzH.js                    0.18 kB │ gzip:   0.17 kB
dist/assets/search-BkYBlGfb.js                            0.18 kB │ gzip:   0.17 kB
dist/assets/circle-check-CvQeb_B_.js                      0.19 kB │ gzip:   0.18 kB
dist/assets/message-square-CABqRQM5.js                    0.19 kB │ gzip:   0.18 kB
dist/assets/clock-3-Bt8kAA7D.js                           0.19 kB │ gzip:   0.18 kB
dist/assets/courseOperations--JOazQOC.js                  0.20 kB │ gzip:   0.16 kB
dist/assets/menu-IuIAyPZN.js                              0.20 kB │ gzip:   0.17 kB
dist/assets/megaphone-_Pyj4ck4.js                         0.20 kB │ gzip:   0.19 kB
dist/assets/rotate-ccw-iLkNphsf.js                        0.21 kB │ gzip:   0.19 kB
dist/assets/lock-Db8dxOK1.js                              0.21 kB │ gzip:   0.20 kB
dist/assets/ellipsis-CLr0x5ZY.js                          0.23 kB │ gzip:   0.17 kB
dist/assets/user-round-check-BToJ1cbg.js                  0.24 kB │ gzip:   0.21 kB
dist/assets/upload-CtCL3Xgk.js                            0.24 kB │ gzip:   0.20 kB
dist/assets/copy-RMfUf9m_.js                              0.24 kB │ gzip:   0.21 kB
dist/assets/download-Ds8y0-ea.js                          0.24 kB │ gzip:   0.20 kB
dist/assets/activity-CLyf8vur.js                          0.25 kB │ gzip:   0.21 kB
dist/assets/headphones-BFgGMXiu.js                        0.25 kB │ gzip:   0.19 kB
dist/assets/sendStableMessage-CLpPx3Qd.js                 0.25 kB │ gzip:   0.21 kB
dist/assets/personName-DLo6ru9g.js                        0.26 kB │ gzip:   0.18 kB
dist/assets/index-tErfP6u2.js                             0.26 kB │ gzip:   0.17 kB
dist/assets/users-round-QJqx-Ea4.js                       0.26 kB │ gzip:   0.23 kB
dist/assets/settings-2-CjhhJlTr.js                        0.26 kB │ gzip:   0.20 kB
dist/assets/circle-alert-DDDH8OpZ.js                      0.26 kB │ gzip:   0.19 kB
dist/assets/eye-BSYYvgga.js                               0.26 kB │ gzip:   0.21 kB
dist/assets/map-pin-BxwkXklC.js                           0.27 kB │ gzip:   0.23 kB
dist/assets/message-square-text-DJohx7AT.js               0.27 kB │ gzip:   0.21 kB
dist/assets/file-check-2-BDPlQ17v.js                      0.27 kB │ gzip:   0.21 kB
dist/assets/calendar-8rDkpPuy.js                          0.27 kB │ gzip:   0.22 kB
dist/assets/pencil-yuzufGs1.js                            0.29 kB │ gzip:   0.24 kB
dist/assets/pen-line-Bj3r9es8.js                          0.29 kB │ gzip:   0.23 kB
dist/assets/book-open-D3boB78U.js                         0.29 kB │ gzip:   0.22 kB
dist/assets/registeredDestination-CkGkvwvI.js             0.29 kB │ gzip:   0.24 kB
dist/assets/inbox-Bc1oiF0T.js                             0.30 kB │ gzip:   0.24 kB
dist/assets/bell-DPTyk9qX.js                              0.30 kB │ gzip:   0.25 kB
dist/assets/send-DEBQAQCe.js                              0.30 kB │ gzip:   0.24 kB
dist/assets/clipboard-check-BDCrxECN.js                   0.31 kB │ gzip:   0.24 kB
dist/assets/paperclip-bEb3unOh.js                         0.31 kB │ gzip:   0.24 kB
dist/assets/list-7RN1d6ko.js                              0.31 kB │ gzip:   0.19 kB
dist/assets/users-B9a41Hp5.js                             0.32 kB │ gzip:   0.23 kB
dist/assets/user-plus-AmA3AIZi.js                         0.32 kB │ gzip:   0.24 kB
dist/assets/shield-check-IM20jsjr.js                      0.33 kB │ gzip:   0.26 kB
dist/assets/refresh-cw-DRIJT9T7.js                        0.33 kB │ gzip:   0.24 kB
dist/assets/refresh-ccw-Cjt5OllN.js                       0.33 kB │ gzip:   0.23 kB
dist/assets/CourseCardGrid-DFE2P2wy.js                    0.34 kB │ gzip:   0.25 kB
dist/assets/graduation-cap-K5b8TK7d.js                    0.34 kB │ gzip:   0.26 kB
dist/assets/file-text-DMgxTCXq.js                         0.35 kB │ gzip:   0.23 kB
dist/assets/advisorWorkspace-BBVwlqDy.js                  0.35 kB │ gzip:   0.25 kB
dist/assets/trash-2-AO0sl3Ji.js                           0.37 kB │ gzip:   0.26 kB
dist/assets/NotFoundPage-D7-G67P5.js                      0.38 kB │ gzip:   0.27 kB
dist/assets/LanguageSwitcher-DCNVorNu.js                  0.38 kB │ gzip:   0.28 kB
dist/assets/calendar-clock-7sUS1hyg.js                    0.39 kB │ gzip:   0.26 kB
dist/assets/shuffle-DPpwBR1I.js                           0.40 kB │ gzip:   0.26 kB
dist/assets/index-CRBYMGpr.js                             0.42 kB │ gzip:   0.28 kB
dist/assets/clipboard-list-B6Dkfzdd.js                    0.42 kB │ gzip:   0.27 kB
dist/assets/eye-off-Ch0HS7DA.js                           0.44 kB │ gzip:   0.28 kB
dist/assets/calendar-days-U6GE0-av.js                     0.51 kB │ gzip:   0.28 kB
dist/assets/formFocus-DEtMIshI.js                         0.51 kB │ gzip:   0.30 kB
dist/assets/presentation-CG1qts2E.js                      0.52 kB │ gzip:   0.35 kB
dist/assets/sparkles-D6NaGZNV.js                          0.52 kB │ gzip:   0.31 kB
dist/assets/course-BvqsD964.js                            0.53 kB │ gzip:   0.34 kB
dist/assets/file-utils-Bo2CM6TO.js                        0.53 kB │ gzip:   0.34 kB
dist/assets/index-DqSzQOCP.js                             0.54 kB │ gzip:   0.30 kB
dist/assets/triangle-alert-DuA_Zpqy.js                    0.56 kB │ gzip:   0.33 kB
dist/assets/useMutationState-CGFohmOO.js                  0.57 kB │ gzip:   0.35 kB
dist/assets/profile-api-BMsxBGCW.js                       0.61 kB │ gzip:   0.34 kB
dist/assets/DurationSelect-8cXJD4wG.js                    0.64 kB │ gzip:   0.38 kB
dist/assets/formValidation-Bj-7P58I.js                    0.65 kB │ gzip:   0.38 kB
dist/assets/readCollection-iHfaZmF6.js                    0.65 kB │ gzip:   0.39 kB
dist/assets/notification-api-CWU2m-4W.js                  0.67 kB │ gzip:   0.32 kB
dist/assets/studyPlan-CMZLNlMu.js                         0.67 kB │ gzip:   0.46 kB
dist/assets/AdvisingPagination-BQp7dnwC.js                0.68 kB │ gzip:   0.40 kB
dist/assets/index-2AGvKD8x.js                             0.69 kB │ gzip:   0.41 kB
dist/assets/teachingAlert-Dt32-bhs.js                     0.71 kB │ gzip:   0.44 kB
dist/assets/index-Ba_vE9r4.js                             0.73 kB │ gzip:   0.45 kB
dist/assets/useIdempotencyCheckpoint-BIVBkx7f.js          0.74 kB │ gzip:   0.40 kB
dist/assets/useProfileIdentity-6NwlSuPO.js                0.74 kB │ gzip:   0.43 kB
dist/assets/operationRecords-Dh2j6ZpR.js                  0.75 kB │ gzip:   0.39 kB
dist/assets/differenceInCalendarDays-eLjBRayL.js          0.76 kB │ gzip:   0.43 kB
dist/assets/tenant-advising-api-DcBLz1Yh.js               0.79 kB │ gzip:   0.30 kB
dist/assets/queryKeys-Cp38TRo8.js                         0.87 kB │ gzip:   0.28 kB
dist/assets/index-oFiAVGo5.js                             0.87 kB │ gzip:   0.46 kB
dist/assets/index-CQ_IP9xy.js                             0.89 kB │ gzip:   0.52 kB
dist/assets/TenantDrawer-QAbSR_lq.js                      0.91 kB │ gzip:   0.53 kB
dist/assets/useConfirmationDialog-Dn0K7gLx.js             0.92 kB │ gzip:   0.46 kB
dist/assets/isSameMonth-BfwiOPZG.js                       0.94 kB │ gzip:   0.46 kB
dist/assets/counsellor-api-eEx9J3fj.js                    0.96 kB │ gzip:   0.37 kB
dist/assets/tenantNavigation-CHOgTonz.js                  0.97 kB │ gzip:   0.55 kB
dist/assets/ProgressRing-Dgfaz74p.js                      0.98 kB │ gzip:   0.55 kB
dist/assets/advising-B8jUAv1I.js                          0.99 kB │ gzip:   0.45 kB
dist/assets/downloadBlob-ArrOYYB2.js                      0.99 kB │ gzip:   0.55 kB
dist/assets/useActionTaskTransition-BNzqHf1Q.js           1.00 kB │ gzip:   0.47 kB
dist/assets/index-D5DMOzD5.js                             1.03 kB │ gzip:   0.52 kB
dist/assets/index.module-CwBpcqrz.js                      1.04 kB │ gzip:   0.49 kB
dist/assets/useStudentProgress-CbhBDy_6.js                1.08 kB │ gzip:   0.57 kB
dist/assets/useQuery-a0R4T_7x.js                          1.16 kB │ gzip:   0.65 kB
dist/assets/createLucideIcon-FTOiPz3z.js                  1.17 kB │ gzip:   0.69 kB
dist/assets/useInfiniteQuery-BygZDrbo.js                  1.20 kB │ gzip:   0.52 kB
dist/assets/submissionState-DE3IwAlv.js                   1.20 kB │ gzip:   0.61 kB
dist/assets/index-DH3L6wJs.js                             1.21 kB │ gzip:   0.74 kB
dist/assets/staffRuntime-Tkh-rWbs.js                      1.26 kB │ gzip:   0.53 kB
dist/assets/index-ZqqZnow1.js                             1.32 kB │ gzip:   0.74 kB
dist/assets/TaskSubmissionFile-Di99ARLV.js                1.34 kB │ gzip:   0.73 kB
dist/assets/presentation-TyB4Hfc8.js                      1.36 kB │ gzip:   0.74 kB
dist/assets/index.module-C5M6Uii4.js                      1.39 kB │ gzip:   0.60 kB
dist/assets/formatting-HNDBKj0V.js                        1.42 kB │ gzip:   0.70 kB
dist/assets/advisingErrors-lrRc2HPr.js                    1.49 kB │ gzip:   0.48 kB
dist/assets/index-BjTNUvpt.js                             1.52 kB │ gzip:   0.81 kB
dist/assets/mockExamSummary-CdMxngtQ.js                   1.60 kB │ gzip:   0.74 kB
dist/assets/index-B52IFV13.js                             1.63 kB │ gzip:   0.86 kB
dist/assets/dateInput-_nuaB2VD.js                         1.87 kB │ gzip:   0.83 kB
dist/assets/useCourseAccess-CFOPCKc0.js                   1.94 kB │ gzip:   0.93 kB
dist/assets/dashboard-api-NAsDStTw.js                     2.00 kB │ gzip:   0.53 kB
dist/assets/index-DUbOH9-v.js                             2.00 kB │ gzip:   0.92 kB
dist/assets/admin-api-cdFHumIc.js                         2.11 kB │ gzip:   0.68 kB
dist/assets/workspace.module-DwnG9dCz.js                  2.14 kB │ gzip:   0.87 kB
dist/assets/quizAvailability-CHZLnFbC.js                  2.19 kB │ gzip:   0.82 kB
dist/assets/index-CqsnWQ4A.js                             2.20 kB │ gzip:   0.98 kB
dist/assets/useMutation-BEArEzE5.js                       2.21 kB │ gzip:   0.92 kB
dist/assets/advising.module-hdqHtIlo.js                   2.47 kB │ gzip:   1.08 kB
dist/assets/recordPresentation-B8fN98PV.js                2.48 kB │ gzip:   1.26 kB
dist/assets/index-DDckgUsz.js                             2.56 kB │ gzip:   1.02 kB
dist/assets/parseISO-3Li0EILj.js                          2.68 kB │ gzip:   1.22 kB
dist/assets/advisorViewModels-B2GAPZau.js                 2.86 kB │ gzip:   1.21 kB
dist/assets/index-B0FLePKg.js                             2.99 kB │ gzip:   1.39 kB
dist/assets/useQueries-CMWC3XkB.js                        3.23 kB │ gzip:   1.44 kB
dist/assets/quiz-api-2Ae8R3w2.js                          3.23 kB │ gzip:   0.66 kB
dist/assets/index-BB7TQKJC.js                             3.45 kB │ gzip:   1.53 kB
dist/assets/IntakePage-CVNyLrQv.js                        3.49 kB │ gzip:   1.32 kB
dist/assets/queryKeys-BvF8CK4w.js                         3.90 kB │ gzip:   1.44 kB
dist/assets/IntakeAssignmentEditor-C7cBHeB5.js            3.97 kB │ gzip:   1.56 kB
dist/assets/notificationPresentation-DkXzDSsC.js          4.06 kB │ gzip:   1.27 kB
dist/assets/parent-api-Dx24POUQ.js                        4.08 kB │ gzip:   1.04 kB
dist/assets/PdfMaterialPreview-CDu-EmEQ.js                4.14 kB │ gzip:   1.85 kB
dist/assets/index-BTq94GOq.js                             4.20 kB │ gzip:   1.86 kB
dist/assets/runtimeData-DMK4h4IT.js                       4.31 kB │ gzip:   1.33 kB
dist/assets/StudentSubmissionHistory-D91j8o_1.js          4.51 kB │ gzip:   1.71 kB
dist/assets/index-klJ5UZXA.js                             4.60 kB │ gzip:   1.88 kB
dist/assets/index-I-JqI8rb.js                             4.65 kB │ gzip:   1.92 kB
dist/assets/index-Zt4bsSJ8.js                             4.79 kB │ gzip:   2.10 kB
dist/assets/CourseCreatePage-CjXwHUFA.js                  4.80 kB │ gzip:   1.65 kB
dist/assets/index-Dk_SFiIK.js                             5.19 kB │ gzip:   2.07 kB
dist/assets/CreateIntakeDialog-BWHCbXnN.js                5.26 kB │ gzip:   1.72 kB
dist/assets/index-DXjjFQm6.js                             5.39 kB │ gzip:   1.97 kB
dist/assets/courseManagement-DBrQGyQJ.js                  5.46 kB │ gzip:   2.24 kB
dist/assets/mock-exam-api-CjH-krpF.js                     5.52 kB │ gzip:   1.07 kB
dist/assets/index-D5SN8rpG.js                             5.54 kB │ gzip:   2.09 kB
dist/assets/index-i7agUw-J.js                             5.70 kB │ gzip:   1.97 kB
dist/assets/index-BUqp_oYK.js                             5.86 kB │ gzip:   2.04 kB
dist/assets/index-CRuZLjjC.js                             6.19 kB │ gzip:   2.09 kB
dist/assets/index-B5RRat3N.js                             6.31 kB │ gzip:   2.24 kB
dist/assets/ExamsPage-DlHaJk7x.js                         6.46 kB │ gzip:   2.52 kB
dist/assets/assignment-api-fXaDU297.js                    6.48 kB │ gzip:   1.63 kB
dist/assets/index-BeHrktd0.js                             6.57 kB │ gzip:   2.06 kB
dist/assets/index-D6CG9yG_.js                             6.83 kB │ gzip:   2.65 kB
dist/assets/advisor-api-D2BHVVaZ.js                       7.12 kB │ gzip:   1.42 kB
dist/assets/OccurrenceRequests-CRMXGaR2.js                7.16 kB │ gzip:   2.80 kB
dist/assets/index-BrN5Cw8p.js                             7.29 kB │ gzip:   2.55 kB
dist/assets/index-DUM8-FdK.js                             7.36 kB │ gzip:   2.45 kB
dist/assets/index-CZDak_z2.js                             7.66 kB │ gzip:   2.51 kB
dist/assets/suspense-ksG4NTPG.js                          7.95 kB │ gzip:   2.91 kB
dist/assets/index-YitTsAMA.js                             8.10 kB │ gzip:   2.67 kB
dist/assets/AdvisorTasksPage-BiUbcTg4.js                  8.58 kB │ gzip:   2.80 kB
dist/assets/course-operations-api-DQ9ueWfJ.js             8.76 kB │ gzip:   1.73 kB
dist/assets/course-api-D_4D6VwA.js                        8.83 kB │ gzip:   1.60 kB
dist/assets/index-CF0rNGit.js                             8.91 kB │ gzip:   3.01 kB
dist/assets/AdvisorSchedulePage-BKqo3bZ_.js               9.06 kB │ gzip:   3.06 kB
dist/assets/Trans-W2p8Cc16.js                             9.11 kB │ gzip:   3.98 kB
dist/assets/index-DU5LWFnP.js                             9.20 kB │ gzip:   2.97 kB
dist/assets/index-__snUQs-.js                             9.50 kB │ gzip:   3.07 kB
dist/assets/index-CcseNThN.js                             9.97 kB │ gzip:   3.30 kB
dist/assets/index-DBZv2Z1z.js                            10.13 kB │ gzip:   2.89 kB
dist/assets/index-DjVHXpIl.js                            10.83 kB │ gzip:   3.89 kB
dist/assets/index-BQqyS6Dk.js                            11.09 kB │ gzip:   3.60 kB
dist/assets/index-gjU8Is0i.js                            11.42 kB │ gzip:   4.21 kB
dist/assets/index-CWYu9qlm.js                            11.48 kB │ gzip:   3.78 kB
dist/assets/AdvisorCoursesPage-CDYW9Hzf.js               11.83 kB │ gzip:   3.67 kB
dist/assets/ProfilePage-DwBCcUVn.js                      11.93 kB │ gzip:   3.32 kB
dist/assets/EnglishDateInput-B_APCvUA.js                 12.61 kB │ gzip:   4.44 kB
dist/assets/datetime-D-yd_08S.js                         13.38 kB │ gzip:   5.35 kB
dist/assets/index-DmI3Kyit.js                            14.48 kB │ gzip:   4.35 kB
dist/assets/index-C70eAmq1.js                            14.90 kB │ gzip:   5.16 kB
dist/assets/index-D8ZL4SD_.js                            16.16 kB │ gzip:   4.88 kB
dist/assets/index-CPZqOAW_.js                            17.22 kB │ gzip:   6.17 kB
dist/assets/index-BlHaY5LU.js                            17.77 kB │ gzip:   5.09 kB
dist/assets/format-BDcXb3H_.js                           18.97 kB │ gzip:   5.38 kB
dist/assets/ChatContent-CWM4Ozfz.js                      20.28 kB │ gzip:   7.30 kB
dist/assets/index-u8hzBBay.js                            20.40 kB │ gzip:   5.92 kB
dist/assets/ListeningSections-BYWmNSXj.js                21.25 kB │ gzip:   3.87 kB
dist/assets/index-CUevEsZb.js                            21.57 kB │ gzip:   6.00 kB
dist/assets/index-DIAPJodT.js                            21.91 kB │ gzip:   6.30 kB
dist/assets/index-DlurUx7b.js                            22.16 kB │ gzip:   5.60 kB
dist/assets/index-Dznw_gUZ.js                            22.61 kB │ gzip:   6.55 kB
dist/assets/SupportPage-Cno3Z9El.js                      23.23 kB │ gzip:   6.51 kB
dist/assets/Layout-Dy2nA1jO.js                           25.67 kB │ gzip:   8.71 kB
dist/assets/index-Bj_gjF3t.js                            25.92 kB │ gzip:   9.59 kB
dist/assets/index-BV3A1Q2_.js                            26.72 kB │ gzip:   8.73 kB
dist/assets/index-8sJwJyH3.js                            28.13 kB │ gzip:   8.57 kB
dist/assets/StudyPlanPage-B_XlJ96e.js                    28.56 kB │ gzip:   8.20 kB
dist/assets/CoursesPage-DcD_ZUMk.js                      30.84 kB │ gzip:   8.07 kB
dist/assets/index-D5uoCJwk.js                            31.10 kB │ gzip:   9.45 kB
dist/assets/index-DyO4BzQ3.js                            31.60 kB │ gzip:   8.05 kB
dist/assets/index-ClR3hqdY.js                            34.68 kB │ gzip:   8.83 kB
dist/assets/index-DSKEothQ.js                            34.88 kB │ gzip:  10.61 kB
dist/assets/index-COyuYueM.js                            41.81 kB │ gzip:  12.56 kB
dist/assets/index-BSZaTGWS.js                            41.82 kB │ gzip:  11.67 kB
dist/assets/index-CKT61FCj.js                            50.05 kB │ gzip:  12.41 kB
dist/assets/index-CVlfAkXG.js                            51.70 kB │ gzip:  14.24 kB
dist/assets/index-EqvU5WxD.js                            67.91 kB │ gzip:  15.50 kB
dist/assets/index-DCJaea2S.js                            69.18 kB │ gzip:  17.91 kB
dist/assets/index-qHZrA2nn.js                            96.20 kB │ gzip:  26.29 kB
dist/assets/index-DooV45Q8.js                           107.06 kB │ gzip:  28.60 kB
dist/assets/pdf-gh-BrLFn.js                             334.78 kB │ gzip:  98.38 kB
dist/assets/MarkdownMessage-nusk1y03.js                 438.00 kB │ gzip: 129.99 kB
dist/assets/index-e-vPaYzO.js                           461.41 kB │ gzip: 145.92 kB
dist/assets/index-fkSdl2DV.js                         1,018.02 kB │ gzip: 331.98 kB

(!) Some chunks are larger than 500 kB after minification. Consider:
- Using dynamic import() to code-split the application
- Use build.rollupOptions.output.manualChunks to improve chunking: https://rollupjs.org/configuration-options/#output-manualchunks
- Adjust chunk size limit for this warning via build.chunkSizeWarningLimit.
✓ built in 5.13s
