
> lms@0.0.0 test:e2e
> playwright test --workers=2

[WebServer] (node:57994) Warning: The 'NO_COLOR' env is ignored due to the 'FORCE_COLOR' env being set.
[WebServer] (Use `node --trace-warnings ...` to show where the warning was created)
[WebServer] (node:57994) [DEP0205] DeprecationWarning: `module.register()` is deprecated. Use `module.registerHooks()` instead.

Running 418 tests using 2 workers

(node:58000) Warning: The 'NO_COLOR' env is ignored due to the 'FORCE_COLOR' env being set.
(Use `node --trace-warnings ...` to show where the warning was created)
(node:57999) Warning: The 'NO_COLOR' env is ignored due to the 'FORCE_COLOR' env being set.
(Use `node --trace-warnings ...` to show where the warning was created)
  ✓    1 [chromium] › e2e/advisor-course-management.spec.ts:23:1 › owned-course workspace fills the desktop canvas and filters real records (611ms)
  ✓    2 [chromium] › e2e/advisor-course-management.spec.ts:40:1 › delivery workspace keeps its 8+4 hierarchy and uses versioned launch actions (912ms)
  ✓    3 [chromium] › e2e/advisor-course-release-audit.spec.ts:4:1 › release audit: class dates load on demand and failures stay in their own section (446ms)
  ✓    4 [chromium] › e2e/advisor-course-release-audit.spec.ts:40:1 › release audit: denied class dates remain a permission state, not an empty schedule (292ms)
  ✓    6 [chromium] › e2e/advisor-course-release-audit.spec.ts:87:1 › release audit: create group course sends the selected instructor and course-local dates (654ms)
  ✓    5 [chromium] › e2e/advisor-course-release-audit.spec.ts:51:1 › release audit: failed schedule writes retry idempotently and block launch across tabs (864ms)
  ✓    8 [chromium] › e2e/advisor-course-release-audit.spec.ts:126:1 › release audit: configuration error recovery hydrates the required version and saves real input (357ms)
  ✓    7 [chromium] › e2e/advisor-course-release-audit.spec.ts:108:1 › release audit: search, lifecycle and pagination use the owned-course query contract (476ms)
  ✓    9 [chromium] › e2e/advisor-course-release-audit.spec.ts:148:1 › release audit: only the precise config-not-found response enables first configuration (403ms)
  ✓   10 [chromium] › e2e/advisor-course-release-audit.spec.ts:165:1 › release audit: one-on-one, missing-version and published configurations cannot schedule here (712ms)
  ✓   11 [chromium] › e2e/advisor-course-release-audit.spec.ts:183:1 › release audit: direct schedule load generates course-local term dates through the documented endpoint (504ms)
  ✓   12 [chromium] › e2e/advisor-course-release-audit.spec.ts:198:1 › release audit: recurring edit and duplicate use complete templates and distinct idempotent operations (457ms)
  ✓   13 [chromium] › e2e/advisor-course-release-audit.spec.ts:227:1 › release audit: version conflict preserves input and retries with the refreshed version (410ms)
  ✓   15 [chromium] › e2e/advisor-course-release-audit.spec.ts:277:1 › release audit: changing course identity resets drafts even when versions coincide (343ms)
  ✓   14 [chromium] › e2e/advisor-course-release-audit.spec.ts:253:1 › release audit: returning to the list refreshes saved delivery data and summary counts (541ms)
  ✓   17 [chromium] › e2e/advisor-course-release-audit.spec.ts:330:1 › release audit: forbidden delivery must not enable scheduling writes (197ms)
  ✓   18 [chromium] › e2e/advisor-course-release-audit.spec.ts:338:1 › release audit: catalog input respects the consumed API maximum of 64 (335ms)
  ✓   19 [chromium] › e2e/advisor-course-release-audit.spec.ts:346:1 › release audit: maximum-length catalog codes stay within course cards (615ms)
  ✓   20 [chromium] › e2e/advisor-course-release-audit.spec.ts:370:1 › new group courses prepare recurring sessions before delivery locks their templates (765ms)
  ✓   21 [chromium] › e2e/advisor-course-release-audit.spec.ts:408:1 › ready courses can publish without repeating the draft readiness transition (676ms)
  ✓   22 [chromium] › e2e/advisor-course-release-audit.spec.ts:433:1 › publish rejection exposes current readiness blockers across delivery views (513ms)
  ✓   23 [chromium] › e2e/advisor-course-release-audit.spec.ts:454:1 › B1 course-not-found remains visible and only a successful empty response is an empty schedule (442ms)
  ✓   24 [chromium] › e2e/advisor-create-course-dialog.spec.ts:25:1 › both create entry points open a modal and return focus without moving the course list (548ms)
  ✓   16 [chromium] › e2e/advisor-course-release-audit.spec.ts:303:1 › release audit: course routes preserve the same shell and fit their actual scroll container (4.6s)
  ✓   25 [chromium] › e2e/advisor-create-course-dialog.spec.ts:62:3 › create course modal reflows and keeps every control reachable at 1440px (829ms)
  ✓   26 [chromium] › e2e/advisor-create-course-dialog.spec.ts:62:3 › create course modal reflows and keeps every control reachable at 768px (709ms)
  ✓   27 [chromium] › e2e/advisor-create-course-dialog.spec.ts:62:3 › create course modal reflows and keeps every control reachable at 390px (686ms)
  ✓   28 [chromium] › e2e/advisor-create-course-dialog.spec.ts:62:3 › create course modal reflows and keeps every control reachable at 320px (653ms)
  ✓   29 [chromium] › e2e/advisor-create-course-dialog.spec.ts:94:1 › pending creation blocks dismissal and retries preserve the payload and idempotency key (668ms)
  ✓   30 [chromium] › e2e/advisor-create-course-dialog.spec.ts:133:1 › date-order validation remains active inside the modal (538ms)
  ✓   31 [chromium] › e2e/advisor-student-figma.spec.ts:6:1 › multi-page student list stays within the smallest supported viewports (190ms)
  ✓   32 [chromium] › e2e/advisor-student-figma.spec.ts:26:1 › journey and progress reflow without exposing unknown-state request actions (552ms)
  ✓   33 [chromium] › e2e/advisor-student-figma.spec.ts:63:1 › one-to-one creation sends contract session enums and versioned payload (531ms)
  ✓   34 [chromium] › e2e/advisor-student-figma.spec.ts:97:1 › long returned course strings do not widen the course chooser (357ms)
  ✓   35 [chromium] › e2e/advisor-student-figma.spec.ts:114:1 › advisor student list keeps the Figma hierarchy across desktop and mobile (262ms)
  ✓   37 [chromium] › e2e/advisor-student-figma.spec.ts:210:1 › course search distinguishes an empty response from failure and can retry (585ms)
  ✓   36 [chromium] › e2e/advisor-student-figma.spec.ts:135:1 › add course loads the first 20 options and course cards expose returned schedules (752ms)
  ✓   38 [chromium] › e2e/advisor-student-figma.spec.ts:235:1 › a malformed course page cannot crash the course chooser (409ms)
  ✓   39 [chromium] › e2e/advisor-student-figma.spec.ts:246:1 › advisor exam cards and assignment dialog use the supported exam contract (709ms)
  ✓   40 [chromium] › e2e/advisor-version-history.spec.ts:6:1 › Advisor reads historic plan snapshots without changing the current draft or requesting unsupported profile history (801ms)
  ✓   41 [chromium] › e2e/all-role-responsive.spec.ts:57:3 › student shares the design scale and fits responsive widths in en (512ms)
  ✓   42 [chromium] › e2e/all-role-responsive.spec.ts:57:3 › student shares the design scale and fits responsive widths in zh-CN (644ms)
  ✓   43 [chromium] › e2e/all-role-responsive.spec.ts:57:3 › student shares the design scale and fits responsive widths in zh-TW (650ms)
  ✓   44 [chromium] › e2e/all-role-responsive.spec.ts:57:3 › advisor shares the design scale and fits responsive widths in en (594ms)
  ✓   45 [chromium] › e2e/all-role-responsive.spec.ts:57:3 › advisor shares the design scale and fits responsive widths in zh-CN (625ms)
  ✓   46 [chromium] › e2e/all-role-responsive.spec.ts:57:3 › advisor shares the design scale and fits responsive widths in zh-TW (672ms)
  ✓   47 [chromium] › e2e/all-role-responsive.spec.ts:57:3 › instructor shares the design scale and fits responsive widths in en (707ms)
  ✓   48 [chromium] › e2e/all-role-responsive.spec.ts:57:3 › instructor shares the design scale and fits responsive widths in zh-CN (724ms)
  ✓   49 [chromium] › e2e/all-role-responsive.spec.ts:57:3 › instructor shares the design scale and fits responsive widths in zh-TW (804ms)
  ✓   50 [chromium] › e2e/all-role-responsive.spec.ts:57:3 › combined-instructor-advisor shares the design scale and fits responsive widths in en (626ms)
  ✓   51 [chromium] › e2e/all-role-responsive.spec.ts:57:3 › combined-instructor-advisor shares the design scale and fits responsive widths in zh-CN (646ms)
  ✓   52 [chromium] › e2e/all-role-responsive.spec.ts:57:3 › combined-instructor-advisor shares the design scale and fits responsive widths in zh-TW (618ms)
  ✓   53 [chromium] › e2e/all-role-responsive.spec.ts:57:3 › counsellor shares the design scale and fits responsive widths in en (485ms)
  ✓   54 [chromium] › e2e/all-role-responsive.spec.ts:57:3 › counsellor shares the design scale and fits responsive widths in zh-CN (545ms)
  ✓   55 [chromium] › e2e/all-role-responsive.spec.ts:57:3 › counsellor shares the design scale and fits responsive widths in zh-TW (524ms)
  ✓   56 [chromium] › e2e/all-role-responsive.spec.ts:57:3 › parent shares the design scale and fits responsive widths in en (691ms)
  ✓   57 [chromium] › e2e/all-role-responsive.spec.ts:57:3 › parent shares the design scale and fits responsive widths in zh-CN (739ms)
  ✓   59 [chromium] › e2e/all-role-responsive.spec.ts:57:3 › tenant-admin shares the design scale and fits responsive widths in en (492ms)
  ✓   58 [chromium] › e2e/all-role-responsive.spec.ts:57:3 › parent shares the design scale and fits responsive widths in zh-TW (690ms)
  ✓   60 [chromium] › e2e/all-role-responsive.spec.ts:57:3 › tenant-admin shares the design scale and fits responsive widths in zh-CN (680ms)
  ✓   61 [chromium] › e2e/all-role-responsive.spec.ts:57:3 › tenant-admin shares the design scale and fits responsive widths in zh-TW (678ms)
  ✓   62 [chromium] › e2e/all-role-responsive.spec.ts:57:3 › system-admin shares the design scale and fits responsive widths in en (552ms)
  ✓   63 [chromium] › e2e/all-role-responsive.spec.ts:57:3 › system-admin shares the design scale and fits responsive widths in zh-CN (586ms)
  ✓   64 [chromium] › e2e/all-role-responsive.spec.ts:57:3 › system-admin shares the design scale and fits responsive widths in zh-TW (483ms)
  ✓   65 [chromium] › e2e/all-role-responsive.spec.ts:57:3 › student-exams shares the design scale and fits responsive widths in en (590ms)
  ✓   66 [chromium] › e2e/all-role-responsive.spec.ts:57:3 › student-exams shares the design scale and fits responsive widths in zh-CN (617ms)
  ✓   67 [chromium] › e2e/all-role-responsive.spec.ts:57:3 › student-exams shares the design scale and fits responsive widths in zh-TW (543ms)
  ✓   68 [chromium] › e2e/all-role-responsive.spec.ts:97:1 › student list filters still use the contract and opens the registered student route (239ms)
  ✓   69 [chromium] › e2e/all-role-responsive.spec.ts:108:1 › exam filters use supplied sections and states (337ms)
  ✓   70 [chromium] › e2e/all-role-responsive.spec.ts:118:1 › advisor support cards align with the student summary and show primary content without disclosure (382ms)
  ✓   71 [chromium] › e2e/auth-figma-responsive.spec.ts:4:3 › Figma authentication composition remains usable at every width: /login (372ms)
  ✓   72 [chromium] › e2e/auth-figma-responsive.spec.ts:4:3 › Figma authentication composition remains usable at every width: /forgotpassword (317ms)
  ✓   73 [chromium] › e2e/backend-fix-adaptation.spec.ts:26:71 › C1 reading replaces saved content and advances revision in en (523ms)
  ✓   74 [chromium] › e2e/backend-fix-adaptation.spec.ts:107:3 › C4 displays all paginated student identities before visiting them in zh-CN (595ms)
  ✓   75 [chromium] › e2e/backend-fix-adaptation.spec.ts:26:71 › C1 listening replaces saved content and advances revision in en (543ms)
  ✓   76 [chromium] › e2e/backend-fix-adaptation.spec.ts:26:71 › C1 reading replaces saved content and advances revision in zh-TW (532ms)
  ✓   77 [chromium] › e2e/backend-fix-adaptation.spec.ts:26:71 › C1 writing replaces saved content and advances revision in en (493ms)
  ✓   78 [chromium] › e2e/backend-fix-adaptation.spec.ts:26:71 › C1 listening replaces saved content and advances revision in zh-TW (512ms)
  ✓   79 [chromium] › e2e/backend-fix-adaptation.spec.ts:67:3 › C3 file-only completion uses uploaded taskVersion in en (258ms)
  ✓   80 [chromium] › e2e/backend-fix-adaptation.spec.ts:26:71 › C1 writing replaces saved content and advances revision in zh-TW (497ms)
  ✓   81 [chromium] › e2e/backend-fix-adaptation.spec.ts:107:3 › C4 displays all paginated student identities before visiting them in en (638ms)
  ✓   82 [chromium] › e2e/backend-fix-adaptation.spec.ts:67:3 › C3 file-only completion uses uploaded taskVersion in zh-TW (340ms)
  ✓   83 [chromium] › e2e/backend-fix-adaptation.spec.ts:26:71 › C1 reading replaces saved content and advances revision in zh-CN (507ms)
  ✓   84 [chromium] › e2e/backend-fix-adaptation.spec.ts:107:3 › C4 displays all paginated student identities before visiting them in zh-TW (561ms)
  ✓   85 [chromium] › e2e/backend-fix-adaptation.spec.ts:26:71 › C1 listening replaces saved content and advances revision in zh-CN (512ms)
  ✓   86 [chromium] › e2e/backend-fix-adaptation.spec.ts:129:1 › C1 conflict reloads authoring without retrying a stale PUT or overwriting the draft (533ms)
  ✓   87 [chromium] › e2e/backend-fix-adaptation.spec.ts:26:71 › C1 writing replaces saved content and advances revision in zh-CN (496ms)
  ✓   88 [chromium] › e2e/backend-fix-adaptation.spec.ts:160:1 › N1 shows the backend pending count independently of active tasks and refreshes both reads after approval (399ms)
  ✓   89 [chromium] › e2e/backend-fix-adaptation.spec.ts:67:3 › C3 file-only completion uses uploaded taskVersion in zh-CN (260ms)
  ✓   90 [chromium] › e2e/calendar-permission-audit.spec.ts:5:3 › instructor personal-event 403 and retry contract at /calendar (369ms)
  ✓   91 [chromium] › e2e/calendar-permission-audit.spec.ts:5:3 › instructor personal-event 403 and retry contract at /my-operations (489ms)
  ✓   92 [chromium] › e2e/client-delivery.spec.ts:20:1 › parent sees later linked students, nested academic data and independent learning errors (589ms)
  ✓   93 [chromium] › e2e/client-delivery.spec.ts:121:1 › parent report pagination and attachment failures preserve student boundaries (531ms)
  ✓   94 [chromium] › e2e/client-delivery.spec.ts:215:1 › system administration uses the managed-user contract without speculative tenant calls (407ms)
  ✓   96 [chromium] › e2e/client-functional-audit.spec.ts:6:1 › reading diagrams use the contracted passage sequence and question sort order (129ms)
  ✓   95 [chromium] › e2e/client-delivery.spec.ts:267:1 › writing grades keep drafts with their script and reuse the same request on retry (490ms)
  ✓   97 [chromium] › e2e/client-functional-audit.spec.ts:30:1 › an active writing response survives stale-query focus and reconnect events (137ms)
  ✓   98 [chromium] › e2e/client-functional-audit.spec.ts:58:1 › a partially failed media load allocates no orphaned blob URLs and can be retried (324ms)
  ✓   99 [chromium] › e2e/client-functional-audit.spec.ts:90:38 › first assignment upload, submission and read-only recovery work in en (1.9s)
  ✓  100 [chromium] › e2e/client-functional-audit.spec.ts:90:38 › first assignment upload, submission and read-only recovery work in zh-CN (2.0s)
  ✓  102 [chromium] › e2e/counsellor-dashboard.spec.ts:55:1 › counsellor workspace selects records and paginates using only existing reads (507ms)
  ✓  103 [chromium] › e2e/counsellor-dashboard.spec.ts:80:1 › all operational panels and controls fit the available viewport without scrolling (878ms)
  ✓  101 [chromium] › e2e/client-functional-audit.spec.ts:90:38 › first assignment upload, submission and read-only recovery work in zh-TW (1.8s)
  ✓  105 [chromium] › e2e/counsellor-dashboard.spec.ts:148:1 › empty unassigned queue offers creation without reconstructing assigned students (301ms)
  ✓  104 [chromium] › e2e/counsellor-dashboard.spec.ts:128:1 › small-screen help and parent-link failures keep actions visible (385ms)
  ✓  106 [chromium] › e2e/customer-error-states.spec.ts:16:3 › student shows contextual API failures at desktop and mobile widths (181ms)
  ✓  107 [chromium] › e2e/customer-error-states.spec.ts:16:3 › advisor shows contextual API failures at desktop and mobile widths (1.4s)
  ✓  108 [chromium] › e2e/customer-error-states.spec.ts:16:3 › counsellor shows contextual API failures at desktop and mobile widths (1.4s)
  ✓  109 [chromium] › e2e/customer-error-states.spec.ts:16:3 › parent shows contextual API failures at desktop and mobile widths (269ms)
  ✓  110 [chromium] › e2e/customer-error-states.spec.ts:16:3 › tenant administrator shows contextual API failures at desktop and mobile widths (193ms)
  ✓  112 [chromium] › e2e/customer-error-states.spec.ts:30:3 › Instructor grading-items server failure preserves retry and never claims an empty queue (488ms)
  ✓  113 [chromium] › e2e/customer-error-states.spec.ts:30:3 › Instructor grading-items network failure preserves retry and never claims an empty queue (212ms)
  ✓  114 [chromium] › e2e/customer-error-states.spec.ts:30:3 › Instructor grading-items missing payload failure preserves retry and never claims an empty queue (223ms)
  ✓  115 [chromium] › e2e/customer-error-states.spec.ts:60:1 › Combined instructor/advisor keeps failed teaching reads distinct from empty results (156ms)
  ✓  111 [chromium] › e2e/customer-error-states.spec.ts:16:3 › system administrator shows contextual API failures at desktop and mobile widths (1.4s)
  ✓  116 [chromium] › e2e/customer-error-states.spec.ts:70:1 › Student course and calendar read failures never masquerade as empty records (410ms)
  ✓  117 [chromium] › e2e/customer-error-states.spec.ts:87:3 › Student distinguishes COURSE_HOURS_NOT_FOUND from a failed balance read (389ms)
  ✓  118 [chromium] › e2e/customer-error-states.spec.ts:87:3 › Student distinguishes COURSE_NOT_FOUND from a failed balance read (387ms)
  ✓  119 [chromium] › e2e/customer-error-states.spec.ts:103:1 › Parent header opens the parent inbox without calling the forbidden learner notification API (391ms)
  ✓  121 [chromium] › e2e/dashboard-course-layout.spec.ts:40:1 › advisor schedule preserves available sessions and retries a failed course read (348ms)
  ✓  122 [chromium] › e2e/dashboard-detail-parity.spec.ts:7:1 › advisor priority, task transitions and dated schedule use the supplied API fields (768ms)
  ✓  123 [chromium] › e2e/dashboard-detail-parity.spec.ts:55:1 › system exam record and every protected section preview have actual read consumers (682ms)
  ✓  124 [chromium] › e2e/delivery-readiness.spec.ts:23:1 › reports use the student-wide zero-based feed and explicit report course identity (949ms)
  ✓  120 [chromium] › e2e/dashboard-course-layout.spec.ts:4:1 › student course cards keep two desktop slots regardless of enrolment count (3.1s)
  ✓  126 [chromium] › e2e/delivery-readiness.spec.ts:81:64 › legacy /post opens real courses without prototype controls (287ms)
  ✓  125 [chromium] › e2e/delivery-readiness.spec.ts:65:1 › login without a display name resolves the structured profile and preserves a single course slot (359ms)
  ✓  128 [chromium] › e2e/delivery-readiness.spec.ts:81:64 › legacy /create/assignment opens real courses without prototype controls (282ms)
  ✓  127 [chromium] › e2e/delivery-readiness.spec.ts:81:64 › legacy /post/1 opens real courses without prototype controls (286ms)
  ✓  129 [chromium] › e2e/delivery-readiness.spec.ts:90:1 › tenant header resolves its own directory name without calling a teaching profile (325ms)
  ✓  130 [chromium] › e2e/delivery-readiness.spec.ts:107:1 › mock assignment includes later cohort pages, structured names, and missing-paper guidance (427ms)
  ✓  132 [chromium] › e2e/disclosure-ui.spec.ts:77:3 › white course cards remain readable and date popovers never cover their anchor at 1440px (1.0s)
  ✓  131 [chromium] › e2e/disclosure-ui.spec.ts:32:3 › visible primary fields preserve drafts and optional skills reveal validation at 1440px (1.2s)
  ✓  134 [chromium] › e2e/disclosure-ui.spec.ts:77:3 › white course cards remain readable and date popovers never cover their anchor at 390px (855ms)
  ✓  133 [chromium] › e2e/disclosure-ui.spec.ts:32:3 › visible primary fields preserve drafts and optional skills reveal validation at 390px (1.2s)
  ✓  135 [chromium] › e2e/disclosure-ui.spec.ts:126:1 › intake keeps primary fields visible with native form validation (324ms)
  ✓  136 [chromium] › e2e/exam-navigation.spec.ts:9:3 › graded exam status and its filter agree in en (373ms)
  ✓  137 [chromium] › e2e/exam-navigation.spec.ts:9:3 › graded exam status and its filter agree in zh-CN (437ms)
  ✓  138 [chromium] › e2e/exam-navigation.spec.ts:9:3 › graded exam status and its filter agree in zh-TW (421ms)
  ✓  140 [chromium] › e2e/exam-navigation.spec.ts:69:3 › reading submits unanswered questions with empty values (387ms)
  ✓  139 [chromium] › e2e/exam-navigation.spec.ts:25:1 › exam navigation preserves answers and displays only released results (896ms)
  ✓  141 [chromium] › e2e/exam-navigation.spec.ts:69:3 › listening submits unanswered questions with empty values (402ms)
  ✓  142 [chromium] › e2e/exam-navigation.spec.ts:96:3 › submitted writing opens saved responses and feedback in en (507ms)
  ✓  143 [chromium] › e2e/exam-navigation.spec.ts:96:3 › submitted writing opens saved responses and feedback in zh-CN (501ms)
  ✓  145 [chromium] › e2e/exam-navigation.spec.ts:124:3 › an already-submitted reading section cannot start again during an active exam (286ms)
  ✓  144 [chromium] › e2e/exam-navigation.spec.ts:96:3 › submitted writing opens saved responses and feedback in zh-TW (520ms)
  ✓  146 [chromium] › e2e/exam-navigation.spec.ts:124:3 › an already-submitted listening section cannot start again during an active exam (264ms)
  ✓  148 [chromium] › e2e/figma-parity.spec.ts:51:1 › tasks use actual status counts and open their checkpoint (593ms)
  ✓  147 [chromium] › e2e/figma-parity.spec.ts:13:1 › course cards and material reader preserve real progress and discussion writes (1.5s)
  ✓  149 [chromium] › e2e/figma-parity.spec.ts:63:1 › profile uses released assessments and crops before uploading a photo (982ms)
  ✓  151 [chromium] › e2e/figma-parity.spec.ts:118:1 › advisor messages is a distinct directory and conversation workspace (432ms)
  ✓  150 [chromium] › e2e/figma-parity.spec.ts:85:1 › calendar retains local times and current versions when creating and editing (839ms)
  ✓  152 [chromium] › e2e/figma-parity.spec.ts:127:1 › TA membership preserves course permissions within the shared course design (505ms)
  ✓  154 [chromium] › e2e/figma-parity.spec.ts:147:1 › student has no unsupported AI entry or direct route (366ms)
  ✓  153 [chromium] › e2e/figma-parity.spec.ts:137:1 › advisor dashboard and students retain distinct workspaces at both breakpoints (821ms)
  ✓  155 [chromium] › e2e/group-readiness.spec.ts:17:3 › group names and failed roster recovery preserve identities in en (1.9s)
  ✓  156 [chromium] › e2e/group-readiness.spec.ts:17:3 › group names and failed roster recovery preserve identities in zh-CN (2.2s)
  ✓  158 [chromium] › e2e/group-readiness.spec.ts:51:1 › group rename prevents another save while the original request is pending (259ms)
  ✓  159 [chromium] › e2e/group-readiness.spec.ts:75:1 › pending group deletion locks competing actions and recovers for retry (318ms)
  ✓  160 [chromium] › e2e/group-readiness.spec.ts:111:1 › a pending student leave request cannot be repeated and failure retains the membership (365ms)
  ✓  161 [chromium] › e2e/i18n-exam-runner.spec.ts:60:3 › reading keeps original TFNG content, English answers and note drafts: en 390 (524ms)
  ✓  157 [chromium] › e2e/group-readiness.spec.ts:17:3 › group names and failed roster recovery preserve identities in zh-TW (2.0s)
  ✓  162 [chromium] › e2e/i18n-exam-runner.spec.ts:72:3 › listening keeps original question text, selected answers and playback speed: en 390 (529ms)
  ✓  163 [chromium] › e2e/i18n-exam-runner.spec.ts:60:3 › reading keeps original TFNG content, English answers and note drafts: zh-CN 1440 (604ms)
  ✓  164 [chromium] › e2e/i18n-exam-runner.spec.ts:83:3 › writing keeps the prompt, original image and response through failed submission: en 390 (533ms)
  ✓  165 [chromium] › e2e/i18n-exam-runner.spec.ts:72:3 › listening keeps original question text, selected answers and playback speed: zh-CN 1440 (530ms)
  ✓  166 [chromium] › e2e/i18n-exam-runner.spec.ts:60:3 › reading keeps original TFNG content, English answers and note drafts: en 1440 (637ms)
  ✓  167 [chromium] › e2e/i18n-exam-runner.spec.ts:83:3 › writing keeps the prompt, original image and response through failed submission: zh-CN 1440 (565ms)
  ✓  168 [chromium] › e2e/i18n-exam-runner.spec.ts:72:3 › listening keeps original question text, selected answers and playback speed: en 1440 (697ms)
  ✓  169 [chromium] › e2e/i18n-exam-runner.spec.ts:60:3 › reading keeps original TFNG content, English answers and note drafts: zh-TW 390 (718ms)
  ✓  170 [chromium] › e2e/i18n-exam-runner.spec.ts:83:3 › writing keeps the prompt, original image and response through failed submission: en 1440 (679ms)
  ✓  171 [chromium] › e2e/i18n-exam-runner.spec.ts:72:3 › listening keeps original question text, selected answers and playback speed: zh-TW 390 (712ms)
  ✓  172 [chromium] › e2e/i18n-exam-runner.spec.ts:60:3 › reading keeps original TFNG content, English answers and note drafts: zh-CN 390 (713ms)
  ✓  173 [chromium] › e2e/i18n-exam-runner.spec.ts:83:3 › writing keeps the prompt, original image and response through failed submission: zh-TW 390 (621ms)
  ✓  174 [chromium] › e2e/i18n-exam-runner.spec.ts:72:3 › listening keeps original question text, selected answers and playback speed: zh-CN 390 (611ms)
  ✓  175 [chromium] › e2e/i18n-exam-runner.spec.ts:60:3 › reading keeps original TFNG content, English answers and note drafts: zh-TW 1440 (638ms)
  ✓  176 [chromium] › e2e/i18n-exam-runner.spec.ts:83:3 › writing keeps the prompt, original image and response through failed submission: zh-CN 390 (480ms)
  ✓  177 [chromium] › e2e/i18n-exam-runner.spec.ts:72:3 › listening keeps original question text, selected answers and playback speed: zh-TW 1440 (580ms)
  ✓  179 [chromium] › e2e/i18n-exam-runner.spec.ts:83:3 › writing keeps the prompt, original image and response through failed submission: zh-TW 1440 (563ms)
  ✓  178 [chromium] › e2e/i18n-learning.spec.ts:69:3 › student checkpoint and advising message retries: en 390 (1.0s)
  ✓  180 [chromium] › e2e/i18n-learning.spec.ts:69:3 › student checkpoint and advising message retries: zh-CN 1440 (907ms)
  ✓  181 [chromium] › e2e/i18n-learning.spec.ts:135:3 › parent academic views and schedule retry: en 390 (2.4s)
  ✓  183 [chromium] › e2e/i18n-learning.spec.ts:180:3 › parent message draft and attachment retry: en 390 (727ms)
  ✓  182 [chromium] › e2e/i18n-learning.spec.ts:135:3 › parent academic views and schedule retry: zh-CN 1440 (2.4s)
  ✓  185 [chromium] › e2e/i18n-learning.spec.ts:180:3 › parent message draft and attachment retry: zh-CN 1440 (751ms)
  ✓  184 [chromium] › e2e/i18n-learning.spec.ts:211:3 › student learning reports and schedule retry: en 390 (1.0s)
  ✓  186 [chromium] › e2e/i18n-learning.spec.ts:211:3 › student learning reports and schedule retry: zh-CN 1440 (962ms)
  ✓  187 [chromium] › e2e/i18n-learning.spec.ts:69:3 › student checkpoint and advising message retries: en 1440 (923ms)
  ✓  188 [chromium] › e2e/i18n-learning.spec.ts:69:3 › student checkpoint and advising message retries: zh-TW 390 (952ms)
  ✓  189 [chromium] › e2e/i18n-learning.spec.ts:135:3 › parent academic views and schedule retry: en 1440 (2.4s)
  ✓  191 [chromium] › e2e/i18n-learning.spec.ts:180:3 › parent message draft and attachment retry: en 1440 (604ms)
  ✓  190 [chromium] › e2e/i18n-learning.spec.ts:135:3 › parent academic views and schedule retry: zh-TW 390 (2.3s)
  ✓  193 [chromium] › e2e/i18n-learning.spec.ts:180:3 › parent message draft and attachment retry: zh-TW 390 (646ms)
  ✓  192 [chromium] › e2e/i18n-learning.spec.ts:211:3 › student learning reports and schedule retry: en 1440 (1.1s)
  ✓  194 [chromium] › e2e/i18n-learning.spec.ts:211:3 › student learning reports and schedule retry: zh-TW 390 (994ms)
  ✓  195 [chromium] › e2e/i18n-learning.spec.ts:69:3 › student checkpoint and advising message retries: zh-CN 390 (961ms)
  ✓  196 [chromium] › e2e/i18n-learning.spec.ts:69:3 › student checkpoint and advising message retries: zh-TW 1440 (933ms)
  ✓  197 [chromium] › e2e/i18n-learning.spec.ts:135:3 › parent academic views and schedule retry: zh-CN 390 (2.3s)
  ✓  199 [chromium] › e2e/i18n-learning.spec.ts:180:3 › parent message draft and attachment retry: zh-CN 390 (594ms)
  ✓  198 [chromium] › e2e/i18n-learning.spec.ts:135:3 › parent academic views and schedule retry: zh-TW 1440 (2.3s)
  ✓  201 [chromium] › e2e/i18n-learning.spec.ts:180:3 › parent message draft and attachment retry: zh-TW 1440 (634ms)
  ✓  200 [chromium] › e2e/i18n-learning.spec.ts:211:3 › student learning reports and schedule retry: zh-CN 390 (932ms)
  ✓  203 [chromium] › e2e/i18n-native-validation.spec.ts:4:1 › browser-native constraints follow the product locale and retain input values (750ms)
  ✓  202 [chromium] › e2e/i18n-learning.spec.ts:211:3 › student learning reports and schedule retry: zh-TW 1440 (989ms)
  ✓  205 [chromium] › e2e/ielts-product-scope.spec.ts:5:3 › INSTRUCTOR coursework and calendar never request legacy Quiz data (1.5s)
  ✓  204 [chromium] › e2e/ielts-product-scope.spec.ts:5:3 › STUDENT coursework and calendar never request legacy Quiz data (1.9s)
  ✓  207 [chromium] › e2e/ielts-product-scope.spec.ts:59:3 › retired route /course/71/quizzes/new opens the normal missing-page state (485ms)
  ✓  206 [chromium] › e2e/ielts-product-scope.spec.ts:36:1 › legacy Quiz deadlines and grading buckets do not become IELTS tasks (1.2s)
  ✓  208 [chromium] › e2e/ielts-product-scope.spec.ts:59:3 › retired route /course/71/quizzes/91 opens the normal missing-page state (423ms)
  ✓  209 [chromium] › e2e/ielts-product-scope.spec.ts:59:3 › retired route /course/71/quizzes/91/edit opens the normal missing-page state (375ms)
  ✓  210 [chromium] › e2e/ielts-product-scope.spec.ts:59:3 › retired route /course/71/quizzes/91/grading opens the normal missing-page state (502ms)
  ✓  211 [chromium] › e2e/instructor-roster-navigation.spec.ts:27:1 › instructor opens the learner roster, reads names, filters and returns to the course list (1.2s)
  ✓  212 [chromium] › e2e/instructor-roster-navigation.spec.ts:60:1 › a roster opened from course overview returns there, then back to the catalogue (1.6s)
  ✓  213 [chromium] › e2e/instructor-roster-navigation.spec.ts:73:1 › mobile roster deep links display structured names and keep a usable parent route (653ms)
  ✓  214 [chromium] › e2e/instructor-roster-navigation.spec.ts:84:1 › course TAs do not receive an instructor-only learner roster shortcut (1.3s)
  ✓  216 [chromium] › e2e/instructor-weeks.spec.ts:212:1 › Summary partial save, readback, publish and reorder use the supported contracts (2.2s)
  ✓  215 [chromium] › e2e/instructor-weeks.spec.ts:166:1 › Weeks use one detail with filtering, paging and persistent selection (4.2s)
  ✓  217 [chromium] › e2e/instructor-weeks.spec.ts:252:3 › Overview omitSummary preserves entered text (914ms)
  ✓  218 [chromium] › e2e/instructor-weeks.spec.ts:252:3 › Overview failRead preserves entered text (2.0s)
  ✓  219 [chromium] › e2e/instructor-weeks.spec.ts:252:3 › Overview failPatch preserves entered text (2.2s)
  ✓  221 [chromium] › e2e/instructor-weeks.spec.ts:317:3 › Week workspace layout and material tools at 1600px (2.0s)
  ✓  222 [chromium] › e2e/instructor-weeks.spec.ts:317:3 › Week workspace layout and material tools at 1280px (1.2s)
  ✓  220 [chromium] › e2e/instructor-weeks.spec.ts:274:1 › Create and delete an empty week; download ZIP; archived content stays read-only (4.3s)
  ✓  223 [chromium] › e2e/instructor-weeks.spec.ts:317:3 › Week workspace layout and material tools at 1024px (1.3s)
  ✓  225 [chromium] › e2e/instructor-weeks.spec.ts:387:1 › Overview detail read fills a missing list projection without blocking materials (643ms)
  ✓  224 [chromium] › e2e/instructor-weeks.spec.ts:317:3 › Week workspace layout and material tools at 390px (1.4s)
  ✓  226 [chromium] › e2e/instructor-weeks.spec.ts:408:1 › Instructor material menu on a phone deletes only the fixture uploader's own draft material (1.2s)
  ✓  227 [chromium] › e2e/instructor-weeks.spec.ts:436:1 › Course editor preserves structured instructor names and sends only changed fields (1.2s)
  ✓  228 [chromium] › e2e/instructor-weeks.spec.ts:480:1 › Unconfirmed new overview cannot repeat creation through Enter (944ms)
  ✓  230 [chromium] › e2e/instructor-weeks.spec.ts:521:1 › configured course instructor can upload the required syllabus without course administration (1.7s)
  ✓  229 [chromium] › e2e/instructor-weeks.spec.ts:505:1 › configured delivery keeps instructor week authoring independent of course administration (2.4s)
  ✓  232 [chromium] › e2e/instructor-workspace-design.spec.ts:24:1 › An unavailable grading queue with an empty fallback never claims zero pending (1.1s)
  ✓  231 [chromium] › e2e/instructor-workspace-design.spec.ts:5:1 › Pending report saves freeze inputs and preserve the submitted snapshot (1.4s)
  ✓  233 [chromium] › e2e/instructor-workspace-design.spec.ts:34:1 › An unresolved grading projection never appears as an empty queue (607ms)
  ✓  234 [chromium] › e2e/instructor-workspace-design.spec.ts:51:1 › Material links with ambiguous identities remain read-only (1.5s)
  ✓  236 [chromium] › e2e/instructor-workspace-design.spec.ts:106:1 › Attendance conflicts preserve choices and disable repeat stale writes (1.4s)
  ✓  235 [chromium] › e2e/instructor-workspace-design.spec.ts:61:1 › Instructor course workflows preserve versions, publishing rules, and protected material actions (3.6s)
  ✓  237 [chromium] › e2e/instructor-workspace-design.spec.ts:117:1 › Missing attendance version never produces a write (1.2s)
  ✓  238 [chromium] › e2e/instructor-workspace-design.spec.ts:125:1 › Writing grading keeps the score and feedback workflow (740ms)
  ✓  239 [chromium] › e2e/instructor-workspace-design.spec.ts:135:1 › Instructor can inspect dates and attendance without Advisor schedule actions (1.3s)
  ✓  240 [chromium] › e2e/instructor-workspace-design.spec.ts:148:1 › Course downloads, roster search and availability retain existing API flows (2.3s)
  ✓  241 [chromium] › e2e/instructor-workspace-design.spec.ts:174:3 › Instructor surfaces align at 2560px with no horizontal overflow (12.1s)
  ✓  242 [chromium] › e2e/instructor-workspace-design.spec.ts:174:3 › Instructor surfaces align at 1920px with no horizontal overflow (12.3s)
  ✓  243 [chromium] › e2e/instructor-workspace-design.spec.ts:174:3 › Instructor surfaces align at 1600px with no horizontal overflow (11.8s)
  ✓  244 [chromium] › e2e/instructor-workspace-design.spec.ts:174:3 › Instructor surfaces align at 1440px with no horizontal overflow (12.3s)
  ✓  245 [chromium] › e2e/instructor-workspace-design.spec.ts:174:3 › Instructor surfaces align at 1024px with no horizontal overflow (12.3s)
  ✓  246 [chromium] › e2e/instructor-workspace-design.spec.ts:174:3 › Instructor surfaces align at 768px with no horizontal overflow (11.6s)
  ✓  247 [chromium] › e2e/instructor-workspace-design.spec.ts:174:3 › Instructor surfaces align at 390px with no horizontal overflow (9.5s)
  ✓  249 [chromium] › e2e/latest-role-contracts.spec.ts:4:1 › Student message pagination follows the server cursor and stops at hasMore false (549ms)
  ✓  250 [chromium] › e2e/latest-role-contracts.spec.ts:20:1 › Parent calendar uses the date-window contract and displays UTC session times (590ms)
  ✓  248 [chromium] › e2e/instructor-workspace-design.spec.ts:174:3 › Instructor surfaces align at 320px with no horizontal overflow (9.3s)
  ✓  251 [chromium] › e2e/login.smoke.spec.ts:3:1 › login page is reachable (351ms)
  ✓  253 [chromium] › e2e/material-reader.spec.ts:134:1 › a corrupt PDF has a recoverable error and retries protected preview bytes (1.4s)
  ✓  252 [chromium] › e2e/material-reader.spec.ts:25:1 › course materials preview actual media, retry failures and preserve ordered navigation (2.1s)
  ✓  255 [chromium] › e2e/materials-task-alignment.spec.ts:62:1 › single material opens immediately and download actions use the existing file and ZIP routes (847ms)
  ✓  254 [chromium] › e2e/materials-task-alignment.spec.ts:23:1 › student materials are expanded, aligned, and independently collapsible (1.4s)
  ✓  257 [chromium] › e2e/materials-task-alignment.spec.ts:116:1 › material errors follow the selected locale and allow download retry (798ms)
  ✓  256 [chromium] › e2e/materials-task-alignment.spec.ts:82:1 › unit selection and material search combine, persist and recover from no results (1.4s)
  ✓  259 [chromium] › e2e/materials-task-alignment.spec.ts:183:1 › advisor dashboard task tags share columns and keyboard targets remain visible (800ms)
  ✓  258 [chromium] › e2e/materials-task-alignment.spec.ts:153:1 › advisor status, priority and action columns remain aligned when actions differ (1.2s)
  ✓  261 [chromium] › e2e/mock-exam-authoring.spec.ts:158:3 › long multilingual content remains usable at 320px (613ms)
  ✓  262 [chromium] › e2e/mock-exam-authoring.spec.ts:158:3 › long multilingual content remains usable at 768px (580ms)
  ✓  260 [chromium] › e2e/materials-task-alignment.spec.ts:201:1 › course materials and action tasks switch locale and retain it after reload (2.3s)
  ✓  263 [chromium] › e2e/mock-exam-authoring.spec.ts:195:3 › guided authoring, preview, review and retry at 1752px (1.3s)
  ✓  264 [chromium] › e2e/mock-exam-authoring.spec.ts:195:3 › guided authoring, preview, review and retry at 1440px (1.1s)
  ✓  265 [chromium] › e2e/mock-exam-authoring.spec.ts:195:3 › guided authoring, preview, review and retry at 1024px (1.1s)
  ✓  266 [chromium] › e2e/mock-exam-authoring.spec.ts:195:3 › guided authoring, preview, review and retry at 390px (1.2s)
  ✓  267 [chromium] › e2e/mock-exam-authoring.spec.ts:382:3 › complete Reading file import previews and posts once at 1440px (1.2s)
  ✓  268 [chromium] › e2e/mock-exam-authoring.spec.ts:382:3 › complete Reading file import previews and posts once at 768px (1.4s)
  ✓  269 [chromium] › e2e/mock-exam-authoring.spec.ts:382:3 › complete Reading file import previews and posts once at 390px (1.6s)
  ✓  270 [chromium] › e2e/mock-exam-authoring.spec.ts:382:3 › complete Reading file import previews and posts once at 320px (1.4s)
  ✓  271 [chromium] › e2e/mock-exam-authoring.spec.ts:490:3 › Reading import modal preserves input and keyboard focus at 1440px (1.1s)
  ✓  272 [chromium] › e2e/mock-exam-authoring.spec.ts:490:3 › Reading import modal preserves input and keyboard focus at 390px (707ms)
  ✓  273 [chromium] › e2e/mock-exam-authoring.spec.ts:592:1 › Reading paste import protects existing work and rejects invalid media references (763ms)
  ✓  274 [chromium] › e2e/mock-exam-authoring.spec.ts:644:1 › reading and writing use text fields and retain drafts across section navigation (1.1s)
  ✓  275 [chromium] › e2e/mock-exam-authoring.spec.ts:700:1 › discard confirms its scope, preserves another section and does not delete uploaded media (1.3s)
  ✓  276 [chromium] › e2e/mock-exam-authoring.spec.ts:731:1 › review finds hidden-part errors and changing a type never silently clears content (503ms)
  ✓  277 [chromium] › e2e/mock-exam-authoring.spec.ts:762:1 › official answers reject invalid input and save equivalent alternatives through retry (688ms)
  ✓  278 [chromium] › e2e/navigation-controls.spec.ts:49:3 › student: compact Back retains its tooltip, keyboard action and locale (1.2s)
  ✓  279 [chromium] › e2e/navigation-controls.spec.ts:49:3 › instructor: compact Back retains its tooltip, keyboard action and locale (984ms)
  ✓  280 [chromium] › e2e/navigation-controls.spec.ts:49:3 › advisor: compact Back retains its tooltip, keyboard action and locale (1.1s)
  ✓  281 [chromium] › e2e/navigation-controls.spec.ts:49:3 › instructor-advisor: compact Back retains its tooltip, keyboard action and locale (1.2s)
  ✓  282 [chromium] › e2e/navigation-controls.spec.ts:49:3 › counsellor: compact Back retains its tooltip, keyboard action and locale (1.1s)
  ✓  283 [chromium] › e2e/navigation-controls.spec.ts:49:3 › parent: compact Back retains its tooltip, keyboard action and locale (1.2s)
  ✓  284 [chromium] › e2e/navigation-controls.spec.ts:49:3 › tenant-admin: compact Back retains its tooltip, keyboard action and locale (1.1s)
  ✓  286 [chromium] › e2e/navigation-controls.spec.ts:84:3 › advisor: pagination and text-only return work in en (685ms)
  ✓  285 [chromium] › e2e/navigation-controls.spec.ts:49:3 › system-admin: compact Back retains its tooltip, keyboard action and locale (1.2s)
  ✓  287 [chromium] › e2e/navigation-controls.spec.ts:84:3 › advisor: pagination and text-only return work in zh-CN (954ms)
  ✓  288 [chromium] › e2e/navigation-controls.spec.ts:84:3 › advisor: pagination and text-only return work in zh-TW (1.0s)
  ✓  289 [chromium] › e2e/one-to-one-course-dialog.spec.ts:43:3 › one-to-one update opens beside add, preserves the schedule and retries safely: en 390 (1.7s)
  ✓  290 [chromium] › e2e/one-to-one-course-dialog.spec.ts:43:3 › one-to-one update opens beside add, preserves the schedule and retries safely: zh-CN 1440 (1.7s)
  ✓  291 [chromium] › e2e/one-to-one-course-dialog.spec.ts:43:3 › one-to-one update opens beside add, preserves the schedule and retries safely: en 1440 (1.7s)
  ✓  292 [chromium] › e2e/one-to-one-course-dialog.spec.ts:43:3 › one-to-one update opens beside add, preserves the schedule and retries safely: zh-TW 390 (1.7s)
  ✓  293 [chromium] › e2e/one-to-one-course-dialog.spec.ts:43:3 › one-to-one update opens beside add, preserves the schedule and retries safely: zh-CN 390 (1.6s)
  ✓  294 [chromium] › e2e/one-to-one-course-dialog.spec.ts:43:3 › one-to-one update opens beside add, preserves the schedule and retries safely: zh-TW 1440 (2.3s)
  ✓  296 [chromium] › e2e/operations-dialog-regressions.spec.ts:48:3 › counsellor create uses the shared intake modal at 1440px (640ms)
  ✓  295 [chromium] › e2e/operations-dialog-regressions.spec.ts:22:3 › enrollment opens a contained modal with a usable reason at 1440px (1.5s)
  ✓  298 [chromium] › e2e/operations-dialog-regressions.spec.ts:48:3 › counsellor create uses the shared intake modal at 390px (879ms)
  ✓  297 [chromium] › e2e/operations-dialog-regressions.spec.ts:22:3 › enrollment opens a contained modal with a usable reason at 390px (1.4s)
  ✓  299 [chromium] › e2e/operations-dialog-regressions.spec.ts:22:3 › enrollment opens a contained modal with a usable reason at 320px (1.3s)
  ✓  300 [chromium] › e2e/operations-dialog-regressions.spec.ts:48:3 › counsellor create uses the shared intake modal at 320px (965ms)
  ✓  302 [chromium] › e2e/operations-dialog-regressions.spec.ts:94:1 › enrollment conflict requires an explicit reload and preserves the reason (1.1s)
  ✓  301 [chromium] › e2e/operations-dialog-regressions.spec.ts:70:1 › withdrawal preserves the reason and idempotency key after failure (1.4s)
  ✓  303 [chromium] › e2e/operations-dialog-regressions.spec.ts:123:1 › counsellor creation retains its API, pending lock and retry key (851ms)
  ✓  305 [chromium] › e2e/operations-dialog-regressions.spec.ts:193:1 › course readiness fraction remains centered within its circle (524ms)
  ✓  304 [chromium] › e2e/operations-dialog-regressions.spec.ts:158:1 › owner picker keeps radio, identity and role in one row inside an owner form (2.0s)
  ✓  306 [chromium] › e2e/parent-navigation.spec.ts:41:1 › Parent areas and focused subviews keep student context across navigation and history (2.3s)
  ✓  308 [chromium] › e2e/parent-navigation.spec.ts:109:1 › a schedule change uses the selected student and preserves contracted wall-clock values (1.4s)
  ✓  309 [chromium] › e2e/parent-pagination.spec.ts:4:1 › parent cursor messages and paginated notifications remain usable after switching sections (1.7s)
  ✓  310 [chromium] › e2e/production-contract-followup.spec.ts:5:3 › roster treats 403 as unavailable and hides membership actions (617ms)
  ✓  311 [chromium] › e2e/production-contract-followup.spec.ts:5:3 › roster treats 404 as unavailable and hides membership actions (529ms)
  ✓  312 [chromium] › e2e/production-contract-followup.spec.ts:20:1 › inactive Instructor enrollment cannot open the roster or upload materials (632ms)
  ✓  313 [chromium] › e2e/production-contract-followup.spec.ts:31:1 › Instructor uploads files and links with browser multipart boundaries without material-management grants (2.1s)
  ✓  314 [chromium] › e2e/production-function-regressions.spec.ts:16:3 › availability retry, selection isolation and reload preserve en (1.5s)
  ✓  315 [chromium] › e2e/production-function-regressions.spec.ts:16:3 › availability retry, selection isolation and reload preserve zh-CN (1.4s)
  ✓  316 [chromium] › e2e/production-function-regressions.spec.ts:16:3 › availability retry, selection isolation and reload preserve zh-TW (1.5s)
  ✓  317 [chromium] › e2e/production-function-regressions.spec.ts:65:3 › student dashboard classifies study-plan 404 USER_NOT_FOUND (697ms)
  ✓  318 [chromium] › e2e/production-function-regressions.spec.ts:65:3 › student dashboard classifies study-plan 404 NOT_FOUND (618ms)
  ✓  307 [chromium] › e2e/parent-navigation.spec.ts:70:1 › Parent navigation and content fit desktop, tablet and mobile (15.5s)
  ✓  319 [chromium] › e2e/production-function-regressions.spec.ts:65:3 › student dashboard classifies study-plan 404 STUDY_PLAN_NOT_FOUND (1.3s)
  ✓  320 [chromium] › e2e/production-function-regressions.spec.ts:84:1 › student messages expose read and attachment failures without unhandled errors (802ms)
  ✓  321 [chromium] › e2e/production-function-regressions.spec.ts:116:1 › course enrollment recovers missing launch versions through the delivery read (1.0s)
  ✓  323 [chromium] › e2e/record-workspace-polish.spec.ts:285:1 › profile saves its reviewed version and support attachments retain the actual send contract (1.3s)
  ✓  324 [chromium] › e2e/record-workspace-polish.spec.ts:322:1 › tenant record combines same-student intake and parent management with versioned reassignment (4.2s)
  ✓  325 [chromium] › e2e/record-workspace-polish.spec.ts:479:1 › support report links and course changes retain their own IDs and reviewed versions (2.1s)
  ✓  326 [chromium] › e2e/responsive-layout.spec.ts:70:1 › student dashboard fills its fluid workspace from mobile through ultra-wide viewports (1.6s)
  ✓  322 [chromium] › e2e/record-workspace-polish.spec.ts:178:1 › advisor record pages share aligned panels and discoverable navigation at desktop and phone sizes (9.9s)
  ✓  328 [chromium] › e2e/rich-text-formatting.spec.ts:11:1 › teacher can remove bold formatting and a newly selected annotated file (2.3s)
  ✓  327 [chromium] › e2e/responsive-layout.spec.ts:114:1 › shared shell keeps every role navigation label readable on desktop (4.6s)
  ✓  329 [chromium] › e2e/role-contract-audit.spec.ts:12:1 › parent can request absence, read exam results, load older messages, and retry without duplicate messages (2.1s)
  ✓  331 [chromium] › e2e/role-contract-audit.spec.ts:130:3 › STUDENT cannot enter another role's workspace or call its APIs (498ms)
  ✓  332 [chromium] › e2e/role-contract-audit.spec.ts:130:3 › INSTRUCTOR cannot enter another role's workspace or call its APIs (555ms)
  ✓  333 [chromium] › e2e/role-contract-audit.spec.ts:130:3 › ADVISOR cannot enter another role's workspace or call its APIs (301ms)
  ✓  330 [chromium] › e2e/role-contract-audit.spec.ts:82:1 › student operations distinguish unavailable alerts and preserve event detail version across a retry (1.6s)
  ✓  334 [chromium] › e2e/role-contract-audit.spec.ts:130:3 › COUNSELLOR cannot enter another role's workspace or call its APIs (398ms)
  ✓  335 [chromium] › e2e/role-contract-audit.spec.ts:130:3 › PARENT cannot enter another role's workspace or call its APIs (429ms)
  ✓  336 [chromium] › e2e/role-contract-audit.spec.ts:130:3 › NOT_APPLICABLE cannot enter another role's workspace or call its APIs (389ms)
  ✓  338 [chromium] › e2e/role-interactions.spec.ts:87:1 › student dashboard keeps unsupported AI unavailable (361ms)
  ✓  337 [chromium] › e2e/role-interactions.spec.ts:52:1 › student can enter both learning products but not advisor operations (1.2s)
  ✓  339 [chromium] › e2e/role-interactions.spec.ts:96:1 › instructor dashboard uses teaching data and availability edits preserve every record (1.9s)
  ✓  340 [chromium] › e2e/role-interactions.spec.ts:184:1 › advisor can assign a published mock exam and cannot enter Vocabulary (1.6s)
  ✓  342 [chromium] › e2e/role-interactions.spec.ts:286:1 › student advising view presents profile, plan, and tasks with scannable hierarchy (941ms)
  ✓  343 [chromium] › e2e/role-interactions.spec.ts:303:1 › non-student roles remain outside Vocabulary and parent stays outside standalone mock exams (689ms)
  ✓  344 [chromium] › e2e/role-interactions.spec.ts:313:1 › counsellor dashboard keeps count help contextual and the create form marks contract requirements (1.0s)
  ✓  341 [chromium] › e2e/role-interactions.spec.ts:235:1 › advisor profile and study-plan editors explain record semantics and progressively disclose detail (3.2s)
  ✓  345 [chromium] › e2e/role-interactions.spec.ts:334:1 › counsellor completes intake, parent link, edit, and first advisor handover as one workflow (1.1s)
  ✓  346 [chromium] › e2e/role-interactions.spec.ts:474:1 › tenant intake rows, filters, management panel, and advisor dialog stay aligned and actionable (1.0s)
  ✓  347 [chromium] › e2e/role-interactions.spec.ts:512:1 › tenant admin never sees or requests the system course catalogue (500ms)
  ✓  349 [chromium] › e2e/role-interactions.spec.ts:629:1 › tenant admin reviews protected mock-exam media and publishes only after three-section preflight (893ms)
  ✓  348 [chromium] › e2e/role-interactions.spec.ts:537:1 › tenant admin can complete governance work using only the handoff routes (1.8s)
  ✓  350 [chromium] › e2e/role-interactions.spec.ts:691:1 › creating a mock-exam draft opens the new version builder immediately (1.1s)
  ✓  351 [chromium] › e2e/session-tab-isolation.spec.ts:7:1 › another tab switches identity, clears the old settings draft, and follows logout (2.1s)
  ✓  352 [chromium] › e2e/settings-draft-retention.spec.ts:6:1 › saving notifications preserves an unsaved account draft through failure and retry (2.2s)
  ✓  353 [chromium] › e2e/settings-draft-retention.spec.ts:40:1 › an account save preserves later edits and unsaved notification preferences (1.4s)
  ✓  354 [chromium] › e2e/shared-course-cards.spec.ts:53:3 › student reuses the course card at desktop, tablet and mobile widths (1.6s)
  ✓  355 [chromium] › e2e/shared-course-cards.spec.ts:53:3 › instructor reuses the course card at desktop, tablet and mobile widths (1.7s)
  ✓  356 [chromium] › e2e/shared-course-cards.spec.ts:53:3 › advisor-owned reuses the course card at desktop, tablet and mobile widths (1.7s)
  ✓  357 [chromium] › e2e/shared-course-cards.spec.ts:53:3 › advisor-student reuses the course card at desktop, tablet and mobile widths (1.8s)
  ✓  358 [chromium] › e2e/shared-course-cards.spec.ts:53:3 › parent reuses the course card at desktop, tablet and mobile widths (1.9s)
  ✓  359 [chromium] › e2e/shared-course-cards.spec.ts:100:1 › course filtering, pagination, list view and details follow Student lifecycle filters (922ms)
  ✓  360 [chromium] › e2e/shared-course-cards.spec.ts:129:1 › system admin retains course actions without student progress (699ms)
  ✓  361 [chromium] › e2e/shared-course-cards.spec.ts:142:1 › instructor-advisor preserves both staff destinations (636ms)
  ✓  362 [chromium] › e2e/shared-course-cards.spec.ts:151:1 › schedule failure stays retryable and reduced motion keeps the accent instant (1.7s)
  ✓  363 [chromium] › e2e/shared-course-cards.spec.ts:168:1 › missing schedule data is an error, not an empty schedule (1.6s)
  ✓  364 [chromium] › e2e/shared-course-cards.spec.ts:176:1 › manager archive, restore and confirmed delete preserve API methods and failures (1.1s)
  ✓  365 [chromium] › e2e/shared-course-cards.spec.ts:225:1 › long course data, open enrollment controls and touch targets fit a narrow screen (1.2s)
  ✓  367 [chromium] › e2e/student-checkpoint-design.spec.ts:64:1 › Figma task workspace filters, sorts, paginates, and fits mobile details (907ms)
  ✓  366 [chromium] › e2e/student-checkpoint-design.spec.ts:33:1 › Figma task workspace preserves drafts, uses versioned mutations, and supports deep links (1.4s)
  ✓  368 [chromium] › e2e/student-checkpoint-design.spec.ts:86:1 › stale task and checkpoint links recover without routing to a missing screen (1.1s)
  ✓  369 [chromium] › e2e/student-checkpoint-design.spec.ts:99:1 › checkpoint layout reflows across viewport sizes without fixed page widths (897ms)
  ✓  371 [chromium] › e2e/student-refinement.spec.ts:77:1 › learning details use course filters, published reports, and dated schedule requests (1.7s)
  ✓  372 [chromium] › e2e/student-refinement.spec.ts:112:1 › discussion preserves a failed draft and submits reply attachments without a nested thread (1.0s)
  ✓  370 [chromium] › e2e/student-refinement.spec.ts:43:1 › student dashboard, learning overview, and discussion retain their reference composition (3.2s)
  ✓  373 [chromium] › e2e/system-admin-design.spec.ts:143:3 › system admin surfaces are localized and responsive: en (5.1s)
  ✓  374 [chromium] › e2e/system-admin-design.spec.ts:143:3 › system admin surfaces are localized and responsive: zh-CN (5.0s)
  ✓  376 [chromium] › e2e/system-admin-design.spec.ts:234:1 › system identity actions preserve confirmation and contract scope (898ms)
  ✓  377 [chromium] › e2e/system-admin-design.spec.ts:285:1 › system course search sends explicit contract filters (628ms)
  ✓  378 [chromium] › e2e/teaching-activity-time.spec.ts:12:5 › en activity time in America/Los_Angeles › course-local and offset timestamps represent the same past event after reload (966ms)
  ✓  379 [chromium] › e2e/teaching-activity-time.spec.ts:12:5 › zh-CN activity time in Asia/Shanghai › course-local and offset timestamps represent the same past event after reload (1.5s)
  ✓  375 [chromium] › e2e/system-admin-design.spec.ts:143:3 › system admin surfaces are localized and responsive: zh-TW (4.7s)
  ✓  380 [chromium] › e2e/teaching-activity-time.spec.ts:12:5 › zh-TW activity time in Asia/Taipei › course-local and offset timestamps represent the same past event after reload (1.2s)
  ✓  381 [chromium] › e2e/teaching-grading-link.spec.ts:4:1 › Week 1 grading queue opens the registered grading page despite an incompatible backend link (951ms)
  ✓  382 [chromium] › e2e/teaching-grading-link.spec.ts:36:1 › Advisor reads paginated conversations and searches instructors through Advisor APIs (1.2s)
  ✓  384 [chromium] › e2e/tenant-admin-design.spec.ts:117:1 › governance secondary filters and policy summaries remain usable on mobile (2.5s)
  ✓  385 [chromium] › e2e/tenant-admin-design.spec.ts:162:1 › tenant intake search uses the correct ID parameter and account management opens in a drawer (1.3s)
  ✓  386 [chromium] › e2e/tenant-admin-design.spec.ts:177:1 › composer keeps tab drafts and submits every part once then opens saved draft editing (1.7s)
  ✓  387 [chromium] › e2e/tenant-admin-design.spec.ts:204:1 › delayed upload stays with its originating part and preserves intervening edits (1.5s)
  ✓  388 [chromium] › e2e/tenant-admin-design.spec.ts:239:3 › deleting listening media clears references in other unsaved units and storage (1.7s)
  ✓  383 [chromium] › e2e/tenant-admin-design.spec.ts:69:1 › tenant reference layouts render across desktop and mobile without page overflow (10.9s)
  ✓  389 [chromium] › e2e/tenant-admin-design.spec.ts:239:3 › deleting reading media clears references in other unsaved units and storage (1.6s)
  ✓  390 [chromium] › e2e/tenant-admin-design.spec.ts:239:3 › deleting writing media clears references in other unsaved units and storage (990ms)
  ✓  391 [chromium] › e2e/tenant-admin-design.spec.ts:263:1 › intake write errors stay inside the active drawer and reset when changing records (889ms)
  ✓  392 [chromium] › e2e/tenant-admin-design.spec.ts:286:1 › an in-flight reading upload keeps its question identity when another group is removed (1.4s)
  ✓  394 [chromium] › e2e/tenant-alert-rules.spec.ts:163:1 › editor drafts, real switch fields, whole-policy save, and reload stay consistent (1.4s)
  ✓  395 [chromium] › e2e/tenant-alert-rules.spec.ts:194:1 › missing system defaults remain quiet, read only, and free of invented thresholds (889ms)
  ✓  396 [chromium] › e2e/tenant-alert-rules.spec.ts:226:1 › failed saves keep edits and pending saves block duplicate writes (644ms)
  ✓  393 [chromium] › e2e/tenant-alert-rules.spec.ts:76:1 › low-density rules and focused editor work across device widths (4.1s)
  ✓  397 [chromium] › e2e/uiux-consistency.spec.ts:27:1 › queue actions have separate targets; advisor identity, avatar and selection stay aligned (1.1s)
  ✓  398 [chromium] › e2e/uiux-consistency.spec.ts:57:1 › save stays on the form; the primary next step saves dirty data before navigating (1.2s)
  ✓  399 [chromium] › e2e/uiux-consistency.spec.ts:83:1 › instructor combobox searches, selects with keys, clears and dismisses without closing its dialog (1.5s)
  ✓  400 [chromium] › e2e/uiux-consistency.spec.ts:117:1 › instructor results preserve pagination, errors and the selected identity across query changes (1.6s)
  ✓  401 [chromium] › e2e/uiux-consistency.spec.ts:152:1 › IELTS System Admin roster hides all TA configuration controls (480ms)
  ✓  402 [chromium] › e2e/vocabulary.spec.ts:115:1 › library remains usable without horizontal overflow on mobile (465ms)
  ✓  403 [chromium] › e2e/vocabulary.spec.ts:128:1 › resumes a paused session from the library before opening its cards (628ms)
  ✓  404 [chromium] › e2e/vocabulary.spec.ts:160:1 › test mode requires reveal before rating and hides the LMS shell (696ms)
  ✓  405 [chromium] › e2e/vocabulary.spec.ts:183:1 › offers recovery when a card action discovers that the session is paused (666ms)
  ✓  406 [chromium] › e2e/vocabulary.spec.ts:209:1 › identifies and ends the session blocking a different mode (626ms)
  ✓  408 [chromium] › e2e/workspace-composition.spec.ts:38:1 › advisor sidebar routes operations out of the dashboard (1.8s)
  ✓  407 [chromium] › e2e/workspace-composition.spec.ts:9:1 › enrolments remain visible without deadlines and learning modules share the desktop canvas (2.4s)
  ✓  410 [chromium] › e2e/workspace-composition.spec.ts:107:1 › directory refresh preserves filters and visibly updates records (1.3s)
  ✓  409 [chromium] › e2e/workspace-composition.spec.ts:60:1 › advisor student summary and journey follow the Figma composition with real decisions (1.6s)
  ✓  412 [chromium] › e2e/workspace-composition.spec.ts:181:1 › settings compiles real token colors and saves through the profile API (815ms)
  ✓  411 [chromium] › e2e/workspace-composition.spec.ts:136:1 › create intake modal preserves drafts after errors and restores focus on dismissal (1.2s)
  ✓  413 [chromium] › e2e/workspace-composition.spec.ts:201:1 › course material fills the workspace with no unsupported AI controls (844ms)
  ✓  414 [chromium] › e2e/workspace-composition.spec.ts:215:1 › writing exam confirms, submits actual text and shows the returned success state (695ms)
  ✓  416 [chromium] › e2e/workspace-composition.spec.ts:261:1 › schedule version conflicts stay blocked after a failed reload (1.3s)
  ✓  415 [chromium] › e2e/workspace-composition.spec.ts:238:1 › six journey phases and long task lists remain usable on desktop and mobile (1.5s)
  ✓  417 [chromium] › e2e/workspace-composition.spec.ts:283:1 › public registration links are hidden and bookmarked signup returns to login (722ms)
  ✓  418 [chromium] › e2e/workspace-composition.spec.ts:300:1 › intake clear filters appears only for draft or applied criteria and refresh preserves them (777ms)

  418 passed (4.7m)
