
> lms@0.0.0 build
> vite build

vite v7.3.6 building client environment for production...
(node:46823) [DEP0205] DeprecationWarning: `module.register()` is deprecated. Use `module.registerHooks()` instead.
(Use `node --trace-deprecation ...` to show where the warning was created)
transforming...
✓ 2932 modules transformed.
rendering chunks...
computing gzip size...
dist/index.html                                         1.46 kB │ gzip:   0.88 kB
dist/assets/KaTeX_Size3-Regular-CTq5MqoE.woff           4.42 kB
dist/assets/KaTeX_Size4-Regular-Dl5lxZxV.woff2          4.93 kB
dist/assets/KaTeX_Size2-Regular-Dy4dx90m.woff2          5.21 kB
dist/assets/KaTeX_Size1-Regular-mCD8mA8B.woff2          5.47 kB
dist/assets/KaTeX_Size4-Regular-BF-4gkZK.woff           5.98 kB
dist/assets/KaTeX_Size2-Regular-oD1tc_U0.woff           6.19 kB
dist/assets/KaTeX_Size1-Regular-C195tn64.woff           6.50 kB
dist/assets/KaTeX_Caligraphic-Regular-Di6jR-x-.woff2    6.91 kB
dist/assets/KaTeX_Caligraphic-Bold-Dq_IR9rO.woff2       6.91 kB
dist/assets/KaTeX_Size3-Regular-DgpXs0kz.ttf            7.59 kB
dist/assets/KaTeX_Caligraphic-Regular-CTRA-rTL.woff     7.66 kB
dist/assets/KaTeX_Caligraphic-Bold-BEiXGLvX.woff        7.72 kB
dist/assets/KaTeX_Script-Regular-D3wIWfF6.woff2         9.64 kB
dist/assets/KaTeX_SansSerif-Regular-DDBCnlJ7.woff2     10.34 kB
dist/assets/KaTeX_Size4-Regular-DWFBv043.ttf           10.36 kB
dist/assets/KaTeX_Script-Regular-D5yQViql.woff         10.59 kB
dist/assets/KaTeX_Fraktur-Regular-CTYiF6lA.woff2       11.32 kB
dist/assets/KaTeX_Fraktur-Bold-CL6g_b3V.woff2          11.35 kB
dist/assets/KaTeX_Size2-Regular-B7gKUWhC.ttf           11.51 kB
dist/assets/KaTeX_SansSerif-Italic-C3H0VqGB.woff2      12.03 kB
dist/assets/KaTeX_SansSerif-Bold-D1sUS0GD.woff2        12.22 kB
dist/assets/KaTeX_Size1-Regular-Dbsnue_I.ttf           12.23 kB
dist/assets/KaTeX_SansSerif-Regular-CS6fqUqJ.woff      12.32 kB
dist/assets/KaTeX_Caligraphic-Regular-wX97UBjC.ttf     12.34 kB
dist/assets/KaTeX_Caligraphic-Bold-ATXxdsX0.ttf        12.37 kB
dist/assets/KaTeX_Fraktur-Regular-Dxdc4cR9.woff        13.21 kB
dist/assets/KaTeX_Fraktur-Bold-BsDP51OF.woff           13.30 kB
dist/assets/KaTeX_Typewriter-Regular-CO6r4hn1.woff2    13.57 kB
dist/assets/KaTeX_SansSerif-Italic-DN2j7dab.woff       14.11 kB
dist/assets/KaTeX_SansSerif-Bold-DbIhKOiC.woff         14.41 kB
dist/assets/KaTeX_Typewriter-Regular-C0xS9mPB.woff     16.03 kB
dist/assets/KaTeX_Math-BoldItalic-CZnvNsCZ.woff2       16.40 kB
dist/assets/KaTeX_Math-Italic-t53AETM-.woff2           16.44 kB
dist/assets/KaTeX_Script-Regular-C5JkGWo-.ttf          16.65 kB
dist/assets/KaTeX_Main-BoldItalic-DxDJ3AOS.woff2       16.78 kB
dist/assets/KaTeX_Main-Italic-NWA7e6Wa.woff2           16.99 kB
dist/assets/KaTeX_Math-BoldItalic-iY-2wyZ7.woff        18.67 kB
dist/assets/KaTeX_Math-Italic-DA0__PXp.woff            18.75 kB
dist/assets/KaTeX_Main-BoldItalic-SpSLRI95.woff        19.41 kB
dist/assets/KaTeX_SansSerif-Regular-BNo7hRIc.ttf       19.44 kB
dist/assets/KaTeX_Fraktur-Regular-CB_wures.ttf         19.57 kB
dist/assets/KaTeX_Fraktur-Bold-BdnERNNW.ttf            19.58 kB
dist/assets/KaTeX_Main-Italic-BMLOBm91.woff            19.68 kB
dist/assets/KaTeX_SansSerif-Italic-YYjJ1zSn.ttf        22.36 kB
dist/assets/KaTeX_SansSerif-Bold-CFMepnvq.ttf          24.50 kB
dist/assets/KaTeX_Main-Bold-Cx986IdX.woff2             25.32 kB
dist/assets/KaTeX_Main-Regular-B22Nviop.woff2          26.27 kB
dist/assets/KaTeX_Typewriter-Regular-D3Ib7_Hf.ttf      27.56 kB
dist/assets/KaTeX_AMS-Regular-BQhdFMY1.woff2           28.08 kB
dist/assets/KaTeX_Main-Bold-Jm3AIy58.woff              29.91 kB
dist/assets/KaTeX_Main-Regular-Dr94JaBh.woff           30.77 kB
dist/assets/KaTeX_Math-BoldItalic-B3XSjfu4.ttf         31.20 kB
dist/assets/KaTeX_Math-Italic-flOr_0UB.ttf             31.31 kB
dist/assets/KaTeX_Main-BoldItalic-DzxPMmG6.ttf         32.97 kB
dist/assets/KaTeX_AMS-Regular-DMm9YOAa.woff            33.52 kB
dist/assets/KaTeX_Main-Italic-3WenGoN9.ttf             33.58 kB
dist/assets/KaTeX_Main-Bold-waoOVXN0.ttf               51.34 kB
dist/assets/KaTeX_Main-Regular-ypZvNtVU.ttf            53.58 kB
dist/assets/KaTeX_AMS-Regular-DRggAlZN.ttf             63.63 kB
dist/assets/index-DIecttZ0.css                          0.16 kB │ gzip:   0.15 kB
dist/assets/index-DtddVk1m.css                          0.27 kB │ gzip:   0.20 kB
dist/assets/SkillIcon-Cg1anLjm.css                      0.34 kB │ gzip:   0.14 kB
dist/assets/ProgressRing-DYkHIPvX.css                   0.51 kB │ gzip:   0.30 kB
dist/assets/AdvisorSchedulePage-B1pAAQnj.css            0.54 kB │ gzip:   0.23 kB
dist/assets/ExamsPage-C7G5aIvm.css                      0.62 kB │ gzip:   0.33 kB
dist/assets/index-Bxma_exZ.css                          0.64 kB │ gzip:   0.32 kB
dist/assets/queryKeys-Dm9liuna.css                      0.66 kB │ gzip:   0.34 kB
dist/assets/index-DNwYVOq-.css                          0.67 kB │ gzip:   0.36 kB
dist/assets/index-6i-8lb71.css                          0.71 kB │ gzip:   0.39 kB
dist/assets/index-DS_FWjcL.css                          0.87 kB │ gzip:   0.38 kB
dist/assets/useStudentProgress-BGr_x1py.css             1.07 kB │ gzip:   0.48 kB
dist/assets/index-C7A-eBrf.css                          1.17 kB │ gzip:   0.53 kB
dist/assets/index-D1Ty3AOK.css                          1.28 kB │ gzip:   0.50 kB
dist/assets/index-CUNUfCNP.css                          1.31 kB │ gzip:   0.50 kB
dist/assets/model-bhC42MHn.css                          1.33 kB │ gzip:   0.58 kB
dist/assets/AdvisorOperationsPage-BCojSNXW.css          1.42 kB │ gzip:   0.61 kB
dist/assets/index-BE2BrrGP.css                          1.46 kB │ gzip:   0.49 kB
dist/assets/index-CKJDkVB6.css                          1.50 kB │ gzip:   0.64 kB
dist/assets/index-BEvgarZv.css                          1.60 kB │ gzip:   0.72 kB
dist/assets/studySupportResponse-uBSyw1Gi.css           1.75 kB │ gzip:   0.81 kB
dist/assets/index-A47qkm0C.css                          1.78 kB │ gzip:   0.73 kB
dist/assets/index-B-jwwXLf.css                          1.89 kB │ gzip:   0.70 kB
dist/assets/CourseCreatePage-CHqzYUov.css               1.96 kB │ gzip:   0.75 kB
dist/assets/index-CfW-qBsF.css                          1.99 kB │ gzip:   0.79 kB
dist/assets/index-Y5cbgzio.css                          2.29 kB │ gzip:   0.82 kB
dist/assets/index-EnTSc1vg.css                          2.44 kB │ gzip:   0.89 kB
dist/assets/index-BkJJUL_l.css                          2.54 kB │ gzip:   0.81 kB
dist/assets/index-DOmsNtGJ.css                          2.62 kB │ gzip:   0.87 kB
dist/assets/index-CtxABaDY.css                          2.83 kB │ gzip:   0.97 kB
dist/assets/isSameDay-BrzOnyM0.css                      2.91 kB │ gzip:   0.91 kB
dist/assets/SignUpView-5zzW12_6.css                     3.29 kB │ gzip:   1.08 kB
dist/assets/index-JPaFVyW9.css                          3.71 kB │ gzip:   1.16 kB
dist/assets/index-CEjBoSh0.css                          3.86 kB │ gzip:   0.78 kB
dist/assets/index-kBrSyKOR.css                          3.97 kB │ gzip:   1.24 kB
dist/assets/index-BoLOKOnG.css                          3.98 kB │ gzip:   1.18 kB
dist/assets/index-yXJAbVWT.css                          4.18 kB │ gzip:   1.05 kB
dist/assets/EnglishDateInput-CtIqKiPv.css               4.39 kB │ gzip:   1.39 kB
dist/assets/index-B6zuJrXh.css                          4.66 kB │ gzip:   1.45 kB
dist/assets/index-eO7HGcll.css                          4.86 kB │ gzip:   1.49 kB
dist/assets/index-C6yfj9dV.css                          5.17 kB │ gzip:   1.52 kB
dist/assets/index-DeVSSbw7.css                          5.40 kB │ gzip:   1.50 kB
dist/assets/index-CIJsbSQK.css                          5.87 kB │ gzip:   1.58 kB
dist/assets/index-ntwzm_fv.css                          6.21 kB │ gzip:   1.65 kB
dist/assets/index-DzxQEUOW.css                          6.32 kB │ gzip:   1.73 kB
dist/assets/index-Bqkmde8i.css                          6.69 kB │ gzip:   1.75 kB
dist/assets/index-C7bzEJn5.css                          7.09 kB │ gzip:   1.73 kB
dist/assets/index-Dsk4OT-0.css                          7.81 kB │ gzip:   1.64 kB
dist/assets/index-CDmBs5k4.css                          7.84 kB │ gzip:   1.84 kB
dist/assets/index-DiTDgCFF.css                          8.14 kB │ gzip:   2.07 kB
dist/assets/index-Cs1r60uT.css                          8.20 kB │ gzip:   2.22 kB
dist/assets/index-BVwBehaM.css                          8.32 kB │ gzip:   2.12 kB
dist/assets/index-CJIxA6Qd.css                          8.54 kB │ gzip:   2.13 kB
dist/assets/index-C5pl_0Bk.css                          8.59 kB │ gzip:   2.11 kB
dist/assets/index-BK1v0Pjg.css                          8.66 kB │ gzip:   2.11 kB
dist/assets/index-jALNmxV_.css                          8.72 kB │ gzip:   2.08 kB
dist/assets/StudentSubmissionHistory-d-DS9Zui.css       8.97 kB │ gzip:   2.10 kB
dist/assets/SupportPage-D1HSOJeb.css                    9.10 kB │ gzip:   2.01 kB
dist/assets/index-Dha43tcz.css                          9.44 kB │ gzip:   2.55 kB
dist/assets/ChatContent-DgxKtsZa.css                    9.58 kB │ gzip:   2.27 kB
dist/assets/index-DVHjZQIs.css                         10.10 kB │ gzip:   2.43 kB
dist/assets/CoursesPage-C6y5nJ1D.css                   10.80 kB │ gzip:   2.24 kB
dist/assets/index-AtBI-3BG.css                         11.05 kB │ gzip:   2.49 kB
dist/assets/index-B3zsI2oO.css                         11.26 kB │ gzip:   2.54 kB
dist/assets/index-MUm-OEOj.css                         11.91 kB │ gzip:   2.67 kB
dist/assets/index-CFVcHZbN.css                         12.96 kB │ gzip:   3.18 kB
dist/assets/Layout-DfHvWmQ3.css                        13.39 kB │ gzip:   3.15 kB
dist/assets/StudyPlanPage-BUuHKEu-.css                 13.44 kB │ gzip:   2.78 kB
dist/assets/index-C3nRzWc3.css                         15.55 kB │ gzip:   3.35 kB
dist/assets/index-KA6EdY6N.css                         15.66 kB │ gzip:   3.54 kB
dist/assets/index-G9AJT4Nc.css                         16.09 kB │ gzip:   3.48 kB
dist/assets/advising-DQwwzlPo.css                      21.18 kB │ gzip:   4.19 kB
dist/assets/index-Z8ddH2qu.css                         24.51 kB │ gzip:   5.07 kB
dist/assets/MarkdownMessage-B-JgdZel.css               31.45 kB │ gzip:   8.69 kB
dist/assets/index-DlP3SlZv.css                         31.50 kB │ gzip:   5.81 kB
dist/assets/index-oD5SZEJw.css                         54.77 kB │ gzip:  11.12 kB
dist/assets/course-CA9i1jWK.js                          0.05 kB │ gzip:   0.07 kB
dist/assets/dashboard-j3ti1C1Z.js                       0.07 kB │ gzip:   0.09 kB
dist/assets/passwordRules-DA1SasHz.js                   0.07 kB │ gzip:   0.09 kB
dist/assets/addWeeks-RZWpt71i.js                        0.09 kB │ gzip:   0.11 kB
dist/assets/index-CSQars3j.js                           0.09 kB │ gzip:   0.10 kB
dist/assets/check-C-XqyY8e.js                           0.13 kB │ gzip:   0.15 kB
dist/assets/chevron-down-C5rYI5oZ.js                    0.14 kB │ gzip:   0.15 kB
dist/assets/chevron-right-DbGbMpvV.js                   0.14 kB │ gzip:   0.15 kB
dist/assets/chevron-left-Ix6GRXF3.js                    0.14 kB │ gzip:   0.15 kB
dist/assets/studyPlanView-mki0DKK6.js                   0.15 kB │ gzip:   0.15 kB
dist/assets/square-BamiEbie.js                          0.16 kB │ gzip:   0.16 kB
dist/assets/plus-BJHTHaud.js                            0.17 kB │ gzip:   0.16 kB
dist/assets/x-DJPxIuf5.js                               0.17 kB │ gzip:   0.16 kB
dist/assets/arrow-up-CXjSU1fr.js                        0.17 kB │ gzip:   0.17 kB
dist/assets/arrow-down-DzreOrTB.js                      0.18 kB │ gzip:   0.17 kB
dist/assets/arrow-left-C6tx8TL6.js                      0.18 kB │ gzip:   0.17 kB
dist/assets/search-DMjzX4Uk.js                          0.18 kB │ gzip:   0.17 kB
dist/assets/circle-check-DXaPbbnO.js                    0.19 kB │ gzip:   0.17 kB
dist/assets/user-round-Db2iT2sg.js                      0.19 kB │ gzip:   0.18 kB
dist/assets/message-square-Co4jWIYL.js                  0.19 kB │ gzip:   0.18 kB
dist/assets/clock-3-CtGbmEXf.js                         0.19 kB │ gzip:   0.18 kB
dist/assets/megaphone-ChYX2IJ9.js                       0.20 kB │ gzip:   0.19 kB
dist/assets/rotate-ccw-DcbvJLL7.js                      0.21 kB │ gzip:   0.19 kB
dist/assets/lock-pwa9egWX.js                            0.21 kB │ gzip:   0.20 kB
dist/assets/courseOperations-A9xprReC.js                0.21 kB │ gzip:   0.16 kB
dist/assets/upload-vtMf1iQi.js                          0.24 kB │ gzip:   0.20 kB
dist/assets/copy-40Zliou8.js                            0.24 kB │ gzip:   0.21 kB
dist/assets/download-CbY3mAit.js                        0.24 kB │ gzip:   0.20 kB
dist/assets/headphones-DmEZHa4T.js                      0.25 kB │ gzip:   0.19 kB
dist/assets/maximize-2-CMv2wotR.js                      0.25 kB │ gzip:   0.20 kB
dist/assets/sendStableMessage-CYlifw4B.js               0.25 kB │ gzip:   0.22 kB
dist/assets/personName-DnrzoDs_.js                      0.26 kB │ gzip:   0.18 kB
dist/assets/users-round-CJDXeZ-a.js                     0.26 kB │ gzip:   0.23 kB
dist/assets/operationQueues-Bpm-f0Fr.js                 0.26 kB │ gzip:   0.19 kB
dist/assets/eye-B0BGo2Cm.js                             0.26 kB │ gzip:   0.21 kB
dist/assets/map-pin-DMWO9Peu.js                         0.27 kB │ gzip:   0.23 kB
dist/assets/file-check-2-pVdCtlGY.js                    0.27 kB │ gzip:   0.21 kB
dist/assets/calendar-BSzmH8um.js                        0.27 kB │ gzip:   0.21 kB
dist/assets/courseSessions-BjmM6MPS.js                  0.27 kB │ gzip:   0.17 kB
dist/assets/index-BTe8AWur.js                           0.28 kB │ gzip:   0.22 kB
dist/assets/pencil-C5qa9fNW.js                          0.29 kB │ gzip:   0.24 kB
dist/assets/pen-line-mdyyFO7O.js                        0.29 kB │ gzip:   0.24 kB
dist/assets/book-open-C9Ov7GHT.js                       0.29 kB │ gzip:   0.21 kB
dist/assets/registeredDestination-DLZbnmBa.js           0.29 kB │ gzip:   0.24 kB
dist/assets/send-CO8Pc2Ju.js                            0.30 kB │ gzip:   0.24 kB
dist/assets/clipboard-check-Ck_F0iEB.js                 0.31 kB │ gzip:   0.24 kB
dist/assets/paperclip-OaZ2XDhS.js                       0.31 kB │ gzip:   0.24 kB
dist/assets/users-bNZwL61G.js                           0.32 kB │ gzip:   0.23 kB
dist/assets/prompts-D-D02j8_.js                         0.32 kB │ gzip:   0.22 kB
dist/assets/user-plus-DgX0jEsN.js                       0.32 kB │ gzip:   0.24 kB
dist/assets/shield-check-DJh81twN.js                    0.33 kB │ gzip:   0.26 kB
dist/assets/refresh-cw-BF9jCUnA.js                      0.33 kB │ gzip:   0.24 kB
dist/assets/refresh-ccw-c1pM4Vh8.js                     0.33 kB │ gzip:   0.23 kB
dist/assets/NotFoundPage-OGJFYCkH.js                    0.34 kB │ gzip:   0.25 kB
dist/assets/AdvisorOperationsPage.module-BaznXUQF.js    0.34 kB │ gzip:   0.21 kB
dist/assets/file-text-Ca_RDuT_.js                       0.35 kB │ gzip:   0.23 kB
dist/assets/advisorWorkspace-BBVwlqDy.js                0.35 kB │ gzip:   0.25 kB
dist/assets/trash-2-g4e1yjKW.js                         0.37 kB │ gzip:   0.26 kB
dist/assets/calendar-clock-nUiOfEXI.js                  0.39 kB │ gzip:   0.26 kB
dist/assets/shuffle-etX3xe5N.js                         0.40 kB │ gzip:   0.26 kB
dist/assets/adminDirectory-B341be_h.js                  0.41 kB │ gzip:   0.25 kB
dist/assets/clipboard-list-BhcoW-Wj.js                  0.42 kB │ gzip:   0.27 kB
dist/assets/eye-off-BF0d2tfV.js                         0.44 kB │ gzip:   0.28 kB
dist/assets/login-Dw3C-6yT.js                           0.45 kB │ gzip:   0.28 kB
dist/assets/index-C1ngQXya.js                           0.46 kB │ gzip:   0.32 kB
dist/assets/calendar-days-D4-jqm59.js                   0.51 kB │ gzip:   0.27 kB
dist/assets/sparkles-CWHwkfPG.js                        0.52 kB │ gzip:   0.31 kB
dist/assets/DurationSelect-CttnbxoP.js                  0.53 kB │ gzip:   0.33 kB
dist/assets/index-BjNWN96a.js                           0.54 kB │ gzip:   0.30 kB
dist/assets/studyPlan-CjJJEpXo.js                       0.55 kB │ gzip:   0.38 kB
dist/assets/index-CeysAp0O.js                           0.57 kB │ gzip:   0.37 kB
dist/assets/AdvisingPagination-DrqrbZ3h.js              0.61 kB │ gzip:   0.38 kB
dist/assets/profile-api-C5uRy-8P.js                     0.61 kB │ gzip:   0.34 kB
dist/assets/index-BrigtrtB.js                           0.65 kB │ gzip:   0.48 kB
dist/assets/notification-api-kstug19N.js                0.67 kB │ gzip:   0.32 kB
dist/assets/contractTime-C-AFAkIt.js                    0.70 kB │ gzip:   0.46 kB
dist/assets/index-BIhgbecx.js                           0.72 kB │ gzip:   0.41 kB
dist/assets/useIdempotencyCheckpoint-BwLrOZ2v.js        0.74 kB │ gzip:   0.40 kB
dist/assets/SkillIcon-BdRNJH7T.js                       0.74 kB │ gzip:   0.50 kB
dist/assets/queryKeys-qbIDsnRX.js                       0.75 kB │ gzip:   0.26 kB
dist/assets/counsellor-api-CaET1Kzn.js                  0.80 kB │ gzip:   0.32 kB
dist/assets/isSameMonth-Dx6uh5Gb.js                     0.88 kB │ gzip:   0.42 kB
dist/assets/index.module-BIbHeOa9.js                    0.90 kB │ gzip:   0.43 kB
dist/assets/index-BE_jgPlN.js                           0.92 kB │ gzip:   0.49 kB
dist/assets/ProgressRing-Bk_kh4Kk.js                    0.92 kB │ gzip:   0.53 kB
dist/assets/downloadBlob-CABB5v9B.js                    0.95 kB │ gzip:   0.53 kB
dist/assets/useActionTaskTransition-BBLiMzw4.js         1.01 kB │ gzip:   0.49 kB
dist/assets/index.module-CwBpcqrz.js                    1.04 kB │ gzip:   0.49 kB
dist/assets/index-DuarXQcw.js                           1.06 kB │ gzip:   0.62 kB
dist/assets/useQuery-CfgKoX6U.js                        1.16 kB │ gzip:   0.65 kB
dist/assets/createLucideIcon-CdfYyw-V.js                1.16 kB │ gzip:   0.68 kB
dist/assets/useInfiniteQuery-BDvl-VU9.js                1.19 kB │ gzip:   0.52 kB
dist/assets/useStudentProgress-djBJU2jm.js              1.22 kB │ gzip:   0.66 kB
dist/assets/index-DULZkehq.js                           1.29 kB │ gzip:   0.56 kB
dist/assets/index-DbFzMpQp.js                           1.63 kB │ gzip:   0.86 kB
dist/assets/notificationPresentation-B9jEERsc.js        1.64 kB │ gzip:   0.73 kB
dist/assets/index-E3wXGLcW.js                           1.65 kB │ gzip:   0.70 kB
dist/assets/index-pR_cy0qY.js                           1.75 kB │ gzip:   0.86 kB
dist/assets/index-CsEisy8y.js                           1.91 kB │ gzip:   0.91 kB
dist/assets/useCourseAccess-C6CCYHdY.js                 1.95 kB │ gzip:   0.94 kB
dist/assets/dashboard-api-LUQlOOaP.js                   1.99 kB │ gzip:   0.53 kB
dist/assets/studySupportResponse-D5boUSTF.js            2.00 kB │ gzip:   1.01 kB
dist/assets/admin-api-Drk1CBPj.js                       2.11 kB │ gzip:   0.68 kB
dist/assets/index-DEqRK39b.js                           2.11 kB │ gzip:   1.03 kB
dist/assets/quizAvailability-Bhw3rPrP.js                2.17 kB │ gzip:   0.89 kB
dist/assets/useMutation-JrJw8mBi.js                     2.21 kB │ gzip:   0.92 kB
dist/assets/index-DZe0qT_z.js                           2.24 kB │ gzip:   0.97 kB
dist/assets/advisorViewModels-BJbKQZcA.js               2.31 kB │ gzip:   1.01 kB
dist/assets/IntakePage-DyA6zYT-.js                      2.32 kB │ gzip:   1.04 kB
dist/assets/model-CRr_Bq0D.js                           2.38 kB │ gzip:   0.77 kB
dist/assets/isSameDay-CXJvCYgE.js                       2.41 kB │ gzip:   1.07 kB
dist/assets/advisingErrors-Cnh2iguR.js                  2.78 kB │ gzip:   1.10 kB
dist/assets/index-5l9-P3F8.js                           3.11 kB │ gzip:   1.16 kB
dist/assets/index-4yjzWcse.js                           3.18 kB │ gzip:   1.51 kB
dist/assets/useQueries-DYfozDvR.js                      3.23 kB │ gzip:   1.45 kB
dist/assets/quiz-api-Cm4gmlWZ.js                        3.23 kB │ gzip:   0.66 kB
dist/assets/advising.module-D-Hf_h-W.js                 3.34 kB │ gzip:   1.40 kB
dist/assets/useTranslation-at1f4dtG.js                  3.55 kB │ gzip:   1.73 kB
dist/assets/parent-api-DwYRR9nc.js                      3.91 kB │ gzip:   0.94 kB
dist/assets/ExamsPage-DBO6SW1f.js                       4.02 kB │ gzip:   1.77 kB
dist/assets/queryKeys-qCMtg8jZ.js                       4.05 kB │ gzip:   1.49 kB
dist/assets/index-BhI1W9wq.js                           4.08 kB │ gzip:   1.75 kB
dist/assets/index-JqUvICzs.js                           4.16 kB │ gzip:   1.76 kB
dist/assets/CourseCreatePage-DWhhYgvD.js                4.19 kB │ gzip:   1.53 kB
dist/assets/StudentSubmissionHistory-CKM9YJde.js        4.21 kB │ gzip:   1.69 kB
dist/assets/index-CMEPskuF.js                           4.26 kB │ gzip:   1.81 kB
dist/assets/index-D1jd91MX.js                           4.39 kB │ gzip:   1.94 kB
dist/assets/runtimeData-DQD_kKOL.js                     4.46 kB │ gzip:   1.36 kB
dist/assets/index-0Upbqtvf.js                           4.66 kB │ gzip:   1.87 kB
dist/assets/index-C5W12yc-.js                           4.93 kB │ gzip:   2.00 kB
dist/assets/index-BKkZYCNd.js                           5.07 kB │ gzip:   2.09 kB
dist/assets/mock-exam-api-BTMF8_EO.js                   5.23 kB │ gzip:   1.01 kB
dist/assets/index-W9g-8E6J.js                           5.27 kB │ gzip:   2.00 kB
dist/assets/index-n5fhLNTZ.js                           5.33 kB │ gzip:   1.98 kB
dist/assets/index-DNNh4pTA.js                           5.45 kB │ gzip:   2.12 kB
dist/assets/AdvisorCoursesPage-cd-mmDgY.js              5.66 kB │ gzip:   2.14 kB
dist/assets/index-Bzgvj4um.js                           5.80 kB │ gzip:   2.12 kB
dist/assets/datetime-DE3vXqi4.js                        6.00 kB │ gzip:   2.51 kB
dist/assets/index-NRww-mD6.js                           6.01 kB │ gzip:   2.15 kB
dist/assets/AdvisorSchedulePage-DJJlB92B.js             6.37 kB │ gzip:   2.32 kB
dist/assets/index-IW6Zckog.js                           6.45 kB │ gzip:   2.45 kB
dist/assets/assignment-api-DIpVZ7bn.js                  6.48 kB │ gzip:   1.63 kB
dist/assets/index-Du1N6w2M.js                           6.51 kB │ gzip:   2.33 kB
dist/assets/advisor-api-CxrMAZj-.js                     6.61 kB │ gzip:   1.28 kB
dist/assets/AdvisorTasksPage-CdWqGHg7.js                6.63 kB │ gzip:   2.35 kB
dist/assets/index-BmeoMITy.js                           6.77 kB │ gzip:   2.03 kB
dist/assets/dayjs.min-Dw6z5mi2.js                       7.15 kB │ gzip:   3.10 kB
dist/assets/index-D3FeUPgm.js                           7.28 kB │ gzip:   2.54 kB
dist/assets/index-D4xDGYHl.js                           7.80 kB │ gzip:   2.66 kB
dist/assets/suspense--zJDo29Z.js                        7.95 kB │ gzip:   2.91 kB
dist/assets/course-operations-api-BTRMTaRn.js           8.38 kB │ gzip:   1.56 kB
dist/assets/course-api-Y0PNyHYG.js                      8.68 kB │ gzip:   1.57 kB
dist/assets/index-DG3HxFOR.js                           8.77 kB │ gzip:   2.70 kB
dist/assets/index-DbpKRkGX.js                           8.92 kB │ gzip:   3.25 kB
dist/assets/index-B7h91Nu6.js                           9.12 kB │ gzip:   2.70 kB
dist/assets/index-DRPcgTxY.js                           9.46 kB │ gzip:   3.32 kB
dist/assets/index-DBtcX37C.js                           9.72 kB │ gzip:   3.37 kB
dist/assets/index-BzJl-VYC.js                          10.08 kB │ gzip:   3.76 kB
dist/assets/SignUpView-BgaV7peH.js                     10.76 kB │ gzip:   3.33 kB
dist/assets/ProfilePage-CiuSeKRw.js                    11.05 kB │ gzip:   3.46 kB
dist/assets/index-0sDKe03m.js                          11.36 kB │ gzip:   3.52 kB
dist/assets/index-DbLBqGD9.js                          12.09 kB │ gzip:   4.37 kB
dist/assets/index-JsCl07qb.js                          12.14 kB │ gzip:   4.26 kB
dist/assets/EnglishDateInput-B6N9JxVv.js               13.09 kB │ gzip:   4.71 kB
dist/assets/index-DY43TP6V.js                          13.92 kB │ gzip:   5.12 kB
dist/assets/index-C_2R05Ye.js                          14.52 kB │ gzip:   4.75 kB
dist/assets/index-DosEtLvf.js                          14.59 kB │ gzip:   5.51 kB
dist/assets/index-DHygOx6i.js                          14.64 kB │ gzip:   4.44 kB
dist/assets/SupportPage-DRDirzBv.js                    17.78 kB │ gzip:   5.48 kB
dist/assets/index-CayKAMie.js                          18.59 kB │ gzip:   5.26 kB
dist/assets/index-DCdR-Bs5.js                          19.52 kB │ gzip:   4.48 kB
dist/assets/CoursesPage-Bth1HO4s.js                    19.56 kB │ gzip:   5.47 kB
dist/assets/index-CoEmhUNW.js                          19.59 kB │ gzip:   6.18 kB
dist/assets/index-xbNxnoxY.js                          19.59 kB │ gzip:   6.69 kB
dist/assets/format-NMbNGkWG.js                         19.63 kB │ gzip:   5.61 kB
dist/assets/index-Do30ldbk.js                          19.73 kB │ gzip:   5.97 kB
dist/assets/index-Bfq8TK9_.js                          19.95 kB │ gzip:   6.20 kB
dist/assets/ChatContent-9F6OPhJy.js                    20.07 kB │ gzip:   7.47 kB
dist/assets/index-DxrL9m6t.js                          20.14 kB │ gzip:   6.19 kB
dist/assets/index-Cg8TLa7T.js                          23.28 kB │ gzip:   7.70 kB
dist/assets/Layout-BXzmE1QA.js                         24.33 kB │ gzip:   8.56 kB
dist/assets/StudyPlanPage-BgRFNLD4.js                  24.65 kB │ gzip:   7.73 kB
dist/assets/index-CNCd5A0P.js                          25.75 kB │ gzip:   9.46 kB
dist/assets/index-BdESurq5.js                          25.83 kB │ gzip:   8.98 kB
dist/assets/index-BJjmsvvI.js                          26.47 kB │ gzip:   8.46 kB
dist/assets/index-DCwyHpHd.js                          27.61 kB │ gzip:   9.15 kB
dist/assets/index-CThudPdX.js                          35.39 kB │ gzip:   9.40 kB
dist/assets/index-PD-4sZjF.js                          35.83 kB │ gzip:  10.00 kB
dist/assets/index-DXXbMZXx.js                          36.33 kB │ gzip:   9.97 kB
dist/assets/index-BDK8BuN6.js                          39.88 kB │ gzip:  12.12 kB
dist/assets/index-BI0WBhNP.js                          42.53 kB │ gzip:  12.70 kB
dist/assets/index-DHErMApJ.js                          57.52 kB │ gzip:  14.06 kB
dist/assets/index-ClQXyTrt.js                          63.85 kB │ gzip:  18.43 kB
dist/assets/index-B3KKceB1.js                         387.29 kB │ gzip: 127.22 kB
dist/assets/MarkdownMessage-G3rISk0S.js               438.00 kB │ gzip: 129.99 kB
dist/assets/index-Cvd1AJbt.js                         459.80 kB │ gzip: 145.55 kB
✓ built in 16.50s
