
> lms@0.0.0 build
> vite build

vite v7.3.6 building client environment for production...
(node:82932) [DEP0205] DeprecationWarning: `module.register()` is deprecated. Use `module.registerHooks()` instead.
(Use `node --trace-deprecation ...` to show where the warning was created)
transforming...
✓ 3041 modules transformed.
rendering chunks...
computing gzip size...
dist/index.html                                           1.46 kB │ gzip:   0.87 kB
dist/assets/KaTeX_Size3-Regular-CTq5MqoE.woff             4.42 kB
dist/assets/KaTeX_Size4-Regular-Dl5lxZxV.woff2            4.93 kB
dist/assets/KaTeX_Size2-Regular-Dy4dx90m.woff2            5.21 kB
dist/assets/KaTeX_Size1-Regular-mCD8mA8B.woff2            5.47 kB
dist/assets/KaTeX_Size4-Regular-BF-4gkZK.woff             5.98 kB
dist/assets/KaTeX_Size2-Regular-oD1tc_U0.woff             6.19 kB
dist/assets/KaTeX_Size1-Regular-C195tn64.woff             6.50 kB
dist/assets/KaTeX_Caligraphic-Regular-Di6jR-x-.woff2      6.91 kB
dist/assets/KaTeX_Caligraphic-Bold-Dq_IR9rO.woff2         6.91 kB
dist/assets/KaTeX_Size3-Regular-DgpXs0kz.ttf              7.59 kB
dist/assets/KaTeX_Caligraphic-Regular-CTRA-rTL.woff       7.66 kB
dist/assets/KaTeX_Caligraphic-Bold-BEiXGLvX.woff          7.72 kB
dist/assets/KaTeX_Script-Regular-D3wIWfF6.woff2           9.64 kB
dist/assets/KaTeX_SansSerif-Regular-DDBCnlJ7.woff2       10.34 kB
dist/assets/KaTeX_Size4-Regular-DWFBv043.ttf             10.36 kB
dist/assets/KaTeX_Script-Regular-D5yQViql.woff           10.59 kB
dist/assets/KaTeX_Fraktur-Regular-CTYiF6lA.woff2         11.32 kB
dist/assets/KaTeX_Fraktur-Bold-CL6g_b3V.woff2            11.35 kB
dist/assets/KaTeX_Size2-Regular-B7gKUWhC.ttf             11.51 kB
dist/assets/KaTeX_SansSerif-Italic-C3H0VqGB.woff2        12.03 kB
dist/assets/KaTeX_SansSerif-Bold-D1sUS0GD.woff2          12.22 kB
dist/assets/KaTeX_Size1-Regular-Dbsnue_I.ttf             12.23 kB
dist/assets/KaTeX_SansSerif-Regular-CS6fqUqJ.woff        12.32 kB
dist/assets/KaTeX_Caligraphic-Regular-wX97UBjC.ttf       12.34 kB
dist/assets/KaTeX_Caligraphic-Bold-ATXxdsX0.ttf          12.37 kB
dist/assets/KaTeX_Fraktur-Regular-Dxdc4cR9.woff          13.21 kB
dist/assets/KaTeX_Fraktur-Bold-BsDP51OF.woff             13.30 kB
dist/assets/KaTeX_Typewriter-Regular-CO6r4hn1.woff2      13.57 kB
dist/assets/KaTeX_SansSerif-Italic-DN2j7dab.woff         14.11 kB
dist/assets/KaTeX_SansSerif-Bold-DbIhKOiC.woff           14.41 kB
dist/assets/KaTeX_Typewriter-Regular-C0xS9mPB.woff       16.03 kB
dist/assets/KaTeX_Math-BoldItalic-CZnvNsCZ.woff2         16.40 kB
dist/assets/KaTeX_Math-Italic-t53AETM-.woff2             16.44 kB
dist/assets/KaTeX_Script-Regular-C5JkGWo-.ttf            16.65 kB
dist/assets/KaTeX_Main-BoldItalic-DxDJ3AOS.woff2         16.78 kB
dist/assets/KaTeX_Main-Italic-NWA7e6Wa.woff2             16.99 kB
dist/assets/KaTeX_Math-BoldItalic-iY-2wyZ7.woff          18.67 kB
dist/assets/KaTeX_Math-Italic-DA0__PXp.woff              18.75 kB
dist/assets/KaTeX_Main-BoldItalic-SpSLRI95.woff          19.41 kB
dist/assets/KaTeX_SansSerif-Regular-BNo7hRIc.ttf         19.44 kB
dist/assets/KaTeX_Fraktur-Regular-CB_wures.ttf           19.57 kB
dist/assets/KaTeX_Fraktur-Bold-BdnERNNW.ttf              19.58 kB
dist/assets/KaTeX_Main-Italic-BMLOBm91.woff              19.68 kB
dist/assets/KaTeX_SansSerif-Italic-YYjJ1zSn.ttf          22.36 kB
dist/assets/KaTeX_SansSerif-Bold-CFMepnvq.ttf            24.50 kB
dist/assets/KaTeX_Main-Bold-Cx986IdX.woff2               25.32 kB
dist/assets/KaTeX_Main-Regular-B22Nviop.woff2            26.27 kB
dist/assets/KaTeX_Typewriter-Regular-D3Ib7_Hf.ttf        27.56 kB
dist/assets/KaTeX_AMS-Regular-BQhdFMY1.woff2             28.08 kB
dist/assets/KaTeX_Main-Bold-Jm3AIy58.woff                29.91 kB
dist/assets/KaTeX_Main-Regular-Dr94JaBh.woff             30.77 kB
dist/assets/KaTeX_Math-BoldItalic-B3XSjfu4.ttf           31.20 kB
dist/assets/KaTeX_Math-Italic-flOr_0UB.ttf               31.31 kB
dist/assets/KaTeX_Main-BoldItalic-DzxPMmG6.ttf           32.97 kB
dist/assets/KaTeX_AMS-Regular-DMm9YOAa.woff              33.52 kB
dist/assets/KaTeX_Main-Italic-3WenGoN9.ttf               33.58 kB
dist/assets/KaTeX_Main-Bold-waoOVXN0.ttf                 51.34 kB
dist/assets/KaTeX_Main-Regular-ypZvNtVU.ttf              53.58 kB
dist/assets/KaTeX_AMS-Regular-DRggAlZN.ttf               63.63 kB
dist/assets/pdf.worker.min-yatZIOMy.mjs               1,375.84 kB
dist/assets/index-DIecttZ0.css                            0.16 kB │ gzip:   0.15 kB
dist/assets/CourseCardGrid-ByDAbhsq.css                   0.41 kB │ gzip:   0.23 kB
dist/assets/AdvisorCoursesPage-CBVE4BEq.css               0.41 kB │ gzip:   0.24 kB
dist/assets/index-CryS6cBe.css                            0.42 kB │ gzip:   0.28 kB
dist/assets/index-BI6X2BsO.css                            0.45 kB │ gzip:   0.27 kB
dist/assets/ProgressRing-BmREQjEr.css                     0.51 kB │ gzip:   0.30 kB
dist/assets/AdvisorSchedulePage-B1pAAQnj.css              0.54 kB │ gzip:   0.23 kB
dist/assets/index-CIw6Fduy.css                            0.61 kB │ gzip:   0.30 kB
dist/assets/index-Bxma_exZ.css                            0.64 kB │ gzip:   0.32 kB
dist/assets/useStudentProgress-BD1QHcyY.css               0.65 kB │ gzip:   0.29 kB
dist/assets/queryKeys-Dm9liuna.css                        0.66 kB │ gzip:   0.34 kB
dist/assets/index-DsFamdy5.css                            0.67 kB │ gzip:   0.38 kB
dist/assets/index-CejXGtG4.css                            0.88 kB │ gzip:   0.43 kB
dist/assets/index-D22KUqgc.css                            0.97 kB │ gzip:   0.44 kB
dist/assets/index-DXauJi-y.css                            1.00 kB │ gzip:   0.46 kB
dist/assets/index-9wUaE3Ds.css                            1.10 kB │ gzip:   0.43 kB
dist/assets/index-C7A-eBrf.css                            1.17 kB │ gzip:   0.53 kB
dist/assets/PdfMaterialPreview-Bpo_oGIM.css               1.23 kB │ gzip:   0.53 kB
dist/assets/index-BE2BrrGP.css                            1.46 kB │ gzip:   0.49 kB
dist/assets/index-CKJDkVB6.css                            1.50 kB │ gzip:   0.64 kB
dist/assets/index-BEvgarZv.css                            1.60 kB │ gzip:   0.72 kB
dist/assets/index-_rjrD_P6.css                            1.61 kB │ gzip:   0.57 kB
dist/assets/index-O7IXv7Ke.css                            1.74 kB │ gzip:   0.63 kB
dist/assets/studySupportResponse-uBSyw1Gi.css             1.75 kB │ gzip:   0.81 kB
dist/assets/index-7RKiLO85.css                            1.77 kB │ gzip:   0.69 kB
dist/assets/index-BvCz1s6k.css                            1.79 kB │ gzip:   0.69 kB
dist/assets/index-B-jwwXLf.css                            1.89 kB │ gzip:   0.70 kB
dist/assets/CourseCreatePage-CHqzYUov.css                 1.96 kB │ gzip:   0.75 kB
dist/assets/index-CfW-qBsF.css                            1.99 kB │ gzip:   0.79 kB
dist/assets/index-Y5cbgzio.css                            2.29 kB │ gzip:   0.82 kB
dist/assets/index-EnTSc1vg.css                            2.44 kB │ gzip:   0.89 kB
dist/assets/index-DOmsNtGJ.css                            2.62 kB │ gzip:   0.87 kB
dist/assets/index-CtxABaDY.css                            2.83 kB │ gzip:   0.97 kB
dist/assets/isSameDay-BTH-z4cF.css                        3.02 kB │ gzip:   0.93 kB
dist/assets/index-_3Pa92L0.css                            3.04 kB │ gzip:   0.91 kB
dist/assets/model-CCbhb09m.css                            3.10 kB │ gzip:   1.04 kB
dist/assets/SignUpView-5zzW12_6.css                       3.29 kB │ gzip:   1.08 kB
dist/assets/index-JPaFVyW9.css                            3.71 kB │ gzip:   1.16 kB
dist/assets/index-CEjBoSh0.css                            3.86 kB │ gzip:   0.78 kB
dist/assets/index-CWY5Nv3v.css                            4.05 kB │ gzip:   1.14 kB
dist/assets/index-D60NWqBt.css                            4.32 kB │ gzip:   1.07 kB
dist/assets/EnglishDateInput-Dba2HZUu.css                 4.38 kB │ gzip:   1.39 kB
dist/assets/index-C3s8a0UH.css                            4.46 kB │ gzip:   1.38 kB
dist/assets/index-B6zuJrXh.css                            4.66 kB │ gzip:   1.45 kB
dist/assets/index-Du6YZiBh.css                            4.80 kB │ gzip:   1.43 kB
dist/assets/ExamsPage-7DuXGaJf.css                        5.01 kB │ gzip:   1.46 kB
dist/assets/index-bWJ1v5pj.css                            5.38 kB │ gzip:   1.55 kB
dist/assets/index-45dx2Ycr.css                            5.38 kB │ gzip:   1.57 kB
dist/assets/index-ynerOybO.css                            5.40 kB │ gzip:   1.50 kB
dist/assets/index-COvYuuak.css                            5.50 kB │ gzip:   1.52 kB
dist/assets/index-BlU0dDHd.css                            5.69 kB │ gzip:   1.57 kB
dist/assets/index-CIJsbSQK.css                            5.87 kB │ gzip:   1.58 kB
dist/assets/index-ntwzm_fv.css                            6.21 kB │ gzip:   1.65 kB
dist/assets/SupportPage-D5MmIBZk.css                      6.24 kB │ gzip:   1.63 kB
dist/assets/index-CBhUvrtG.css                            6.47 kB │ gzip:   1.74 kB
dist/assets/index-bFxaBT3y.css                            6.69 kB │ gzip:   1.74 kB
dist/assets/index-DEmyGGYW.css                            7.46 kB │ gzip:   1.90 kB
dist/assets/index-DshwxSqQ.css                            7.57 kB │ gzip:   1.76 kB
dist/assets/index-lkDOViWW.css                            7.77 kB │ gzip:   2.11 kB
dist/assets/index-SgTQ1Sx6.css                            8.20 kB │ gzip:   2.22 kB
dist/assets/index-DFhbp1Bq.css                            8.54 kB │ gzip:   2.12 kB
dist/assets/index-BOvcbRP6.css                            8.67 kB │ gzip:   2.10 kB
dist/assets/index-CCRGl7ob.css                            8.72 kB │ gzip:   2.08 kB
dist/assets/StudentSubmissionHistory-CVJaZSYM.css         8.97 kB │ gzip:   2.10 kB
dist/assets/index-Cyy0SB_c.css                            9.44 kB │ gzip:   2.12 kB
dist/assets/index-Bkw9orWn.css                            9.48 kB │ gzip:   2.55 kB
dist/assets/index-CGIayNj7.css                            9.63 kB │ gzip:   2.54 kB
dist/assets/ChatContent-CN5u5-X_.css                      9.73 kB │ gzip:   2.30 kB
dist/assets/index-Cx9dySrs.css                           10.11 kB │ gzip:   2.43 kB
dist/assets/index-8K8cX5SP.css                           10.13 kB │ gzip:   2.52 kB
dist/assets/index-CEcUSkBK.css                           10.49 kB │ gzip:   2.36 kB
dist/assets/index-Lbq_TSYu.css                           11.06 kB │ gzip:   2.48 kB
dist/assets/workspace-DkccyOie.css                       11.89 kB │ gzip:   3.08 kB
dist/assets/CoursesPage-DXUVJvW8.css                     12.91 kB │ gzip:   2.59 kB
dist/assets/index-CNuYRfFG.css                           13.59 kB │ gzip:   3.21 kB
dist/assets/StudyPlanPage-DKBPRR14.css                   13.99 kB │ gzip:   2.80 kB
dist/assets/Layout-CARdtNlM.css                          14.93 kB │ gzip:   3.40 kB
dist/assets/index-CmEybLwL.css                           16.28 kB │ gzip:   3.50 kB
dist/assets/index-DMXQ1C6y.css                           16.36 kB │ gzip:   3.18 kB
dist/assets/CourseManagement-BE2pu7m9.css                19.22 kB │ gzip:   3.97 kB
dist/assets/index-CQoSuySN.css                           19.27 kB │ gzip:   3.86 kB
dist/assets/index-Cz_AlWN7.css                           20.71 kB │ gzip:   4.03 kB
dist/assets/index-BaiypHoA.css                           21.58 kB │ gzip:   4.42 kB
dist/assets/advising-Cisn9Xh_.css                        21.97 kB │ gzip:   4.33 kB
dist/assets/MarkdownMessage-B-JgdZel.css                 31.45 kB │ gzip:   8.69 kB
dist/assets/index-BYJ3i4CX.css                           31.51 kB │ gzip:   5.81 kB
dist/assets/index-Cn-zoCJj.css                           36.69 kB │ gzip:   7.02 kB
dist/assets/index-Byo4IciG.css                           52.84 kB │ gzip:   8.86 kB
dist/assets/index-fTOrNMYw.css                           54.93 kB │ gzip:  11.15 kB
dist/assets/queryKeys-Corhd2Da.js                         0.06 kB │ gzip:   0.08 kB
dist/assets/passwordRules-DA1SasHz.js                     0.07 kB │ gzip:   0.09 kB
dist/assets/addWeeks-DKnzCTxT.js                          0.09 kB │ gzip:   0.11 kB
dist/assets/index-Cw-sTGuc.js                             0.09 kB │ gzip:   0.10 kB
dist/assets/personName-Ds8Vkqxm.js                        0.12 kB │ gzip:   0.13 kB
dist/assets/check-Cg4aT2KA.js                             0.13 kB │ gzip:   0.15 kB
dist/assets/circle-CtABx7XO.js                            0.14 kB │ gzip:   0.14 kB
dist/assets/chevron-down-DS1qVt3R.js                      0.14 kB │ gzip:   0.15 kB
dist/assets/chevron-right-CyFST8ch.js                     0.14 kB │ gzip:   0.15 kB
dist/assets/chevron-left-AFloDvJd.js                      0.14 kB │ gzip:   0.15 kB
dist/assets/studyPlanView-BF7VSn2f.js                     0.15 kB │ gzip:   0.15 kB
dist/assets/loader-circle-CvjBX8_8.js                     0.15 kB │ gzip:   0.16 kB
dist/assets/square-BHYNI1KG.js                            0.16 kB │ gzip:   0.16 kB
dist/assets/plus-BZgmOFVl.js                              0.17 kB │ gzip:   0.16 kB
dist/assets/x-DGFlrOCN.js                                 0.17 kB │ gzip:   0.16 kB
dist/assets/arrow-up-Gxp3fd1_.js                          0.17 kB │ gzip:   0.17 kB
dist/assets/arrow-right-CxRom4V3.js                       0.18 kB │ gzip:   0.17 kB
dist/assets/arrow-down-DqqLoJTM.js                        0.18 kB │ gzip:   0.17 kB
dist/assets/arrow-left-B_MdDAxA.js                        0.18 kB │ gzip:   0.17 kB
dist/assets/arrow-up-right-aUgpiSmR.js                    0.18 kB │ gzip:   0.17 kB
dist/assets/search-xzQIqCTX.js                            0.18 kB │ gzip:   0.18 kB
dist/assets/circle-check-Ci_3_pjx.js                      0.19 kB │ gzip:   0.17 kB
dist/assets/message-square-Sk60UPx9.js                    0.19 kB │ gzip:   0.18 kB
dist/assets/clock-3-BhqVNYyP.js                           0.19 kB │ gzip:   0.18 kB
dist/assets/megaphone-XNUud81F.js                         0.20 kB │ gzip:   0.19 kB
dist/assets/rotate-ccw-CIeCBJIk.js                        0.21 kB │ gzip:   0.19 kB
dist/assets/lock-BfA-YkLL.js                              0.21 kB │ gzip:   0.20 kB
dist/assets/courseOperations-A9xprReC.js                  0.21 kB │ gzip:   0.16 kB
dist/assets/ellipsis-BUHVjU9f.js                          0.23 kB │ gzip:   0.17 kB
dist/assets/user-round-check-vF4_VWd_.js                  0.24 kB │ gzip:   0.21 kB
dist/assets/upload-BEAmgZ69.js                            0.24 kB │ gzip:   0.20 kB
dist/assets/copy-AL7ncb1c.js                              0.24 kB │ gzip:   0.21 kB
dist/assets/download-DDjycZK4.js                          0.24 kB │ gzip:   0.20 kB
dist/assets/activity-uxKNcN3H.js                          0.25 kB │ gzip:   0.21 kB
dist/assets/headphones-Y7I9tPLj.js                        0.25 kB │ gzip:   0.19 kB
dist/assets/maximize-2-pRX4Ax_w.js                        0.25 kB │ gzip:   0.20 kB
dist/assets/sendStableMessage-BrXhggFw.js                 0.25 kB │ gzip:   0.22 kB
dist/assets/index-BeInTcf4.js                             0.26 kB │ gzip:   0.18 kB
dist/assets/users-round-Bw49sknS.js                       0.26 kB │ gzip:   0.22 kB
dist/assets/settings-2-Be5HlMoW.js                        0.26 kB │ gzip:   0.20 kB
dist/assets/circle-alert-BvkyKlen.js                      0.26 kB │ gzip:   0.20 kB
dist/assets/eye-BjeLi_hQ.js                               0.26 kB │ gzip:   0.21 kB
dist/assets/map-pin-Bx6AnMcV.js                           0.27 kB │ gzip:   0.23 kB
dist/assets/message-square-text-BuaRPoTC.js               0.27 kB │ gzip:   0.21 kB
dist/assets/file-check-2-BWqCH8wq.js                      0.27 kB │ gzip:   0.22 kB
dist/assets/calendar-Dc3wJYiX.js                          0.27 kB │ gzip:   0.21 kB
dist/assets/courseSessions-BjmM6MPS.js                    0.27 kB │ gzip:   0.17 kB
dist/assets/mic-BJayTm4o.js                               0.28 kB │ gzip:   0.22 kB
dist/assets/index-YrO1eUhK.js                             0.28 kB │ gzip:   0.22 kB
dist/assets/pencil-DbLoVmcy.js                            0.29 kB │ gzip:   0.24 kB
dist/assets/pen-line-BvU8lsfR.js                          0.29 kB │ gzip:   0.24 kB
dist/assets/book-open-COXLbtnl.js                         0.29 kB │ gzip:   0.22 kB
dist/assets/registeredDestination-By88PpGH.js             0.29 kB │ gzip:   0.24 kB
dist/assets/lightbulb-BC0NYjHV.js                         0.29 kB │ gzip:   0.23 kB
dist/assets/inbox-dyUn-C-X.js                             0.30 kB │ gzip:   0.24 kB
dist/assets/bell-TunH5R3D.js                              0.30 kB │ gzip:   0.25 kB
dist/assets/send-CngAJXbd.js                              0.30 kB │ gzip:   0.24 kB
dist/assets/clipboard-check-Br8d3vnO.js                   0.31 kB │ gzip:   0.24 kB
dist/assets/paperclip-DTGs3nQa.js                         0.31 kB │ gzip:   0.24 kB
dist/assets/list-BfXzM9BY.js                              0.31 kB │ gzip:   0.19 kB
dist/assets/users-Ci4KgfAn.js                             0.32 kB │ gzip:   0.23 kB
dist/assets/prompts-D-D02j8_.js                           0.32 kB │ gzip:   0.22 kB
dist/assets/user-plus-CQ7usb7_.js                         0.32 kB │ gzip:   0.24 kB
dist/assets/shield-check-CE0XB5zM.js                      0.33 kB │ gzip:   0.26 kB
dist/assets/refresh-cw-BwgpxXXQ.js                        0.33 kB │ gzip:   0.24 kB
dist/assets/refresh-ccw-CenrlCEH.js                       0.33 kB │ gzip:   0.24 kB
dist/assets/NotFoundPage-B6JdPgMX.js                      0.34 kB │ gzip:   0.25 kB
dist/assets/CourseCardGrid-giziFXEg.js                    0.34 kB │ gzip:   0.25 kB
dist/assets/graduation-cap-BRGGDixN.js                    0.34 kB │ gzip:   0.26 kB
dist/assets/file-text-BpuBuj_l.js                         0.35 kB │ gzip:   0.23 kB
dist/assets/advisorWorkspace-BBVwlqDy.js                  0.35 kB │ gzip:   0.25 kB
dist/assets/trash-2-H6bHRxlm.js                           0.37 kB │ gzip:   0.26 kB
dist/assets/calendar-clock-CKKRdiJ4.js                    0.39 kB │ gzip:   0.26 kB
dist/assets/shuffle-BC5iJp2p.js                           0.40 kB │ gzip:   0.26 kB
dist/assets/course-b8YCBFzC.js                            0.40 kB │ gzip:   0.28 kB
dist/assets/adminDirectory-B341be_h.js                    0.41 kB │ gzip:   0.25 kB
dist/assets/index-B8xjbhvh.js                             0.42 kB │ gzip:   0.28 kB
dist/assets/clipboard-list-LrzKU6bl.js                    0.42 kB │ gzip:   0.27 kB
dist/assets/file-utils-BBf1jxvQ.js                        0.44 kB │ gzip:   0.27 kB
dist/assets/eye-off-C1aSHYyM.js                           0.44 kB │ gzip:   0.28 kB
dist/assets/login-Dw3C-6yT.js                             0.45 kB │ gzip:   0.28 kB
dist/assets/calendar-days-B-0TX8QX.js                     0.51 kB │ gzip:   0.28 kB
dist/assets/presentation-lgOuvVD8.js                      0.51 kB │ gzip:   0.37 kB
dist/assets/sparkles-4XAQavZa.js                          0.52 kB │ gzip:   0.31 kB
dist/assets/DurationSelect-lvQvz955.js                    0.53 kB │ gzip:   0.33 kB
dist/assets/index-4PUTDFyC.js                             0.54 kB │ gzip:   0.30 kB
dist/assets/studyPlan-CjJJEpXo.js                         0.55 kB │ gzip:   0.38 kB
dist/assets/triangle-alert-DHq26TIh.js                    0.56 kB │ gzip:   0.33 kB
dist/assets/useMutationState-S3sevmWd.js                  0.57 kB │ gzip:   0.35 kB
dist/assets/AdvisingPagination-P-yrKipt.js                0.58 kB │ gzip:   0.36 kB
dist/assets/profile-api-BJ-zuTV_.js                       0.61 kB │ gzip:   0.34 kB
dist/assets/index-QHUUfPCm.js                             0.62 kB │ gzip:   0.47 kB
dist/assets/index-DpNjzCie.js                             0.64 kB │ gzip:   0.40 kB
dist/assets/notification-api-CkCkib5t.js                  0.67 kB │ gzip:   0.32 kB
dist/assets/index-BHOgfmEj.js                             0.72 kB │ gzip:   0.42 kB
dist/assets/useIdempotencyCheckpoint-Y4thbZKY.js          0.74 kB │ gzip:   0.40 kB
dist/assets/tenant-advising-api-DYkZ8W8p.js               0.79 kB │ gzip:   0.30 kB
dist/assets/operationRecords-DOm8bCW-.js                  0.86 kB │ gzip:   0.44 kB
dist/assets/queryKeys-Cp38TRo8.js                         0.87 kB │ gzip:   0.28 kB
dist/assets/TenantDrawer-SMdgXT74.js                      0.87 kB │ gzip:   0.51 kB
dist/assets/isSameMonth-ByjaGF1G.js                       0.88 kB │ gzip:   0.42 kB
dist/assets/index-DARntXmi.js                             0.92 kB │ gzip:   0.49 kB
dist/assets/ProgressRing-DR9uAWDM.js                      0.92 kB │ gzip:   0.53 kB
dist/assets/downloadBlob-CABB5v9B.js                      0.95 kB │ gzip:   0.53 kB
dist/assets/tenantNavigation-D7eyXfv7.js                  0.97 kB │ gzip:   0.55 kB
dist/assets/useStudentProgress-DgWTA9tv.js                1.01 kB │ gzip:   0.59 kB
dist/assets/useActionTaskTransition-BT8ho6-e.js           1.01 kB │ gzip:   0.48 kB
dist/assets/index-QU8zGZ2W.js                             1.03 kB │ gzip:   0.52 kB
dist/assets/index.module-CwBpcqrz.js                      1.04 kB │ gzip:   0.49 kB
dist/assets/counsellor-api-DpOGDDWl.js                    1.13 kB │ gzip:   0.48 kB
dist/assets/useQuery-B5guF3aq.js                          1.16 kB │ gzip:   0.65 kB
dist/assets/createLucideIcon-OUB8KxtA.js                  1.16 kB │ gzip:   0.68 kB
dist/assets/useInfiniteQuery-_DmKySnk.js                  1.20 kB │ gzip:   0.52 kB
dist/assets/index-DXDZvPXS.js                             1.21 kB │ gzip:   0.73 kB
dist/assets/staffRuntime-BTmmeWaR.js                      1.26 kB │ gzip:   0.53 kB
dist/assets/index-Bnhr4i7z.js                             1.28 kB │ gzip:   0.72 kB
dist/assets/index-FuHaDzoo.js                             1.29 kB │ gzip:   0.56 kB
dist/assets/mockExamSummary-Bem5bkSL.js                   1.37 kB │ gzip:   0.67 kB
dist/assets/index.module-C5M6Uii4.js                      1.39 kB │ gzip:   0.60 kB
dist/assets/recordPresentation-BVl-J4pd.js                1.50 kB │ gzip:   0.81 kB
dist/assets/index-DdAfe0fW.js                             1.57 kB │ gzip:   0.83 kB
dist/assets/index-CCicIibH.js                             1.63 kB │ gzip:   0.86 kB
dist/assets/index-94VPGoAr.js                             1.83 kB │ gzip:   0.89 kB
dist/assets/useCourseAccess-C18vMQEc.js                   1.85 kB │ gzip:   0.89 kB
dist/assets/index-ZuyVDmCP.js                             1.99 kB │ gzip:   0.89 kB
dist/assets/dashboard-api-hYy_PdQ8.js                     1.99 kB │ gzip:   0.53 kB
dist/assets/studySupportResponse-Cz7skqdc.js              2.00 kB │ gzip:   1.02 kB
dist/assets/courseManagement-D1YL06k4.js                  2.04 kB │ gzip:   1.00 kB
dist/assets/admin-api-DXH-xZEL.js                         2.11 kB │ gzip:   0.68 kB
dist/assets/workspace.module-DwnG9dCz.js                  2.14 kB │ gzip:   0.87 kB
dist/assets/quizAvailability-lrNUSSRo.js                  2.17 kB │ gzip:   0.89 kB
dist/assets/index-FWOo820t.js                             2.20 kB │ gzip:   0.96 kB
dist/assets/useMutation-Ca7gQeXC.js                       2.21 kB │ gzip:   0.92 kB
dist/assets/advisorViewModels-q5sohWQs.js                 2.31 kB │ gzip:   1.01 kB
dist/assets/advising.module-hdqHtIlo.js                   2.47 kB │ gzip:   1.08 kB
dist/assets/index-waeZcrZD.js                             2.69 kB │ gzip:   1.28 kB
dist/assets/advisingErrors-uoebhjJy.js                    2.83 kB │ gzip:   1.11 kB
dist/assets/IntakePage-54E6X3kg.js                        2.92 kB │ gzip:   1.20 kB
dist/assets/isSameDay-DYZ2vCxy.js                         3.14 kB │ gzip:   1.43 kB
dist/assets/CourseManagement.module-CIoik8Pz.js           3.20 kB │ gzip:   1.21 kB
dist/assets/useQueries-BEpUvQ2t.js                        3.23 kB │ gzip:   1.45 kB
dist/assets/quiz-api-_u0ypehp.js                          3.23 kB │ gzip:   0.66 kB
dist/assets/notificationPresentation-D5ngBc7f.js          3.46 kB │ gzip:   1.53 kB
dist/assets/index-CUOes1iD.js                             3.49 kB │ gzip:   1.55 kB
dist/assets/useTranslation-CUfZqJck.js                    3.55 kB │ gzip:   1.73 kB
dist/assets/queryKeys-VESWaxRO.js                         3.84 kB │ gzip:   1.41 kB
dist/assets/parent-api-CjqdciXU.js                        3.91 kB │ gzip:   0.95 kB
dist/assets/IntakeAssignmentEditor-M8Mo0sNj.js            3.91 kB │ gzip:   1.66 kB
dist/assets/PdfMaterialPreview-CA5GWuWg.js                3.93 kB │ gzip:   1.80 kB
dist/assets/model-D-r0-IIb.js                             4.16 kB │ gzip:   1.46 kB
dist/assets/index-B3Ynk8kv.js                             4.16 kB │ gzip:   1.77 kB
dist/assets/CourseCreatePage-C1qH_gyc.js                  4.21 kB │ gzip:   1.54 kB
dist/assets/StudentSubmissionHistory-DQWZWq8t.js          4.21 kB │ gzip:   1.69 kB
dist/assets/index-KoExWcxA.js                             4.25 kB │ gzip:   1.83 kB
dist/assets/index-BjMx2fyy.js                             4.28 kB │ gzip:   1.85 kB
dist/assets/index-DxiQoJHz.js                             4.41 kB │ gzip:   1.94 kB
dist/assets/runtimeData-DQD_kKOL.js                       4.46 kB │ gzip:   1.36 kB
dist/assets/index-DzXXHYoA.js                             4.64 kB │ gzip:   2.11 kB
dist/assets/index-DjKDN31i.js                             4.93 kB │ gzip:   1.99 kB
dist/assets/mock-exam-api-DZyRsfx_.js                     5.20 kB │ gzip:   0.99 kB
dist/assets/index-tcQVM1SI.js                             5.36 kB │ gzip:   1.99 kB
dist/assets/index-HUdmxPnB.js                             5.41 kB │ gzip:   1.97 kB
dist/assets/index--rPg-OTZ.js                             5.42 kB │ gzip:   2.20 kB
dist/assets/index-DqH51L-u.js                             5.47 kB │ gzip:   2.00 kB
dist/assets/ExamsPage-CqiTA3aj.js                         5.97 kB │ gzip:   2.46 kB
dist/assets/datetime-CJnezkqL.js                          6.00 kB │ gzip:   2.51 kB
dist/assets/index-BQsJuOVw.js                             6.03 kB │ gzip:   2.39 kB
dist/assets/index-DaqdQkZz.js                             6.31 kB │ gzip:   2.52 kB
dist/assets/index-BbxgIcNR.js                             6.45 kB │ gzip:   2.46 kB
dist/assets/assignment-api-C0kksEi2.js                    6.48 kB │ gzip:   1.63 kB
dist/assets/index-D_yJD5sC.js                             6.50 kB │ gzip:   2.33 kB
dist/assets/AdvisorTasksPage-tvksyYCg.js                  6.63 kB │ gzip:   2.35 kB
dist/assets/advisor-api-DXTFrTVg.js                       6.64 kB │ gzip:   1.29 kB
dist/assets/index-B0ZN1iA5.js                             6.70 kB │ gzip:   2.35 kB
dist/assets/AdvisorSchedulePage-DSyyVafm.js               6.72 kB │ gzip:   2.47 kB
dist/assets/index-TiiDA4qc.js                             6.79 kB │ gzip:   2.04 kB
dist/assets/index-CW0lYCnZ.js                             7.14 kB │ gzip:   2.73 kB
dist/assets/dayjs.min-oyFhIW2g.js                         7.15 kB │ gzip:   3.10 kB
dist/assets/suspense-CLS9Ws1m.js                          7.95 kB │ gzip:   2.91 kB
dist/assets/index-uWMtFNuG.js                             8.31 kB │ gzip:   2.91 kB
dist/assets/course-operations-api-CTVRtt8o.js             8.42 kB │ gzip:   1.59 kB
dist/assets/index-D8-vTe6P.js                             8.71 kB │ gzip:   3.03 kB
dist/assets/OccurrenceRequests-97AyWO_g.js                8.76 kB │ gzip:   3.24 kB
dist/assets/index-Uu02reh4.js                             8.79 kB │ gzip:   2.72 kB
dist/assets/index-SvwDl4of.js                             8.82 kB │ gzip:   3.10 kB
dist/assets/course-api-BR9rU3S2.js                        8.83 kB │ gzip:   1.60 kB
dist/assets/index-DmE8zpYr.js                             8.99 kB │ gzip:   3.28 kB
dist/assets/index-BPkDxEVW.js                             9.12 kB │ gzip:   2.70 kB
dist/assets/index-CoZ2MUc7.js                             9.49 kB │ gzip:   3.33 kB
dist/assets/index-DB5vwjs7.js                             9.74 kB │ gzip:   3.38 kB
dist/assets/index-DFOW1GM4.js                             9.95 kB │ gzip:   3.74 kB
dist/assets/AdvisorCoursesPage-DtxzFAGi.js               10.58 kB │ gzip:   3.53 kB
dist/assets/SignUpView-DD1xd-01.js                       10.76 kB │ gzip:   3.33 kB
dist/assets/ProfilePage-CeUpMs8C.js                      10.82 kB │ gzip:   3.34 kB
dist/assets/index-TgrEBnj5.js                            10.85 kB │ gzip:   4.02 kB
dist/assets/index-DGsdQ3Oe.js                            12.08 kB │ gzip:   4.48 kB
dist/assets/index-w3eKZHxg.js                            12.67 kB │ gzip:   4.12 kB
dist/assets/EnglishDateInput-3QGjo7Sj.js                 13.09 kB │ gzip:   4.70 kB
dist/assets/index-LtCFxjEQ.js                            13.98 kB │ gzip:   5.12 kB
dist/assets/index-drLn5wgK.js                            14.55 kB │ gzip:   4.76 kB
dist/assets/index-DnWuPmUl.js                            14.65 kB │ gzip:   5.53 kB
dist/assets/index-CpdbdrW7.js                            16.24 kB │ gzip:   5.03 kB
dist/assets/index-CnxmR-a0.js                            18.59 kB │ gzip:   5.26 kB
dist/assets/index-DKssOE82.js                            18.94 kB │ gzip:   5.98 kB
dist/assets/index-CZi5Ng8H.js                            19.59 kB │ gzip:   6.68 kB
dist/assets/format-DuJ2RLqO.js                           19.63 kB │ gzip:   5.61 kB
dist/assets/index-B3PP-Mze.js                            19.75 kB │ gzip:   5.98 kB
dist/assets/index-ByuRt6hX.js                            19.96 kB │ gzip:   6.19 kB
dist/assets/ChatContent-NXQgOhSi.js                      20.09 kB │ gzip:   7.48 kB
dist/assets/ListeningSections-Dz5J_mgS.js                20.45 kB │ gzip:   3.58 kB
dist/assets/SupportPage-qhWe326L.js                      21.61 kB │ gzip:   6.39 kB
dist/assets/CoursesPage-Di9-qdl3.js                      23.68 kB │ gzip:   6.73 kB
dist/assets/Layout-McaVwzm8.js                           24.47 kB │ gzip:   8.58 kB
dist/assets/StudyPlanPage-WOkPfu63.js                    24.51 kB │ gzip:   7.69 kB
dist/assets/index-D8Xd0g-K.js                            25.75 kB │ gzip:   9.46 kB
dist/assets/index-C_Jemcfk.js                            25.96 kB │ gzip:   9.03 kB
dist/assets/index-BmS5QhnP.js                            27.26 kB │ gzip:   8.80 kB
dist/assets/index-CHzX1wlp.js                            27.28 kB │ gzip:   9.03 kB
dist/assets/index-ort3q-XS.js                            27.84 kB │ gzip:   7.74 kB
dist/assets/index-Bg4IO4j-.js                            31.82 kB │ gzip:  10.31 kB
dist/assets/index-4SeuqblZ.js                            35.42 kB │ gzip:   9.41 kB
dist/assets/index-DmZ1LbCM.js                            37.16 kB │ gzip:  10.74 kB
dist/assets/index-Cum8agl_.js                            40.10 kB │ gzip:  12.23 kB
dist/assets/index-EdblfL-4.js                            44.20 kB │ gzip:  12.42 kB
dist/assets/index-CdSHp_La.js                            46.88 kB │ gzip:  13.50 kB
dist/assets/index-BAMMn1JA.js                            59.45 kB │ gzip:  16.64 kB
dist/assets/index-CwQQxnby.js                            68.84 kB │ gzip:  16.63 kB
dist/assets/index-vlwX7-DI.js                            89.99 kB │ gzip:  25.90 kB
dist/assets/index-DvQrm-5v.js                            95.58 kB │ gzip:  28.26 kB
dist/assets/pdf-gh-BrLFn.js                             334.78 kB │ gzip:  98.38 kB
dist/assets/index-CzuSCE4k.js                           393.87 kB │ gzip: 129.36 kB
dist/assets/MarkdownMessage-D-oxwhdk.js                 438.00 kB │ gzip: 129.99 kB
dist/assets/index-Ber3bUd4.js                           459.59 kB │ gzip: 145.49 kB
✓ built in 14.15s
