
> lms@0.0.0 build
> vite build

vite v7.3.6 building client environment for production...
(node:87647) [DEP0205] DeprecationWarning: `module.register()` is deprecated. Use `module.registerHooks()` instead.
(Use `node --trace-deprecation ...` to show where the warning was created)
transforming...
✓ 3030 modules transformed.
rendering chunks...
computing gzip size...
dist/index.html                                           1.46 kB │ gzip:   0.87 kB
dist/assets/KaTeX_Size3-Regular-CTq5MqoE.woff             4.42 kB
dist/assets/KaTeX_Size4-Regular-Dl5lxZxV.woff2            4.93 kB
dist/assets/KaTeX_Size2-Regular-Dy4dx90m.woff2            5.21 kB
dist/assets/KaTeX_Size1-Regular-mCD8mA8B.woff2            5.47 kB
dist/assets/KaTeX_Size4-Regular-BF-4gkZK.woff             5.98 kB
dist/assets/KaTeX_Size2-Regular-oD1tc_U0.woff             6.19 kB
dist/assets/KaTeX_Size1-Regular-C195tn64.woff             6.50 kB
dist/assets/KaTeX_Caligraphic-Regular-Di6jR-x-.woff2      6.91 kB
dist/assets/KaTeX_Caligraphic-Bold-Dq_IR9rO.woff2         6.91 kB
dist/assets/KaTeX_Size3-Regular-DgpXs0kz.ttf              7.59 kB
dist/assets/KaTeX_Caligraphic-Regular-CTRA-rTL.woff       7.66 kB
dist/assets/KaTeX_Caligraphic-Bold-BEiXGLvX.woff          7.72 kB
dist/assets/KaTeX_Script-Regular-D3wIWfF6.woff2           9.64 kB
dist/assets/KaTeX_SansSerif-Regular-DDBCnlJ7.woff2       10.34 kB
dist/assets/KaTeX_Size4-Regular-DWFBv043.ttf             10.36 kB
dist/assets/KaTeX_Script-Regular-D5yQViql.woff           10.59 kB
dist/assets/KaTeX_Fraktur-Regular-CTYiF6lA.woff2         11.32 kB
dist/assets/KaTeX_Fraktur-Bold-CL6g_b3V.woff2            11.35 kB
dist/assets/KaTeX_Size2-Regular-B7gKUWhC.ttf             11.51 kB
dist/assets/KaTeX_SansSerif-Italic-C3H0VqGB.woff2        12.03 kB
dist/assets/KaTeX_SansSerif-Bold-D1sUS0GD.woff2          12.22 kB
dist/assets/KaTeX_Size1-Regular-Dbsnue_I.ttf             12.23 kB
dist/assets/KaTeX_SansSerif-Regular-CS6fqUqJ.woff        12.32 kB
dist/assets/KaTeX_Caligraphic-Regular-wX97UBjC.ttf       12.34 kB
dist/assets/KaTeX_Caligraphic-Bold-ATXxdsX0.ttf          12.37 kB
dist/assets/KaTeX_Fraktur-Regular-Dxdc4cR9.woff          13.21 kB
dist/assets/KaTeX_Fraktur-Bold-BsDP51OF.woff             13.30 kB
dist/assets/KaTeX_Typewriter-Regular-CO6r4hn1.woff2      13.57 kB
dist/assets/KaTeX_SansSerif-Italic-DN2j7dab.woff         14.11 kB
dist/assets/KaTeX_SansSerif-Bold-DbIhKOiC.woff           14.41 kB
dist/assets/KaTeX_Typewriter-Regular-C0xS9mPB.woff       16.03 kB
dist/assets/KaTeX_Math-BoldItalic-CZnvNsCZ.woff2         16.40 kB
dist/assets/KaTeX_Math-Italic-t53AETM-.woff2             16.44 kB
dist/assets/KaTeX_Script-Regular-C5JkGWo-.ttf            16.65 kB
dist/assets/KaTeX_Main-BoldItalic-DxDJ3AOS.woff2         16.78 kB
dist/assets/KaTeX_Main-Italic-NWA7e6Wa.woff2             16.99 kB
dist/assets/KaTeX_Math-BoldItalic-iY-2wyZ7.woff          18.67 kB
dist/assets/KaTeX_Math-Italic-DA0__PXp.woff              18.75 kB
dist/assets/KaTeX_Main-BoldItalic-SpSLRI95.woff          19.41 kB
dist/assets/KaTeX_SansSerif-Regular-BNo7hRIc.ttf         19.44 kB
dist/assets/KaTeX_Fraktur-Regular-CB_wures.ttf           19.57 kB
dist/assets/KaTeX_Fraktur-Bold-BdnERNNW.ttf              19.58 kB
dist/assets/KaTeX_Main-Italic-BMLOBm91.woff              19.68 kB
dist/assets/KaTeX_SansSerif-Italic-YYjJ1zSn.ttf          22.36 kB
dist/assets/KaTeX_SansSerif-Bold-CFMepnvq.ttf            24.50 kB
dist/assets/KaTeX_Main-Bold-Cx986IdX.woff2               25.32 kB
dist/assets/KaTeX_Main-Regular-B22Nviop.woff2            26.27 kB
dist/assets/KaTeX_Typewriter-Regular-D3Ib7_Hf.ttf        27.56 kB
dist/assets/KaTeX_AMS-Regular-BQhdFMY1.woff2             28.08 kB
dist/assets/KaTeX_Main-Bold-Jm3AIy58.woff                29.91 kB
dist/assets/KaTeX_Main-Regular-Dr94JaBh.woff             30.77 kB
dist/assets/KaTeX_Math-BoldItalic-B3XSjfu4.ttf           31.20 kB
dist/assets/KaTeX_Math-Italic-flOr_0UB.ttf               31.31 kB
dist/assets/KaTeX_Main-BoldItalic-DzxPMmG6.ttf           32.97 kB
dist/assets/KaTeX_AMS-Regular-DMm9YOAa.woff              33.52 kB
dist/assets/KaTeX_Main-Italic-3WenGoN9.ttf               33.58 kB
dist/assets/KaTeX_Main-Bold-waoOVXN0.ttf                 51.34 kB
dist/assets/KaTeX_Main-Regular-ypZvNtVU.ttf              53.58 kB
dist/assets/KaTeX_AMS-Regular-DRggAlZN.ttf               63.63 kB
dist/assets/pdf.worker.min-yatZIOMy.mjs               1,375.84 kB
dist/assets/index-DIecttZ0.css                            0.16 kB │ gzip:   0.15 kB
dist/assets/CourseCardGrid-ByDAbhsq.css                   0.41 kB │ gzip:   0.23 kB
dist/assets/AdvisorCoursesPage-CBVE4BEq.css               0.41 kB │ gzip:   0.24 kB
dist/assets/index-CryS6cBe.css                            0.42 kB │ gzip:   0.28 kB
dist/assets/index-BI6X2BsO.css                            0.45 kB │ gzip:   0.27 kB
dist/assets/ProgressRing-BmREQjEr.css                     0.51 kB │ gzip:   0.30 kB
dist/assets/AdvisorSchedulePage-B1pAAQnj.css              0.54 kB │ gzip:   0.23 kB
dist/assets/index-CIw6Fduy.css                            0.61 kB │ gzip:   0.30 kB
dist/assets/index-Bxma_exZ.css                            0.64 kB │ gzip:   0.32 kB
dist/assets/index-BD1QHcyY.css                            0.65 kB │ gzip:   0.29 kB
dist/assets/queryKeys-Dm9liuna.css                        0.66 kB │ gzip:   0.34 kB
dist/assets/index-DsFamdy5.css                            0.67 kB │ gzip:   0.38 kB
dist/assets/index-CejXGtG4.css                            0.88 kB │ gzip:   0.43 kB
dist/assets/index-D22KUqgc.css                            0.97 kB │ gzip:   0.44 kB
dist/assets/index-DXauJi-y.css                            1.00 kB │ gzip:   0.46 kB
dist/assets/index-9wUaE3Ds.css                            1.10 kB │ gzip:   0.43 kB
dist/assets/index-C7A-eBrf.css                            1.17 kB │ gzip:   0.53 kB
dist/assets/PdfMaterialPreview-Bpo_oGIM.css               1.23 kB │ gzip:   0.53 kB
dist/assets/index-CKJDkVB6.css                            1.50 kB │ gzip:   0.64 kB
dist/assets/index-BEvgarZv.css                            1.60 kB │ gzip:   0.72 kB
dist/assets/index-_rjrD_P6.css                            1.61 kB │ gzip:   0.57 kB
dist/assets/index-O7IXv7Ke.css                            1.74 kB │ gzip:   0.63 kB
dist/assets/index-7RKiLO85.css                            1.77 kB │ gzip:   0.69 kB
dist/assets/index-BvCz1s6k.css                            1.79 kB │ gzip:   0.69 kB
dist/assets/index-B-jwwXLf.css                            1.89 kB │ gzip:   0.70 kB
dist/assets/CourseCreatePage-CHqzYUov.css                 1.96 kB │ gzip:   0.75 kB
dist/assets/index-CfW-qBsF.css                            1.99 kB │ gzip:   0.79 kB
dist/assets/index-Y5cbgzio.css                            2.29 kB │ gzip:   0.82 kB
dist/assets/index-EnTSc1vg.css                            2.44 kB │ gzip:   0.89 kB
dist/assets/index-DOmsNtGJ.css                            2.62 kB │ gzip:   0.87 kB
dist/assets/index-CtxABaDY.css                            2.83 kB │ gzip:   0.97 kB
dist/assets/index-_3Pa92L0.css                            3.04 kB │ gzip:   0.91 kB
dist/assets/model-CCbhb09m.css                            3.10 kB │ gzip:   1.04 kB
dist/assets/SignUpView-5zzW12_6.css                       3.29 kB │ gzip:   1.08 kB
dist/assets/index-JPaFVyW9.css                            3.71 kB │ gzip:   1.16 kB
dist/assets/index-CBkJycTq.css                            3.96 kB │ gzip:   1.29 kB
dist/assets/index-CWY5Nv3v.css                            4.05 kB │ gzip:   1.14 kB
dist/assets/index-BNqlQoGa.css                            4.14 kB │ gzip:   1.26 kB
dist/assets/EnglishDateInput-Dba2HZUu.css                 4.38 kB │ gzip:   1.39 kB
dist/assets/index-B6zuJrXh.css                            4.66 kB │ gzip:   1.45 kB
dist/assets/ExamsPage-7DuXGaJf.css                        5.01 kB │ gzip:   1.46 kB
dist/assets/index-x9zEFQGV.css                            5.38 kB │ gzip:   1.55 kB
dist/assets/index-45dx2Ycr.css                            5.38 kB │ gzip:   1.57 kB
dist/assets/index-ynerOybO.css                            5.40 kB │ gzip:   1.50 kB
dist/assets/index-ittYDqrc.css                            5.54 kB │ gzip:   1.52 kB
dist/assets/index-BlU0dDHd.css                            5.69 kB │ gzip:   1.57 kB
dist/assets/index-CIJsbSQK.css                            5.87 kB │ gzip:   1.58 kB
dist/assets/index-ntwzm_fv.css                            6.21 kB │ gzip:   1.65 kB
dist/assets/SupportPage-D5MmIBZk.css                      6.24 kB │ gzip:   1.63 kB
dist/assets/index-CBhUvrtG.css                            6.47 kB │ gzip:   1.74 kB
dist/assets/index-bFxaBT3y.css                            6.69 kB │ gzip:   1.74 kB
dist/assets/index-DEmyGGYW.css                            7.46 kB │ gzip:   1.90 kB
dist/assets/index-DshwxSqQ.css                            7.57 kB │ gzip:   1.76 kB
dist/assets/index-DwR_r31D.css                            7.80 kB │ gzip:   2.11 kB
dist/assets/index-DFhbp1Bq.css                            8.54 kB │ gzip:   2.12 kB
dist/assets/index-BOvcbRP6.css                            8.67 kB │ gzip:   2.10 kB
dist/assets/index-CCRGl7ob.css                            8.72 kB │ gzip:   2.08 kB
dist/assets/StudentSubmissionHistory-CVJaZSYM.css         8.97 kB │ gzip:   2.10 kB
dist/assets/index-Cyy0SB_c.css                            9.44 kB │ gzip:   2.12 kB
dist/assets/index-Bkw9orWn.css                            9.48 kB │ gzip:   2.55 kB
dist/assets/index-H3NjuC_C.css                            9.66 kB │ gzip:   2.55 kB
dist/assets/ChatContent-CN5u5-X_.css                      9.73 kB │ gzip:   2.30 kB
dist/assets/index-zd0iXF4G.css                            9.95 kB │ gzip:   2.74 kB
dist/assets/index-Cw8FIbdS.css                           10.10 kB │ gzip:   2.50 kB
dist/assets/index-Cx9dySrs.css                           10.11 kB │ gzip:   2.43 kB
dist/assets/index-CEcUSkBK.css                           10.49 kB │ gzip:   2.36 kB
dist/assets/index-Lbq_TSYu.css                           11.06 kB │ gzip:   2.48 kB
dist/assets/workspace-DkccyOie.css                       11.89 kB │ gzip:   3.08 kB
dist/assets/CoursesPage-BGOLVy3L.css                     13.03 kB │ gzip:   2.59 kB
dist/assets/index-CNuYRfFG.css                           13.59 kB │ gzip:   3.21 kB
dist/assets/StudyPlanPage-_pw-lTr7.css                   14.59 kB │ gzip:   2.92 kB
dist/assets/Layout-CARdtNlM.css                          14.93 kB │ gzip:   3.40 kB
dist/assets/index-CmEybLwL.css                           16.28 kB │ gzip:   3.50 kB
dist/assets/index-DMXQ1C6y.css                           16.36 kB │ gzip:   3.18 kB
dist/assets/courseManagement-BE2pu7m9.css                19.22 kB │ gzip:   3.97 kB
dist/assets/index-CLPzTkmL.css                           19.34 kB │ gzip:   3.88 kB
dist/assets/index-MRJEu6U8.css                           21.34 kB │ gzip:   4.33 kB
dist/assets/index-Cfp5mZ1-.css                           21.41 kB │ gzip:   4.14 kB
dist/assets/advising-Cisn9Xh_.css                        21.97 kB │ gzip:   4.33 kB
dist/assets/MarkdownMessage-B-JgdZel.css                 31.45 kB │ gzip:   8.69 kB
dist/assets/index-BYJ3i4CX.css                           31.51 kB │ gzip:   5.81 kB
dist/assets/index-Cn-zoCJj.css                           36.69 kB │ gzip:   7.02 kB
dist/assets/index-Byo4IciG.css                           52.84 kB │ gzip:   8.86 kB
dist/assets/index-fTOrNMYw.css                           54.93 kB │ gzip:  11.15 kB
dist/assets/index.module-BuXve7P4.js                      0.06 kB │ gzip:   0.07 kB
dist/assets/queryKeys-Corhd2Da.js                         0.06 kB │ gzip:   0.08 kB
dist/assets/passwordRules-DA1SasHz.js                     0.07 kB │ gzip:   0.09 kB
dist/assets/addWeeks-DKnzCTxT.js                          0.09 kB │ gzip:   0.11 kB
dist/assets/index-CfQCpEhB.js                             0.09 kB │ gzip:   0.10 kB
dist/assets/isSameDay-Bhkh5u6G.js                         0.13 kB │ gzip:   0.14 kB
dist/assets/check-lUwAciPg.js                             0.13 kB │ gzip:   0.15 kB
dist/assets/circle-B0QKUP5_.js                            0.14 kB │ gzip:   0.14 kB
dist/assets/chevron-down-CIR75Cwo.js                      0.14 kB │ gzip:   0.15 kB
dist/assets/chevron-right-BPlQnaZV.js                     0.14 kB │ gzip:   0.15 kB
dist/assets/chevron-left-l8PqeGkF.js                      0.14 kB │ gzip:   0.15 kB
dist/assets/studyPlanView-DFwH9gT-.js                     0.15 kB │ gzip:   0.15 kB
dist/assets/loader-circle-PJSQIdkb.js                     0.15 kB │ gzip:   0.16 kB
dist/assets/square-BLyH8owl.js                            0.16 kB │ gzip:   0.16 kB
dist/assets/plus-D-rlHGP1.js                              0.17 kB │ gzip:   0.16 kB
dist/assets/x-B3SDvdc3.js                                 0.17 kB │ gzip:   0.16 kB
dist/assets/arrow-up-DhVxVczz.js                          0.17 kB │ gzip:   0.17 kB
dist/assets/arrow-right-CkgLKKCm.js                       0.18 kB │ gzip:   0.17 kB
dist/assets/arrow-down-ChCxfstR.js                        0.18 kB │ gzip:   0.17 kB
dist/assets/arrow-left-J1yHsBUm.js                        0.18 kB │ gzip:   0.17 kB
dist/assets/arrow-up-right-DQkCLeZA.js                    0.18 kB │ gzip:   0.17 kB
dist/assets/search-JgY92kSX.js                            0.18 kB │ gzip:   0.17 kB
dist/assets/circle-check-BZ2b0kGJ.js                      0.19 kB │ gzip:   0.17 kB
dist/assets/message-square-nyNuuBrJ.js                    0.19 kB │ gzip:   0.18 kB
dist/assets/clock-3-BVqtio-a.js                           0.19 kB │ gzip:   0.18 kB
dist/assets/courseOperations--JOazQOC.js                  0.20 kB │ gzip:   0.16 kB
dist/assets/megaphone-slI9DJkk.js                         0.20 kB │ gzip:   0.19 kB
dist/assets/rotate-ccw-DRv59Evd.js                        0.21 kB │ gzip:   0.19 kB
dist/assets/lock-4z7k5s4C.js                              0.21 kB │ gzip:   0.20 kB
dist/assets/ellipsis-YCENHk_E.js                          0.23 kB │ gzip:   0.17 kB
dist/assets/user-round-check-D-dlri17.js                  0.24 kB │ gzip:   0.21 kB
dist/assets/upload-Bv6kxKO7.js                            0.24 kB │ gzip:   0.20 kB
dist/assets/copy-Cmlweuqg.js                              0.24 kB │ gzip:   0.21 kB
dist/assets/download-IpZlAgm3.js                          0.24 kB │ gzip:   0.20 kB
dist/assets/activity-D05hykvL.js                          0.25 kB │ gzip:   0.21 kB
dist/assets/headphones-CCtHY5CF.js                        0.25 kB │ gzip:   0.19 kB
dist/assets/sendStableMessage-BzQkrjIi.js                 0.25 kB │ gzip:   0.21 kB
dist/assets/personName-DLo6ru9g.js                        0.26 kB │ gzip:   0.18 kB
dist/assets/index-UJKiKsKX.js                             0.26 kB │ gzip:   0.18 kB
dist/assets/users-round-4qM5GlKt.js                       0.26 kB │ gzip:   0.23 kB
dist/assets/settings-2-p2fHKq_u.js                        0.26 kB │ gzip:   0.20 kB
dist/assets/circle-alert-3QXpgM4I.js                      0.26 kB │ gzip:   0.19 kB
dist/assets/eye-S6xxFrt_.js                               0.26 kB │ gzip:   0.21 kB
dist/assets/map-pin-BCnt1Ual.js                           0.27 kB │ gzip:   0.23 kB
dist/assets/message-square-text-CuLRaJ8_.js               0.27 kB │ gzip:   0.21 kB
dist/assets/file-check-2-DukmVuKc.js                      0.27 kB │ gzip:   0.21 kB
dist/assets/calendar-CrvDZ_Go.js                          0.27 kB │ gzip:   0.21 kB
dist/assets/courseSessions-BjmM6MPS.js                    0.27 kB │ gzip:   0.17 kB
dist/assets/pencil-CfNMCQGh.js                            0.29 kB │ gzip:   0.24 kB
dist/assets/pen-line-CtjWXaI7.js                          0.29 kB │ gzip:   0.23 kB
dist/assets/book-open-Crn0Q96n.js                         0.29 kB │ gzip:   0.22 kB
dist/assets/registeredDestination-iAD-9-Q4.js             0.29 kB │ gzip:   0.24 kB
dist/assets/inbox-DOC5yVq6.js                             0.30 kB │ gzip:   0.24 kB
dist/assets/bell-D4h9_6ZW.js                              0.30 kB │ gzip:   0.25 kB
dist/assets/send-RApFyymq.js                              0.30 kB │ gzip:   0.24 kB
dist/assets/clipboard-check-D3MOx3aR.js                   0.31 kB │ gzip:   0.24 kB
dist/assets/paperclip-CAVqHIV8.js                         0.31 kB │ gzip:   0.24 kB
dist/assets/list-Cqc2r39w.js                              0.31 kB │ gzip:   0.19 kB
dist/assets/users-CzOS4a4f.js                             0.32 kB │ gzip:   0.23 kB
dist/assets/user-plus-_6BExGqy.js                         0.32 kB │ gzip:   0.24 kB
dist/assets/shield-check-C3VlcfjN.js                      0.33 kB │ gzip:   0.26 kB
dist/assets/refresh-cw-sCQM0k_E.js                        0.33 kB │ gzip:   0.23 kB
dist/assets/refresh-ccw-BuTf7vyH.js                       0.33 kB │ gzip:   0.23 kB
dist/assets/NotFoundPage-CvqKRsFl.js                      0.34 kB │ gzip:   0.25 kB
dist/assets/CourseCardGrid-D1NdYIud.js                    0.34 kB │ gzip:   0.25 kB
dist/assets/graduation-cap-CyFcyXBb.js                    0.34 kB │ gzip:   0.26 kB
dist/assets/file-text-De-mx8Xj.js                         0.35 kB │ gzip:   0.23 kB
dist/assets/advisorWorkspace-BBVwlqDy.js                  0.35 kB │ gzip:   0.25 kB
dist/assets/trash-2-DeLlogGn.js                           0.37 kB │ gzip:   0.26 kB
dist/assets/calendar-clock-D248sdLL.js                    0.39 kB │ gzip:   0.26 kB
dist/assets/shuffle-B8Gusxg2.js                           0.40 kB │ gzip:   0.26 kB
dist/assets/course-b8YCBFzC.js                            0.40 kB │ gzip:   0.28 kB
dist/assets/adminDirectory-B341be_h.js                    0.41 kB │ gzip:   0.25 kB
dist/assets/index-ClbnmOEj.js                             0.42 kB │ gzip:   0.28 kB
dist/assets/clipboard-list-KFGCgJ_f.js                    0.42 kB │ gzip:   0.27 kB
dist/assets/file-utils-BBf1jxvQ.js                        0.44 kB │ gzip:   0.27 kB
dist/assets/eye-off-CIk9BZ7y.js                           0.44 kB │ gzip:   0.28 kB
dist/assets/login-Dw3C-6yT.js                             0.45 kB │ gzip:   0.28 kB
dist/assets/calendar-days-DXm3G4y8.js                     0.51 kB │ gzip:   0.27 kB
dist/assets/presentation-lgOuvVD8.js                      0.51 kB │ gzip:   0.37 kB
dist/assets/sparkles-D-InJNV_.js                          0.52 kB │ gzip:   0.31 kB
dist/assets/DurationSelect-mhSG_4qO.js                    0.53 kB │ gzip:   0.33 kB
dist/assets/index-CJ4oXxGU.js                             0.54 kB │ gzip:   0.30 kB
dist/assets/studyPlan-CjJJEpXo.js                         0.55 kB │ gzip:   0.38 kB
dist/assets/triangle-alert-tTQyk685.js                    0.56 kB │ gzip:   0.33 kB
dist/assets/useMutationState-Dv3Diw6L.js                  0.57 kB │ gzip:   0.35 kB
dist/assets/AdvisingPagination-C3bAyYYU.js                0.58 kB │ gzip:   0.36 kB
dist/assets/profile-api-BsFsv5xA.js                       0.61 kB │ gzip:   0.34 kB
dist/assets/index-DP3N2N2W.js                             0.62 kB │ gzip:   0.47 kB
dist/assets/index-BptP0NWb.js                             0.64 kB │ gzip:   0.40 kB
dist/assets/readCollection-Dr8HRu-O.js                    0.65 kB │ gzip:   0.39 kB
dist/assets/notification-api-BGVWyWGo.js                  0.67 kB │ gzip:   0.32 kB
dist/assets/index-DZtxkmaH.js                             0.72 kB │ gzip:   0.42 kB
dist/assets/useIdempotencyCheckpoint-CbkRXRf-.js          0.74 kB │ gzip:   0.40 kB
dist/assets/useProfileIdentity-Cahun5eM.js                0.74 kB │ gzip:   0.43 kB
dist/assets/tenant-advising-api-Dbnta-0d.js               0.79 kB │ gzip:   0.30 kB
dist/assets/operationRecords-DOm8bCW-.js                  0.86 kB │ gzip:   0.44 kB
dist/assets/queryKeys-Cp38TRo8.js                         0.87 kB │ gzip:   0.28 kB
dist/assets/TenantDrawer-BUOph151.js                      0.87 kB │ gzip:   0.51 kB
dist/assets/isSameMonth-ByjaGF1G.js                       0.88 kB │ gzip:   0.42 kB
dist/assets/index-CXDbHmgM.js                             0.92 kB │ gzip:   0.49 kB
dist/assets/ProgressRing-47x8UsWo.js                      0.92 kB │ gzip:   0.53 kB
dist/assets/downloadBlob-CABB5v9B.js                      0.95 kB │ gzip:   0.53 kB
dist/assets/tenantNavigation-B0WFwo-G.js                  0.97 kB │ gzip:   0.55 kB
dist/assets/useActionTaskTransition-B9Ae0Dry.js           1.01 kB │ gzip:   0.48 kB
dist/assets/useStudentProgress-B7xp4cxM.js                1.01 kB │ gzip:   0.59 kB
dist/assets/index-BMx4m44C.js                             1.03 kB │ gzip:   0.52 kB
dist/assets/index.module-CwBpcqrz.js                      1.04 kB │ gzip:   0.49 kB
dist/assets/counsellor-api-B_Jfa7Hx.js                    1.13 kB │ gzip:   0.48 kB
dist/assets/useQuery-3b5XuNca.js                          1.16 kB │ gzip:   0.65 kB
dist/assets/createLucideIcon-CpKRxg3O.js                  1.16 kB │ gzip:   0.69 kB
dist/assets/useInfiniteQuery-DYo2o-SX.js                  1.20 kB │ gzip:   0.51 kB
dist/assets/index-B-mFyCh4.js                             1.21 kB │ gzip:   0.73 kB
dist/assets/staffRuntime-CqZU3BiJ.js                      1.26 kB │ gzip:   0.53 kB
dist/assets/index-Ch5zLpUA.js                             1.29 kB │ gzip:   0.56 kB
dist/assets/index-Bijz7Qqq.js                             1.31 kB │ gzip:   0.74 kB
dist/assets/mockExamSummary-Bem5bkSL.js                   1.37 kB │ gzip:   0.67 kB
dist/assets/index.module-C5M6Uii4.js                      1.39 kB │ gzip:   0.60 kB
dist/assets/recordPresentation-DSFEqq5C.js                1.50 kB │ gzip:   0.81 kB
dist/assets/index-BldWooz-.js                             1.57 kB │ gzip:   0.83 kB
dist/assets/index-ChtZkajr.js                             1.63 kB │ gzip:   0.85 kB
dist/assets/index-CihqFtex.js                             1.83 kB │ gzip:   0.89 kB
dist/assets/useCourseAccess-CdG2WBXE.js                   1.92 kB │ gzip:   0.92 kB
dist/assets/dashboard-api-BxcLUHM6.js                     1.99 kB │ gzip:   0.53 kB
dist/assets/index-MPrPIYy7.js                             2.08 kB │ gzip:   0.93 kB
dist/assets/admin-api-Dx1zaH68.js                         2.11 kB │ gzip:   0.68 kB
dist/assets/workspace.module-DwnG9dCz.js                  2.14 kB │ gzip:   0.87 kB
dist/assets/quizAvailability-BRHLgPwt.js                  2.17 kB │ gzip:   0.90 kB
dist/assets/index-BsB_3HCY.js                             2.20 kB │ gzip:   0.97 kB
dist/assets/useMutation--lNeRaYk.js                       2.21 kB │ gzip:   0.92 kB
dist/assets/advisorViewModels-0vjVv_9l.js                 2.43 kB │ gzip:   1.07 kB
dist/assets/advising.module-hdqHtIlo.js                   2.47 kB │ gzip:   1.08 kB
dist/assets/index-C2NTBIHk.js                             2.73 kB │ gzip:   1.30 kB
dist/assets/advisingErrors-C8rWpQaO.js                    2.81 kB │ gzip:   1.10 kB
dist/assets/IntakePage-LUJDys5O.js                        2.99 kB │ gzip:   1.23 kB
dist/assets/useQueries-OAtIU7nU.js                        3.23 kB │ gzip:   1.45 kB
dist/assets/quiz-api-DBvFCIO6.js                          3.23 kB │ gzip:   0.66 kB
dist/assets/notificationPresentation-NLEICzvQ.js          3.46 kB │ gzip:   1.53 kB
dist/assets/index-BaKemQm-.js                             3.49 kB │ gzip:   1.55 kB
dist/assets/useTranslation-DAASw_cF.js                    3.55 kB │ gzip:   1.73 kB
dist/assets/queryKeys-DpAgWHzI.js                         3.84 kB │ gzip:   1.41 kB
dist/assets/IntakeAssignmentEditor-BG7PEtPh.js            3.91 kB │ gzip:   1.66 kB
dist/assets/PdfMaterialPreview-D0g3zjl0.js                3.93 kB │ gzip:   1.81 kB
dist/assets/parent-api-2mHiTQY_.js                        4.08 kB │ gzip:   1.04 kB
dist/assets/model-Vgijo-RX.js                             4.16 kB │ gzip:   1.46 kB
dist/assets/index-B4zlp56r.js                             4.16 kB │ gzip:   1.77 kB
dist/assets/CourseCreatePage-DdicIpTU.js                  4.20 kB │ gzip:   1.53 kB
dist/assets/StudentSubmissionHistory-B6bZ7GDT.js          4.21 kB │ gzip:   1.69 kB
dist/assets/index-Cq7M8M9l.js                             4.29 kB │ gzip:   1.84 kB
dist/assets/index-CoDLV7Ld.js                             4.31 kB │ gzip:   1.86 kB
dist/assets/index-Cpq-Xbev.js                             4.41 kB │ gzip:   1.94 kB
dist/assets/runtimeData-DQD_kKOL.js                       4.46 kB │ gzip:   1.36 kB
dist/assets/index-BWkwAYy-.js                             4.72 kB │ gzip:   2.16 kB
dist/assets/index-Bs42jeBT.js                             4.93 kB │ gzip:   1.99 kB
dist/assets/courseManagement-BZiiMlzJ.js                  5.28 kB │ gzip:   2.21 kB
dist/assets/mock-exam-api-CQW4-0Re.js                     5.28 kB │ gzip:   1.04 kB
dist/assets/index-v-SYH3Va.js                             5.36 kB │ gzip:   1.99 kB
dist/assets/index-BEu2waSn.js                             5.41 kB │ gzip:   1.97 kB
dist/assets/index-gKnWmWe6.js                             5.42 kB │ gzip:   2.20 kB
dist/assets/index-B3vUz0GR.js                             5.47 kB │ gzip:   2.00 kB
dist/assets/index-xn9-rE8b.js                             6.03 kB │ gzip:   2.39 kB
dist/assets/datetime-BZ_pcq6I.js                          6.23 kB │ gzip:   2.60 kB
dist/assets/ExamsPage-CQidQ25R.js                         6.34 kB │ gzip:   2.60 kB
dist/assets/index-ChIZIbHj.js                             6.35 kB │ gzip:   2.53 kB
dist/assets/index-Byk-AGPZ.js                             6.45 kB │ gzip:   2.45 kB
dist/assets/assignment-api-B_ivCHAj.js                    6.48 kB │ gzip:   1.63 kB
dist/assets/index-BDGuLGXT.js                             6.51 kB │ gzip:   2.34 kB
dist/assets/AdvisorTasksPage-BPFCx3Ea.js                  6.67 kB │ gzip:   2.36 kB
dist/assets/index-Dflb8RAP.js                             6.74 kB │ gzip:   2.36 kB
dist/assets/AdvisorSchedulePage-Bvi1LCyH.js               6.75 kB │ gzip:   2.48 kB
dist/assets/advisor-api-Bs75PduK.js                       6.75 kB │ gzip:   1.34 kB
dist/assets/OccurrenceRequests-DUHNbMJF.js                7.03 kB │ gzip:   2.83 kB
dist/assets/dayjs.min-DgnM1ped.js                         7.15 kB │ gzip:   3.10 kB
dist/assets/index-CvRc6gdM.js                             7.18 kB │ gzip:   2.75 kB
dist/assets/index-Bc6JESOr.js                             7.89 kB │ gzip:   2.83 kB
dist/assets/suspense-DBKssaFV.js                          7.95 kB │ gzip:   2.91 kB
dist/assets/course-operations-api-BQVzNP5O.js             8.63 kB │ gzip:   1.64 kB
dist/assets/index-B65xYfgX.js                             8.71 kB │ gzip:   3.03 kB
dist/assets/course-api-D64Bujnx.js                        8.83 kB │ gzip:   1.60 kB
dist/assets/index-BUm_QwNX.js                             8.86 kB │ gzip:   3.10 kB
dist/assets/index-C5jIs-l_.js                             8.99 kB │ gzip:   3.28 kB
dist/assets/index-WJRifU4u.js                             9.12 kB │ gzip:   2.70 kB
dist/assets/index-Cfa9goT8.js                             9.75 kB │ gzip:   3.38 kB
dist/assets/AdvisorCoursesPage-BER61VO9.js               10.60 kB │ gzip:   3.53 kB
dist/assets/SignUpView-Bslebfmg.js                       10.76 kB │ gzip:   3.33 kB
dist/assets/ProfilePage-DafXJOUP.js                      10.81 kB │ gzip:   3.32 kB
dist/assets/index-Dq3kE163.js                            10.82 kB │ gzip:   4.11 kB
dist/assets/index-CWxlOZCX.js                            10.85 kB │ gzip:   4.02 kB
dist/assets/index-BhAO1Qk2.js                            12.11 kB │ gzip:   4.50 kB
dist/assets/index-BXgJTtN7.js                            12.67 kB │ gzip:   4.11 kB
dist/assets/EnglishDateInput-DULmF1D3.js                 13.09 kB │ gzip:   4.70 kB
dist/assets/index-BN5H-i1b.js                            13.81 kB │ gzip:   5.03 kB
dist/assets/index-Ddrc_zWT.js                            14.55 kB │ gzip:   4.77 kB
dist/assets/index-C9KC32K8.js                            16.47 kB │ gzip:   6.21 kB
dist/assets/index-27HnJwNq.js                            16.50 kB │ gzip:   5.13 kB
dist/assets/index-BC-VJOLh.js                            18.59 kB │ gzip:   5.26 kB
dist/assets/index-nKYU1jWW.js                            19.06 kB │ gzip:   6.03 kB
dist/assets/index-k79Ww8E8.js                            19.59 kB │ gzip:   6.68 kB
dist/assets/format-DuJ2RLqO.js                           19.63 kB │ gzip:   5.61 kB
dist/assets/index-DSpbrS4-.js                            19.75 kB │ gzip:   5.98 kB
dist/assets/index-Dyksr-HJ.js                            19.96 kB │ gzip:   6.20 kB
dist/assets/ChatContent-B5_sdRDZ.js                      20.13 kB │ gzip:   7.51 kB
dist/assets/ListeningSections-BSKpiqO0.js                20.45 kB │ gzip:   3.58 kB
dist/assets/SupportPage-Csy_I-XH.js                      21.65 kB │ gzip:   6.40 kB
dist/assets/StudyPlanPage-BkwHd3T6.js                    24.60 kB │ gzip:   7.70 kB
dist/assets/Layout-DPhbWt3W.js                           24.63 kB │ gzip:   8.66 kB
dist/assets/index-CHRvoEmF.js                            25.75 kB │ gzip:   9.46 kB
dist/assets/CoursesPage-Dl5WAmJU.js                      26.15 kB │ gzip:   7.39 kB
dist/assets/index-KxBCXNhv.js                            26.31 kB │ gzip:   9.16 kB
dist/assets/index-DTiaR2OG.js                            27.09 kB │ gzip:   8.95 kB
dist/assets/index-B5dMcdhS.js                            27.43 kB │ gzip:   8.88 kB
dist/assets/index-D1RRRTW7.js                            29.10 kB │ gzip:   8.08 kB
dist/assets/index-Dw_36bfZ.js                            31.23 kB │ gzip:  10.12 kB
dist/assets/index-CIr22e24.js                            35.55 kB │ gzip:   9.43 kB
dist/assets/index-CNct0U8s.js                            37.20 kB │ gzip:  10.74 kB
dist/assets/index-D-dkdVQd.js                            40.32 kB │ gzip:  12.36 kB
dist/assets/index-BiYOp16E.js                            44.24 kB │ gzip:  12.43 kB
dist/assets/index-C5zeAprV.js                            49.27 kB │ gzip:  14.22 kB
dist/assets/index-BbBKPlxI.js                            63.82 kB │ gzip:  15.85 kB
dist/assets/index-JxGO1JJo.js                            63.88 kB │ gzip:  17.58 kB
dist/assets/index-EIvQL3dt.js                            88.61 kB │ gzip:  25.53 kB
dist/assets/index-DNDh7zov.js                            96.75 kB │ gzip:  28.62 kB
dist/assets/pdf-gh-BrLFn.js                             334.78 kB │ gzip:  98.38 kB
dist/assets/index-DQuNSKUv.js                           393.71 kB │ gzip: 129.26 kB
dist/assets/MarkdownMessage-CRmy8E3m.js                 438.00 kB │ gzip: 129.99 kB
dist/assets/index-DVpXstOc.js                           459.59 kB │ gzip: 145.50 kB
✓ built in 3.91s
