
> lms@0.0.0 test:e2e
> playwright test --config /tmp/coursistant-uiux-prod-playwright.config.ts

[WebServer] (node:88148) Warning: The 'NO_COLOR' env is ignored due to the 'FORCE_COLOR' env being set.
[WebServer] (Use `node --trace-warnings ...` to show where the warning was created)
[WebServer] (node:88148) [DEP0205] DeprecationWarning: `module.register()` is deprecated. Use `module.registerHooks()` instead.

Running 264 tests using 4 workers

(node:88153) Warning: The 'NO_COLOR' env is ignored due to the 'FORCE_COLOR' env being set.
(Use `node --trace-warnings ...` to show where the warning was created)
(node:88151) Warning: The 'NO_COLOR' env is ignored due to the 'FORCE_COLOR' env being set.
(Use `node --trace-warnings ...` to show where the warning was created)
(node:88154) Warning: The 'NO_COLOR' env is ignored due to the 'FORCE_COLOR' env being set.
(Use `node --trace-warnings ...` to show where the warning was created)
(node:88152) Warning: The 'NO_COLOR' env is ignored due to the 'FORCE_COLOR' env being set.
(Use `node --trace-warnings ...` to show where the warning was created)
  ✓    2 [chromium] › e2e/advisor-course-release-audit.spec.ts:40:1 › release audit: denied class dates remain a permission state, not an empty schedule (545ms)
  ✓    4 [chromium] › e2e/advisor-course-release-audit.spec.ts:4:1 › release audit: class dates load on demand and failures stay in their own section (643ms)
  ✓    3 [chromium] › e2e/advisor-course-management.spec.ts:23:1 › owned-course workspace fills the desktop canvas and filters real records (768ms)
  ✓    1 [chromium] › e2e/advisor-course-management.spec.ts:40:1 › delivery workspace keeps its 8+4 hierarchy and uses versioned launch actions (1.1s)
  ✓    6 [chromium] › e2e/advisor-course-release-audit.spec.ts:83:1 › release audit: create group course sends the selected instructor and course-local dates (620ms)
  ✓    7 [chromium] › e2e/advisor-course-release-audit.spec.ts:104:1 › release audit: search, lifecycle and pagination use the owned-course query contract (505ms)
  ✓    5 [chromium] › e2e/advisor-course-release-audit.spec.ts:51:1 › release audit: failed schedule writes retry idempotently and block launch across tabs (995ms)
  ✓    8 [chromium] › e2e/advisor-course-release-audit.spec.ts:122:1 › release audit: configuration error recovery hydrates the required version and saves real input (466ms)
  ✓    9 [chromium] › e2e/advisor-course-release-audit.spec.ts:144:1 › release audit: only the precise config-not-found response enables first configuration (728ms)
  ✓   11 [chromium] › e2e/advisor-course-release-audit.spec.ts:179:1 › release audit: direct schedule load generates course-local term dates through the documented endpoint (685ms)
  ✓   12 [chromium] › e2e/advisor-course-release-audit.spec.ts:194:1 › release audit: recurring edit and duplicate use complete templates and distinct idempotent operations (717ms)
  ✓   10 [chromium] › e2e/advisor-course-release-audit.spec.ts:161:1 › release audit: one-on-one, missing-version and published configurations cannot schedule here (987ms)
  ✓   13 [chromium] › e2e/advisor-course-release-audit.spec.ts:223:1 › release audit: version conflict preserves input and retries with the refreshed version (607ms)
  ✓   15 [chromium] › e2e/advisor-course-release-audit.spec.ts:273:1 › release audit: changing course identity resets drafts even when versions coincide (483ms)
  ✓   14 [chromium] › e2e/advisor-course-release-audit.spec.ts:249:1 › release audit: returning to the list refreshes saved delivery data and summary counts (609ms)
  ✓   17 [chromium] › e2e/advisor-course-release-audit.spec.ts:324:1 › release audit: forbidden delivery must not enable scheduling writes (362ms)
  ✓   18 [chromium] › e2e/advisor-course-release-audit.spec.ts:332:1 › release audit: catalog input respects the consumed API maximum of 64 (365ms)
  ✓   19 [chromium] › e2e/advisor-course-release-audit.spec.ts:340:1 › release audit: maximum-length catalog codes stay within course cards (721ms)
  ✓   20 [chromium] › e2e/advisor-course-release-audit.spec.ts:364:1 › new group courses prepare recurring sessions before delivery locks their templates (857ms)
  ✓   21 [chromium] › e2e/advisor-course-release-audit.spec.ts:402:1 › ready courses can publish without repeating the draft readiness transition (734ms)
  ✓   22 [chromium] › e2e/advisor-course-release-audit.spec.ts:427:1 › publish rejection exposes current readiness blockers across delivery views (584ms)
  ✓   23 [chromium] › e2e/advisor-create-course-dialog.spec.ts:25:1 › both create entry points open a modal and return focus without moving the course list (774ms)
  ✓   24 [chromium] › e2e/advisor-create-course-dialog.spec.ts:62:3 › create course modal reflows and keeps every control reachable at 1440px (980ms)
  ✓   25 [chromium] › e2e/advisor-create-course-dialog.spec.ts:62:3 › create course modal reflows and keeps every control reachable at 768px (837ms)
  ✓   26 [chromium] › e2e/advisor-create-course-dialog.spec.ts:62:3 › create course modal reflows and keeps every control reachable at 390px (823ms)
  ✓   27 [chromium] › e2e/advisor-create-course-dialog.spec.ts:62:3 › create course modal reflows and keeps every control reachable at 320px (780ms)
  ✓   28 [chromium] › e2e/advisor-create-course-dialog.spec.ts:94:1 › pending creation blocks dismissal and retries preserve the payload and idempotency key (874ms)
  ✓   30 [chromium] › e2e/advisor-student-figma.spec.ts:6:1 › multi-page student list stays within the smallest supported viewports (329ms)
  ✓   29 [chromium] › e2e/advisor-create-course-dialog.spec.ts:133:1 › date-order validation remains active inside the modal (614ms)
  ✓   33 [chromium] › e2e/advisor-student-figma.spec.ts:97:1 › long returned course strings do not widen the course chooser (475ms)
  ✓   31 [chromium] › e2e/advisor-student-figma.spec.ts:26:1 › journey and progress reflow without exposing unknown-state request actions (678ms)
  ✓   32 [chromium] › e2e/advisor-student-figma.spec.ts:63:1 › one-to-one creation sends contract session enums and versioned payload (630ms)
  ✓   34 [chromium] › e2e/advisor-student-figma.spec.ts:114:1 › advisor student list keeps the Figma hierarchy across desktop and mobile (430ms)
  ✓   36 [chromium] › e2e/advisor-student-figma.spec.ts:210:1 › course search distinguishes an empty response from failure and can retry (722ms)
  ✓   37 [chromium] › e2e/advisor-student-figma.spec.ts:235:1 › a malformed course page cannot crash the course chooser (465ms)
  ✓   35 [chromium] › e2e/advisor-student-figma.spec.ts:135:1 › add course loads the first 20 options and course cards expose returned schedules (961ms)
  ✓   38 [chromium] › e2e/advisor-student-figma.spec.ts:246:1 › advisor exam cards and assignment dialog use the supported exam contract (732ms)
  ✓   40 [chromium] › e2e/all-role-responsive.spec.ts:56:3 › student shares the design scale and fits responsive widths (613ms)
  ✓   16 [chromium] › e2e/advisor-course-release-audit.spec.ts:299:1 › release audit: course routes preserve the same shell and fit their actual scroll container (6.2s)
  ✓   41 [chromium] › e2e/all-role-responsive.spec.ts:56:3 › advisor shares the design scale and fits responsive widths (422ms)
  ✓   39 [chromium] › e2e/advisor-version-history.spec.ts:6:1 › Advisor reads historic plan snapshots without changing the current draft or requesting unsupported profile history (1.1s)
  ✓   42 [chromium] › e2e/all-role-responsive.spec.ts:56:3 › instructor shares the design scale and fits responsive widths (581ms)
  ✓   43 [chromium] › e2e/all-role-responsive.spec.ts:56:3 › combined-instructor-advisor shares the design scale and fits responsive widths (542ms)
  ✓   45 [chromium] › e2e/all-role-responsive.spec.ts:56:3 › parent shares the design scale and fits responsive widths (548ms)
  ✓   44 [chromium] › e2e/all-role-responsive.spec.ts:56:3 › counsellor shares the design scale and fits responsive widths (602ms)
  ✓   46 [chromium] › e2e/all-role-responsive.spec.ts:56:3 › tenant-admin shares the design scale and fits responsive widths (562ms)
  ✓   49 [chromium] › e2e/all-role-responsive.spec.ts:86:1 › student list filters still use the contract and opens the registered student route (351ms)
  ✓   47 [chromium] › e2e/all-role-responsive.spec.ts:56:3 › system-admin shares the design scale and fits responsive widths (572ms)
  ✓   48 [chromium] › e2e/all-role-responsive.spec.ts:56:3 › student-exams shares the design scale and fits responsive widths (572ms)
  ✓   50 [chromium] › e2e/all-role-responsive.spec.ts:97:1 › exam filters use supplied sections and states (437ms)
  ✓   51 [chromium] › e2e/all-role-responsive.spec.ts:107:1 › advisor support cards align with the student summary and show primary content without disclosure (514ms)
  ✓   52 [chromium] › e2e/auth-figma-responsive.spec.ts:4:3 › Figma authentication composition remains usable at every width: /login (530ms)
  ✓   53 [chromium] › e2e/auth-figma-responsive.spec.ts:4:3 › Figma authentication composition remains usable at every width: /signup (499ms)
  ✓   54 [chromium] › e2e/auth-figma-responsive.spec.ts:4:3 › Figma authentication composition remains usable at every width: /forgotpassword (482ms)
  ✓   55 [chromium] › e2e/calendar-permission-audit.spec.ts:5:3 › instructor personal-event 403 and retry contract at /calendar (537ms)
  ✓   56 [chromium] › e2e/calendar-permission-audit.spec.ts:5:3 › instructor personal-event 403 and retry contract at /my-operations (654ms)
  ✓   59 [chromium] › e2e/client-delivery.spec.ts:215:1 › system administration uses the managed-user contract without speculative tenant calls (334ms)
  ✓   58 [chromium] › e2e/client-delivery.spec.ts:121:1 › parent report pagination and attachment failures preserve student boundaries (759ms)
  ✓   57 [chromium] › e2e/client-delivery.spec.ts:20:1 › parent sees later linked students, nested academic data and independent learning errors (821ms)
  ✓   60 [chromium] › e2e/client-delivery.spec.ts:265:1 › writing grades keep drafts with their script and reuse the same request on retry (550ms)
  ✓   61 [chromium] › e2e/counsellor-dashboard.spec.ts:55:1 › counsellor workspace selects records and paginates using only existing reads (580ms)
  ✓   63 [chromium] › e2e/counsellor-dashboard.spec.ts:128:1 › small-screen help and parent-link failures keep actions visible (495ms)
  ✓   64 [chromium] › e2e/counsellor-dashboard.spec.ts:148:1 › empty unassigned queue offers creation without reconstructing assigned students (342ms)
  ✓   65 [chromium] › e2e/customer-error-states.spec.ts:16:3 › student shows contextual API failures at desktop and mobile widths (314ms)
  ✓   62 [chromium] › e2e/counsellor-dashboard.spec.ts:80:1 › all operational panels and controls fit the available viewport without scrolling (1.0s)
  ✓   68 [chromium] › e2e/customer-error-states.spec.ts:16:3 › parent shows contextual API failures at desktop and mobile widths (301ms)
  ✓   69 [chromium] › e2e/customer-error-states.spec.ts:16:3 › tenant administrator shows contextual API failures at desktop and mobile widths (197ms)
  ✓   71 [chromium] › e2e/customer-error-states.spec.ts:30:3 › Instructor grading-items server failure preserves retry and never claims an empty queue (504ms)
  ✓   66 [chromium] › e2e/customer-error-states.spec.ts:16:3 › advisor shows contextual API failures at desktop and mobile widths (1.4s)
  ✓   67 [chromium] › e2e/customer-error-states.spec.ts:16:3 › counsellor shows contextual API failures at desktop and mobile widths (1.4s)
  ✓   72 [chromium] › e2e/customer-error-states.spec.ts:30:3 › Instructor grading-items network failure preserves retry and never claims an empty queue (351ms)
  ✓   73 [chromium] › e2e/customer-error-states.spec.ts:30:3 › Instructor grading-items missing payload failure preserves retry and never claims an empty queue (381ms)
  ✓   74 [chromium] › e2e/customer-error-states.spec.ts:60:1 › Combined instructor/advisor keeps failed teaching reads distinct from empty results (297ms)
  ✓   75 [chromium] › e2e/customer-error-states.spec.ts:70:1 › Student course and calendar read failures never masquerade as empty records (444ms)
  ✓   70 [chromium] › e2e/customer-error-states.spec.ts:16:3 › system administrator shows contextual API failures at desktop and mobile widths (1.4s)
  ✓   76 [chromium] › e2e/customer-error-states.spec.ts:87:3 › Student distinguishes COURSE_HOURS_NOT_FOUND from a failed balance read (405ms)
  ✓   77 [chromium] › e2e/customer-error-states.spec.ts:87:3 › Student distinguishes COURSE_NOT_FOUND from a failed balance read (573ms)
  ✓   78 [chromium] › e2e/customer-error-states.spec.ts:103:1 › Parent header opens the parent inbox without calling the forbidden learner notification API (584ms)
  ✓   80 [chromium] › e2e/dashboard-course-layout.spec.ts:40:1 › advisor schedule preserves available sessions and retries a failed course read (480ms)
  ✓   81 [chromium] › e2e/dashboard-detail-parity.spec.ts:7:1 › advisor priority, task transitions and dated schedule use the supplied API fields (862ms)
  ✓   82 [chromium] › e2e/dashboard-detail-parity.spec.ts:55:1 › system exam record and every protected section preview have actual read consumers (819ms)
  ✓   84 [chromium] › e2e/delivery-readiness.spec.ts:65:1 › login without a display name resolves the structured profile and preserves a single course slot (449ms)
  ✓   85 [chromium] › e2e/delivery-readiness.spec.ts:81:64 › legacy /post opens real courses without prototype controls (345ms)
  ✓   83 [chromium] › e2e/delivery-readiness.spec.ts:23:1 › reports use the student-wide zero-based feed and explicit report course identity (1.1s)
  ✓   87 [chromium] › e2e/delivery-readiness.spec.ts:81:64 › legacy /create/assignment opens real courses without prototype controls (341ms)
  ✓   86 [chromium] › e2e/delivery-readiness.spec.ts:81:64 › legacy /post/1 opens real courses without prototype controls (387ms)
  ✓   88 [chromium] › e2e/delivery-readiness.spec.ts:90:1 › tenant header resolves its own directory name without calling a teaching profile (411ms)
  ✓   89 [chromium] › e2e/delivery-readiness.spec.ts:107:1 › mock assignment includes later cohort pages, structured names, and missing-paper guidance (549ms)
  ✓   90 [chromium] › e2e/disclosure-ui.spec.ts:32:3 › visible primary fields preserve drafts and optional skills reveal validation at 1440px (1.2s)
  ✓   91 [chromium] › e2e/disclosure-ui.spec.ts:77:3 › white course cards remain readable and date popovers never cover their anchor at 1440px (1.3s)
  ✓   94 [chromium] › e2e/disclosure-ui.spec.ts:122:1 › intake keeps primary fields visible with native form validation (457ms)
  ✓   92 [chromium] › e2e/disclosure-ui.spec.ts:32:3 › visible primary fields preserve drafts and optional skills reveal validation at 390px (1.3s)
  ✓   79 [chromium] › e2e/dashboard-course-layout.spec.ts:4:1 › student course cards keep two desktop slots regardless of enrolment count (4.2s)
  ✓   93 [chromium] › e2e/disclosure-ui.spec.ts:77:3 › white course cards remain readable and date popovers never cover their anchor at 390px (1.1s)
  ✓   97 [chromium] › e2e/figma-parity.spec.ts:51:1 › tasks use actual status counts and open their checkpoint (487ms)
  ✓   95 [chromium] › e2e/exam-navigation.spec.ts:4:1 › exam navigation preserves answers and displays only released results (890ms)
  ✓   98 [chromium] › e2e/figma-parity.spec.ts:63:1 › profile uses released assessments and crops before uploading a photo (751ms)
  ✓  100 [chromium] › e2e/figma-parity.spec.ts:118:1 › advisor messages is a distinct directory and conversation workspace (410ms)
  ✓   96 [chromium] › e2e/figma-parity.spec.ts:13:1 › course cards and material reader preserve real progress and discussion writes (1.4s)
  ✓   99 [chromium] › e2e/figma-parity.spec.ts:85:1 › calendar retains local times and current versions when creating and editing (809ms)
  ✓  101 [chromium] › e2e/figma-parity.spec.ts:127:1 › TA membership preserves course permissions within the shared course design (409ms)
  ✓  103 [chromium] › e2e/figma-parity.spec.ts:147:1 › student has no unsupported AI entry or direct route (330ms)
  ✓  102 [chromium] › e2e/figma-parity.spec.ts:137:1 › advisor dashboard and students retain distinct workspaces at both breakpoints (611ms)
  ✓  106 [chromium] › e2e/instructor-roster-navigation.spec.ts:72:1 › mobile roster deep links display structured names and keep a usable parent route (421ms)
  ✓  105 [chromium] › e2e/instructor-roster-navigation.spec.ts:59:1 › a roster opened from course overview returns there, then back to the catalogue (607ms)
  ✓  107 [chromium] › e2e/instructor-roster-navigation.spec.ts:83:1 › course TAs do not receive an instructor-only learner roster shortcut (338ms)
  ✓  104 [chromium] › e2e/instructor-roster-navigation.spec.ts:27:1 › instructor opens the learner roster, reads names, filters and returns to the course list (853ms)
  ✓  109 [chromium] › e2e/instructor-weeks.spec.ts:248:3 › Overview omitSummary preserves entered text (636ms)
  ✓  111 [chromium] › e2e/instructor-weeks.spec.ts:248:3 › Overview failRead preserves entered text (635ms)
  ✓  110 [chromium] › e2e/instructor-weeks.spec.ts:208:1 › Summary partial save, readback, publish and reorder use the supported contracts (891ms)
  ✓  108 [chromium] › e2e/instructor-weeks.spec.ts:162:1 › Weeks use one detail with filtering, paging and persistent selection (1.2s)
  ✓  112 [chromium] › e2e/instructor-weeks.spec.ts:248:3 › Overview failPatch preserves entered text (597ms)
  ✓  113 [chromium] › e2e/instructor-weeks.spec.ts:270:1 › Create and delete an empty week; download ZIP; archived content stays read-only (773ms)
  ✓  114 [chromium] › e2e/instructor-weeks.spec.ts:313:3 › Week workspace layout and material tools at 1600px (1.0s)
  ✓  115 [chromium] › e2e/instructor-weeks.spec.ts:313:3 › Week workspace layout and material tools at 1280px (987ms)
  ✓  118 [chromium] › e2e/instructor-weeks.spec.ts:379:1 › Overview detail read fills a missing list projection without blocking materials (277ms)
  ✓  116 [chromium] › e2e/instructor-weeks.spec.ts:313:3 › Week workspace layout and material tools at 1024px (955ms)
  ✓  117 [chromium] › e2e/instructor-weeks.spec.ts:313:3 › Week workspace layout and material tools at 390px (852ms)
  ✓  119 [chromium] › e2e/instructor-weeks.spec.ts:400:1 › Material menu remains operable on a phone and sends a real rename request (528ms)
  ✓  120 [chromium] › e2e/instructor-weeks.spec.ts:444:1 › Course editor preserves structured instructor names and sends only changed fields (499ms)
  ✓  121 [chromium] › e2e/instructor-weeks.spec.ts:488:1 › Unconfirmed new overview cannot repeat creation through Enter (593ms)
  ✓  124 [chromium] › e2e/instructor-workspace-design.spec.ts:5:1 › Pending report saves freeze inputs and preserve the submitted snapshot (509ms)
  ✓  122 [chromium] › e2e/instructor-weeks.spec.ts:513:1 › configured delivery keeps instructor week authoring independent of course administration (886ms)
  ✓  123 [chromium] › e2e/instructor-weeks.spec.ts:529:1 › configured course instructor can upload the required syllabus without course administration (625ms)
  ✓  125 [chromium] › e2e/instructor-workspace-design.spec.ts:24:1 › An unavailable grading queue with an empty fallback never claims zero pending (503ms)
  ✓  126 [chromium] › e2e/instructor-workspace-design.spec.ts:34:1 › An unresolved grading projection never appears as an empty queue (443ms)
  ✓  127 [chromium] › e2e/instructor-workspace-design.spec.ts:51:1 › Material links with ambiguous identities remain read-only (499ms)
  ✓  129 [chromium] › e2e/instructor-workspace-design.spec.ts:106:1 › Attendance conflicts preserve choices and disable repeat stale writes (555ms)
  ✓  130 [chromium] › e2e/instructor-workspace-design.spec.ts:117:1 › Missing attendance version never produces a write (357ms)
  ✓  131 [chromium] › e2e/instructor-workspace-design.spec.ts:125:1 › Writing grading keeps the score and feedback workflow (459ms)
  ✓  132 [chromium] › e2e/instructor-workspace-design.spec.ts:135:1 › Instructor can inspect dates and attendance without Advisor schedule actions (411ms)
  ✓  128 [chromium] › e2e/instructor-workspace-design.spec.ts:61:1 › Instructor course workflows preserve versions, publishing rules, and protected material actions (1.5s)
  ✓  133 [chromium] › e2e/instructor-workspace-design.spec.ts:148:1 › Course downloads, roster search and availability retain existing API flows (1.5s)
  ✓  134 [chromium] › e2e/instructor-workspace-design.spec.ts:174:3 › Instructor surfaces align at 2560px with no horizontal overflow (7.6s)
  ✓  135 [chromium] › e2e/instructor-workspace-design.spec.ts:174:3 › Instructor surfaces align at 1920px with no horizontal overflow (7.6s)
  ✓  136 [chromium] › e2e/instructor-workspace-design.spec.ts:174:3 › Instructor surfaces align at 1600px with no horizontal overflow (7.3s)
  ✓  137 [chromium] › e2e/instructor-workspace-design.spec.ts:174:3 › Instructor surfaces align at 1440px with no horizontal overflow (7.3s)
  ✓  138 [chromium] › e2e/instructor-workspace-design.spec.ts:174:3 › Instructor surfaces align at 1024px with no horizontal overflow (7.4s)
  ✓  139 [chromium] › e2e/instructor-workspace-design.spec.ts:174:3 › Instructor surfaces align at 768px with no horizontal overflow (7.4s)
  ✓  140 [chromium] › e2e/instructor-workspace-design.spec.ts:174:3 › Instructor surfaces align at 390px with no horizontal overflow (7.3s)
  ✓  142 [chromium] › e2e/latest-role-contracts.spec.ts:4:1 › Student message pagination follows the server cursor and stops at hasMore false (244ms)
  ✓  144 [chromium] › e2e/login.smoke.spec.ts:3:1 › login page is reachable (168ms)
  ✓  143 [chromium] › e2e/latest-role-contracts.spec.ts:20:1 › Parent calendar uses the date-window contract and displays UTC session times (390ms)
  ✓  147 [chromium] › e2e/mock-exam-authoring.spec.ts:157:3 › long multilingual content remains usable at 320px (224ms)
  ✓  141 [chromium] › e2e/instructor-workspace-design.spec.ts:174:3 › Instructor surfaces align at 320px with no horizontal overflow (7.2s)
  ✓  146 [chromium] › e2e/material-reader.spec.ts:134:1 › a corrupt PDF has a recoverable error and retries protected preview bytes (597ms)
  ✓  148 [chromium] › e2e/mock-exam-authoring.spec.ts:157:3 › long multilingual content remains usable at 768px (335ms)
  ✓  149 [chromium] › e2e/mock-exam-authoring.spec.ts:194:3 › guided authoring, preview, review and retry at 1752px (886ms)
  ✓  150 [chromium] › e2e/mock-exam-authoring.spec.ts:194:3 › guided authoring, preview, review and retry at 1440px (850ms)
  ✓  145 [chromium] › e2e/material-reader.spec.ts:25:1 › course materials preview actual media, retry failures and preserve ordered navigation (1.6s)
  ✓  151 [chromium] › e2e/mock-exam-authoring.spec.ts:194:3 › guided authoring, preview, review and retry at 1024px (876ms)
  ✓  152 [chromium] › e2e/mock-exam-authoring.spec.ts:194:3 › guided authoring, preview, review and retry at 390px (819ms)
  ✓  153 [chromium] › e2e/mock-exam-authoring.spec.ts:381:3 › complete Reading file import previews and posts once at 1440px (853ms)
  ✓  154 [chromium] › e2e/mock-exam-authoring.spec.ts:381:3 › complete Reading file import previews and posts once at 768px (902ms)
  ✓  155 [chromium] › e2e/mock-exam-authoring.spec.ts:381:3 › complete Reading file import previews and posts once at 390px (884ms)
  ✓  157 [chromium] › e2e/mock-exam-authoring.spec.ts:489:3 › Reading import modal preserves input and keyboard focus at 1440px (674ms)
  ✓  158 [chromium] › e2e/mock-exam-authoring.spec.ts:489:3 › Reading import modal preserves input and keyboard focus at 390px (640ms)
  ✓  156 [chromium] › e2e/mock-exam-authoring.spec.ts:381:3 › complete Reading file import previews and posts once at 320px (842ms)
  ✓  159 [chromium] › e2e/mock-exam-authoring.spec.ts:591:1 › Reading paste import protects existing work and rejects invalid media references (631ms)
  ✓  162 [chromium] › e2e/mock-exam-authoring.spec.ts:732:1 › review finds hidden-part errors and changing a type never silently clears content (580ms)
  ✓  163 [chromium] › e2e/mock-exam-authoring.spec.ts:763:1 › official answers reject invalid input and save equivalent alternatives through retry (633ms)
  ✓  160 [chromium] › e2e/mock-exam-authoring.spec.ts:643:1 › reading and writing use text fields and retain drafts across section navigation (964ms)
  ✓  164 [chromium] › e2e/operations-dialog-regressions.spec.ts:22:3 › enrollment opens a contained modal with a usable reason at 1440px (508ms)
  ✓  165 [chromium] › e2e/operations-dialog-regressions.spec.ts:48:3 › counsellor create uses the shared intake modal at 1440px (534ms)
  ✓  161 [chromium] › e2e/mock-exam-authoring.spec.ts:699:1 › discard confirms its scope, preserves another section and does not delete uploaded media (1.2s)
  ✓  166 [chromium] › e2e/operations-dialog-regressions.spec.ts:22:3 › enrollment opens a contained modal with a usable reason at 390px (458ms)
  ✓  167 [chromium] › e2e/operations-dialog-regressions.spec.ts:48:3 › counsellor create uses the shared intake modal at 390px (410ms)
  ✓  168 [chromium] › e2e/operations-dialog-regressions.spec.ts:22:3 › enrollment opens a contained modal with a usable reason at 320px (479ms)
  ✓  169 [chromium] › e2e/operations-dialog-regressions.spec.ts:48:3 › counsellor create uses the shared intake modal at 320px (440ms)
  ✓  170 [chromium] › e2e/operations-dialog-regressions.spec.ts:70:1 › withdrawal preserves the reason and idempotency key after failure (479ms)
  ✓  174 [chromium] › e2e/operations-dialog-regressions.spec.ts:193:1 › course readiness fraction remains centered within its circle (227ms)
  ✓  171 [chromium] › e2e/operations-dialog-regressions.spec.ts:94:1 › enrollment conflict requires an explicit reload and preserves the reason (570ms)
  ✓  172 [chromium] › e2e/operations-dialog-regressions.spec.ts:123:1 › counsellor creation retains its API, pending lock and retry key (479ms)
  ✓  177 [chromium] › e2e/parent-navigation.spec.ts:109:1 › a schedule change uses the selected student and preserves contracted wall-clock values (455ms)
  ✓  173 [chromium] › e2e/operations-dialog-regressions.spec.ts:158:1 › owner picker keeps radio, identity and role in one row inside an owner form (1.0s)
  ✓  175 [chromium] › e2e/parent-navigation.spec.ts:41:1 › Parent areas and focused subviews keep student context across navigation and history (1.1s)
  ✓  179 [chromium] › e2e/quiz-grading.spec.ts:11:1 › teacher reviews quiz results and uses explicit bulk selection (482ms)
  ✓  178 [chromium] › e2e/parent-pagination.spec.ts:4:1 › parent cursor messages and paginated notifications remain usable after switching sections (655ms)
  ✓  181 [chromium] › e2e/record-workspace-polish.spec.ts:285:1 › profile saves its reviewed version and support attachments retain the actual send contract (692ms)
  ✓  183 [chromium] › e2e/record-workspace-polish.spec.ts:479:1 › support report links and course changes retain their own IDs and reviewed versions (1.1s)
  ✓  184 [chromium] › e2e/responsive-layout.spec.ts:70:1 › student dashboard fills its fluid workspace from mobile through ultra-wide viewports (592ms)
  ✓  182 [chromium] › e2e/record-workspace-polish.spec.ts:322:1 › tenant record combines same-student intake and parent management with versioned reassignment (2.7s)
  ✓  186 [chromium] › e2e/rich-text-formatting.spec.ts:11:1 › teacher can remove bold formatting and a newly selected annotated file (1.3s)
  ✓  176 [chromium] › e2e/parent-navigation.spec.ts:70:1 › Parent navigation and content fit desktop, tablet and mobile (6.0s)
  ✓  185 [chromium] › e2e/responsive-layout.spec.ts:114:1 › shared shell keeps every role navigation label readable on desktop (2.5s)
  ✓  189 [chromium] › e2e/role-contract-audit.spec.ts:130:3 › STUDENT cannot enter another role's workspace or call its APIs (256ms)
  ✓  180 [chromium] › e2e/record-workspace-polish.spec.ts:178:1 › advisor record pages share aligned panels and discoverable navigation at desktop and phone sizes (5.4s)
  ✓  190 [chromium] › e2e/role-contract-audit.spec.ts:130:3 › INSTRUCTOR cannot enter another role's workspace or call its APIs (190ms)
  ✓  187 [chromium] › e2e/role-contract-audit.spec.ts:12:1 › parent can request absence, read exam results, load older messages, and retry without duplicate messages (1.3s)
  ✓  191 [chromium] › e2e/role-contract-audit.spec.ts:130:3 › ADVISOR cannot enter another role's workspace or call its APIs (200ms)
  ✓  192 [chromium] › e2e/role-contract-audit.spec.ts:130:3 › COUNSELLOR cannot enter another role's workspace or call its APIs (221ms)
  ✓  193 [chromium] › e2e/role-contract-audit.spec.ts:130:3 › PARENT cannot enter another role's workspace or call its APIs (219ms)
  ✓  188 [chromium] › e2e/role-contract-audit.spec.ts:82:1 › student operations distinguish unavailable alerts and preserve event detail version across a retry (880ms)
  ✓  196 [chromium] › e2e/role-interactions.spec.ts:87:1 › student dashboard keeps unsupported AI unavailable (138ms)
  ✓  194 [chromium] › e2e/role-contract-audit.spec.ts:130:3 › NOT_APPLICABLE cannot enter another role's workspace or call its APIs (252ms)
  ✓  195 [chromium] › e2e/role-interactions.spec.ts:52:1 › student can enter both learning products but not advisor operations (786ms)
  ✓  200 [chromium] › e2e/role-interactions.spec.ts:286:1 › student advising view presents profile, plan, and tasks with scannable hierarchy (437ms)
  ✓  197 [chromium] › e2e/role-interactions.spec.ts:96:1 › instructor dashboard uses teaching data and availability edits preserve every record (1.1s)
  ✓  198 [chromium] › e2e/role-interactions.spec.ts:184:1 › advisor can assign a published mock exam and cannot enter Vocabulary (1.2s)
  ✓  201 [chromium] › e2e/role-interactions.spec.ts:303:1 › non-student roles remain outside Vocabulary and parent stays outside standalone mock exams (406ms)
  ✓  199 [chromium] › e2e/role-interactions.spec.ts:235:1 › advisor profile and study-plan editors explain record semantics and progressively disclose detail (1.5s)
  ✓  202 [chromium] › e2e/role-interactions.spec.ts:313:1 › counsellor dashboard keeps count help contextual and the create form marks contract requirements (592ms)
  ✓  205 [chromium] › e2e/role-interactions.spec.ts:512:1 › tenant admin never sees or requests the system course catalogue (311ms)
  ✓  203 [chromium] › e2e/role-interactions.spec.ts:334:1 › counsellor completes intake, parent link, edit, and first advisor handover as one workflow (967ms)
  ✓  204 [chromium] › e2e/role-interactions.spec.ts:474:1 › tenant intake rows, filters, management panel, and advisor dialog stay aligned and actionable (731ms)
  ✓  207 [chromium] › e2e/role-interactions.spec.ts:627:1 › tenant admin reviews protected mock-exam media and publishes only after three-section preflight (707ms)
  ✓  208 [chromium] › e2e/role-interactions.spec.ts:690:1 › creating a mock-exam draft opens the new version builder immediately (394ms)
  ✓  206 [chromium] › e2e/role-interactions.spec.ts:537:1 › tenant admin can complete governance work using only the handoff routes (1.5s)
  ✓  209 [chromium] › e2e/shared-course-cards.spec.ts:53:3 › student reuses the course card at desktop, tablet and mobile widths (1.0s)
  ✓  210 [chromium] › e2e/shared-course-cards.spec.ts:53:3 › instructor reuses the course card at desktop, tablet and mobile widths (909ms)
  ✓  211 [chromium] › e2e/shared-course-cards.spec.ts:53:3 › advisor-owned reuses the course card at desktop, tablet and mobile widths (974ms)
  ✓  215 [chromium] › e2e/shared-course-cards.spec.ts:129:1 › system admin retains course actions without student progress (219ms)
  ✓  214 [chromium] › e2e/shared-course-cards.spec.ts:100:1 › course filtering, pagination, list view and details follow Student lifecycle filters (481ms)
  ✓  216 [chromium] › e2e/shared-course-cards.spec.ts:142:1 › instructor-advisor preserves both staff destinations (172ms)
  ✓  212 [chromium] › e2e/shared-course-cards.spec.ts:53:3 › advisor-student reuses the course card at desktop, tablet and mobile widths (1.1s)
  ✓  213 [chromium] › e2e/shared-course-cards.spec.ts:53:3 › parent reuses the course card at desktop, tablet and mobile widths (1.1s)
  ✓  220 [chromium] › e2e/shared-course-cards.spec.ts:225:1 › long course data, open enrollment controls and touch targets fit a narrow screen (335ms)
  ✓  219 [chromium] › e2e/shared-course-cards.spec.ts:176:1 › manager archive, restore and confirmed delete preserve API methods and failures (583ms)
  ✓  221 [chromium] › e2e/student-checkpoint-design.spec.ts:33:1 › Figma task workspace preserves drafts, uses versioned mutations, and supports deep links (593ms)
  ✓  222 [chromium] › e2e/student-checkpoint-design.spec.ts:64:1 › Figma task workspace filters, sorts, paginates, and fits mobile details (442ms)
  ✓  218 [chromium] › e2e/shared-course-cards.spec.ts:168:1 › missing schedule data is an error, not an empty schedule (1.4s)
  ✓  217 [chromium] › e2e/shared-course-cards.spec.ts:151:1 › schedule failure stays retryable and reduced motion keeps the accent instant (1.5s)
  ✓  224 [chromium] › e2e/student-checkpoint-design.spec.ts:99:1 › checkpoint layout reflows across viewport sizes without fixed page widths (343ms)
  ✓  223 [chromium] › e2e/student-checkpoint-design.spec.ts:86:1 › stale task and checkpoint links recover without routing to a missing screen (559ms)
  ✓  226 [chromium] › e2e/student-refinement.spec.ts:77:1 › learning details use course filters, published reports, and dated schedule requests (847ms)
  ✓  228 [chromium] › e2e/teaching-grading-link.spec.ts:4:1 › Week 1 grading queue opens the registered grading page despite an incompatible backend link (476ms)
  ✓  227 [chromium] › e2e/student-refinement.spec.ts:112:1 › discussion preserves a failed draft and submits reply attachments without a nested thread (764ms)
  ✓  229 [chromium] › e2e/teaching-grading-link.spec.ts:36:1 › Advisor reads paginated conversations and searches instructors through Advisor APIs (717ms)
  ✓  225 [chromium] › e2e/student-refinement.spec.ts:43:1 › student dashboard, learning overview, and discussion retain their reference composition (2.2s)
  ✓  232 [chromium] › e2e/tenant-admin-design.spec.ts:161:1 › tenant intake search uses the correct ID parameter and account management opens in a drawer (767ms)
  ✓  231 [chromium] › e2e/tenant-admin-design.spec.ts:116:1 › governance secondary filters and policy summaries remain usable on mobile (1.5s)
  ✓  235 [chromium] › e2e/tenant-admin-design.spec.ts:238:3 › deleting listening media clears references in other unsaved units and storage (564ms)
  ✓  234 [chromium] › e2e/tenant-admin-design.spec.ts:203:1 › delayed upload stays with its originating part and preserves intervening edits (829ms)
  ✓  233 [chromium] › e2e/tenant-admin-design.spec.ts:176:1 › composer keeps tab drafts and submits every part once then becomes read only (967ms)
  ✓  236 [chromium] › e2e/tenant-admin-design.spec.ts:238:3 › deleting reading media clears references in other unsaved units and storage (715ms)
  ✓  237 [chromium] › e2e/tenant-admin-design.spec.ts:238:3 › deleting writing media clears references in other unsaved units and storage (751ms)
  ✓  238 [chromium] › e2e/tenant-admin-design.spec.ts:262:1 › intake write errors stay inside the active drawer and reset when changing records (894ms)
  ✓  239 [chromium] › e2e/tenant-admin-design.spec.ts:285:1 › an in-flight reading upload keeps its question identity when another group is removed (839ms)
  ✓  241 [chromium] › e2e/tenant-alert-rules.spec.ts:163:1 › editor drafts, real switch fields, whole-policy save, and reload stay consistent (1.0s)
  ✓  242 [chromium] › e2e/tenant-alert-rules.spec.ts:194:1 › missing system defaults remain quiet, read only, and free of invented thresholds (485ms)
  ✓  243 [chromium] › e2e/tenant-alert-rules.spec.ts:226:1 › failed saves keep edits and pending saves block duplicate writes (462ms)
  ✓  244 [chromium] › e2e/uiux-consistency.spec.ts:27:1 › queue actions have separate targets; advisor identity, avatar and selection stay aligned (839ms)
  ✓  245 [chromium] › e2e/uiux-consistency.spec.ts:57:1 › save stays on the form; the primary next step saves dirty data before navigating (734ms)
  ✓  240 [chromium] › e2e/tenant-alert-rules.spec.ts:76:1 › low-density rules and focused editor work across device widths (2.5s)
  ✓  230 [chromium] › e2e/tenant-admin-design.spec.ts:68:1 › tenant reference layouts render across desktop and mobile without page overflow (5.6s)
  ✓  249 [chromium] › e2e/vocabulary.spec.ts:115:1 › library remains usable without horizontal overflow on mobile (216ms)
  ✓  248 [chromium] › e2e/uiux-consistency.spec.ts:152:1 › TA permissions reuse the modal focus and small-screen behavior (348ms)
  ✓  250 [chromium] › e2e/vocabulary.spec.ts:128:1 › resumes a paused session from the library before opening its cards (263ms)
  ✓  246 [chromium] › e2e/uiux-consistency.spec.ts:83:1 › instructor combobox searches, selects with keys, clears and dismisses without closing its dialog (1.1s)
  ✓  251 [chromium] › e2e/vocabulary.spec.ts:160:1 › test mode requires reveal before rating and hides the LMS shell (408ms)
  ✓  252 [chromium] › e2e/vocabulary.spec.ts:183:1 › offers recovery when a card action discovers that the session is paused (355ms)
  ✓  253 [chromium] › e2e/vocabulary.spec.ts:209:1 › identifies and ends the session blocking a different mode (250ms)
  ✓  247 [chromium] › e2e/uiux-consistency.spec.ts:117:1 › instructor results preserve pagination, errors and the selected identity across query changes (1.2s)
  ✓  255 [chromium] › e2e/workspace-composition.spec.ts:38:1 › advisor sidebar routes operations out of the dashboard (866ms)
  ✓  256 [chromium] › e2e/workspace-composition.spec.ts:59:1 › advisor student summary and journey follow the Figma composition with real decisions (909ms)
  ✓  257 [chromium] › e2e/workspace-composition.spec.ts:106:1 › directory refresh preserves filters and visibly updates records (890ms)
  ✓  254 [chromium] › e2e/workspace-composition.spec.ts:9:1 › enrolments remain visible without deadlines and learning modules share the desktop canvas (1.4s)
  ✓  259 [chromium] › e2e/workspace-composition.spec.ts:175:1 › settings compiles real token colors and saves through the profile API (525ms)
  ✓  261 [chromium] › e2e/workspace-composition.spec.ts:209:1 › writing exam confirms, submits actual text and shows the returned success state (329ms)
  ✓  260 [chromium] › e2e/workspace-composition.spec.ts:195:1 › course material fills the workspace with no unsupported AI controls (521ms)
  ✓  258 [chromium] › e2e/workspace-composition.spec.ts:130:1 › create intake modal preserves drafts after errors and restores focus on dismissal (795ms)
  ✓  263 [chromium] › e2e/workspace-composition.spec.ts:255:1 › schedule version conflicts stay blocked after a failed reload (503ms)
  ✓  262 [chromium] › e2e/workspace-composition.spec.ts:232:1 › six journey phases and long task lists remain usable on desktop and mobile (583ms)
  ✓  264 [chromium] › e2e/workspace-composition.spec.ts:277:1 › registration advances through account, details and verification without losing input (732ms)

  264 passed (1.1m)
