
> lms@0.0.0 test:e2e
> playwright test

[WebServer] (node:78251) Warning: The 'NO_COLOR' env is ignored due to the 'FORCE_COLOR' env being set.
[WebServer] (Use `node --trace-warnings ...` to show where the warning was created)
[WebServer] (node:78251) [DEP0205] DeprecationWarning: `module.register()` is deprecated. Use `module.registerHooks()` instead.

Running 327 tests using 5 workers

(node:78258) Warning: The 'NO_COLOR' env is ignored due to the 'FORCE_COLOR' env being set.
(Use `node --trace-warnings ...` to show where the warning was created)
(node:78254) Warning: The 'NO_COLOR' env is ignored due to the 'FORCE_COLOR' env being set.
(Use `node --trace-warnings ...` to show where the warning was created)
(node:78256) Warning: The 'NO_COLOR' env is ignored due to the 'FORCE_COLOR' env being set.
(Use `node --trace-warnings ...` to show where the warning was created)
(node:78257) Warning: The 'NO_COLOR' env is ignored due to the 'FORCE_COLOR' env being set.
(Use `node --trace-warnings ...` to show where the warning was created)
(node:78255) Warning: The 'NO_COLOR' env is ignored due to the 'FORCE_COLOR' env being set.
(Use `node --trace-warnings ...` to show where the warning was created)
  ✓    3 [chromium] › e2e/advisor-course-release-audit.spec.ts:40:1 › release audit: denied class dates remain a permission state, not an empty schedule (692ms)
  ✓    1 [chromium] › e2e/advisor-course-management.spec.ts:23:1 › owned-course workspace fills the desktop canvas and filters real records (954ms)
  ✓    4 [chromium] › e2e/advisor-course-release-audit.spec.ts:4:1 › release audit: class dates load on demand and failures stay in their own section (956ms)
  ✓    5 [chromium] › e2e/advisor-course-management.spec.ts:40:1 › delivery workspace keeps its 8+4 hierarchy and uses versioned launch actions (1.3s)
  ✓    2 [chromium] › e2e/advisor-course-release-audit.spec.ts:51:1 › release audit: failed schedule writes retry idempotently and block launch across tabs (1.3s)
  ✓    7 [chromium] › e2e/advisor-course-release-audit.spec.ts:122:1 › release audit: configuration error recovery hydrates the required version and saves real input (445ms)
  ✓    6 [chromium] › e2e/advisor-course-release-audit.spec.ts:83:1 › release audit: create group course sends the selected instructor and course-local dates (779ms)
  ✓    8 [chromium] › e2e/advisor-course-release-audit.spec.ts:104:1 › release audit: search, lifecycle and pagination use the owned-course query contract (587ms)
  ✓    9 [chromium] › e2e/advisor-course-release-audit.spec.ts:144:1 › release audit: only the precise config-not-found response enables first configuration (613ms)
  ✓   11 [chromium] › e2e/advisor-course-release-audit.spec.ts:179:1 › release audit: direct schedule load generates course-local term dates through the documented endpoint (539ms)
  ✓   12 [chromium] › e2e/advisor-course-release-audit.spec.ts:194:1 › release audit: recurring edit and duplicate use complete templates and distinct idempotent operations (508ms)
  ✓   13 [chromium] › e2e/advisor-course-release-audit.spec.ts:223:1 › release audit: version conflict preserves input and retries with the refreshed version (527ms)
  ✓   10 [chromium] › e2e/advisor-course-release-audit.spec.ts:161:1 › release audit: one-on-one, missing-version and published configurations cannot schedule here (874ms)
  ✓   15 [chromium] › e2e/advisor-course-release-audit.spec.ts:273:1 › release audit: changing course identity resets drafts even when versions coincide (429ms)
  ✓   17 [chromium] › e2e/advisor-course-release-audit.spec.ts:324:1 › release audit: forbidden delivery must not enable scheduling writes (346ms)
  ✓   18 [chromium] › e2e/advisor-course-release-audit.spec.ts:332:1 › release audit: catalog input respects the consumed API maximum of 64 (407ms)
  ✓   14 [chromium] › e2e/advisor-course-release-audit.spec.ts:249:1 › release audit: returning to the list refreshes saved delivery data and summary counts (708ms)
  ✓   19 [chromium] › e2e/advisor-course-release-audit.spec.ts:340:1 › release audit: maximum-length catalog codes stay within course cards (714ms)
  ✓   20 [chromium] › e2e/advisor-course-release-audit.spec.ts:364:1 › new group courses prepare recurring sessions before delivery locks their templates (811ms)
  ✓   22 [chromium] › e2e/advisor-course-release-audit.spec.ts:427:1 › publish rejection exposes current readiness blockers across delivery views (647ms)
  ✓   21 [chromium] › e2e/advisor-course-release-audit.spec.ts:402:1 › ready courses can publish without repeating the draft readiness transition (788ms)
  ✓   23 [chromium] › e2e/advisor-create-course-dialog.spec.ts:25:1 › both create entry points open a modal and return focus without moving the course list (822ms)
  ✓   24 [chromium] › e2e/advisor-create-course-dialog.spec.ts:62:3 › create course modal reflows and keeps every control reachable at 1440px (1.1s)
  ✓   25 [chromium] › e2e/advisor-create-course-dialog.spec.ts:62:3 › create course modal reflows and keeps every control reachable at 768px (1.1s)
  ✓   26 [chromium] › e2e/advisor-create-course-dialog.spec.ts:62:3 › create course modal reflows and keeps every control reachable at 390px (1.1s)
  ✓   27 [chromium] › e2e/advisor-create-course-dialog.spec.ts:62:3 › create course modal reflows and keeps every control reachable at 320px (981ms)
  ✓   30 [chromium] › e2e/advisor-student-figma.spec.ts:6:1 › multi-page student list stays within the smallest supported viewports (427ms)
  ✓   29 [chromium] › e2e/advisor-create-course-dialog.spec.ts:133:1 › date-order validation remains active inside the modal (823ms)
  ✓   28 [chromium] › e2e/advisor-create-course-dialog.spec.ts:94:1 › pending creation blocks dismissal and retries preserve the payload and idempotency key (996ms)
  ✓   33 [chromium] › e2e/advisor-student-figma.spec.ts:97:1 › long returned course strings do not widen the course chooser (676ms)
  ✓   31 [chromium] › e2e/advisor-student-figma.spec.ts:26:1 › journey and progress reflow without exposing unknown-state request actions (980ms)
  ✓   34 [chromium] › e2e/advisor-student-figma.spec.ts:114:1 › advisor student list keeps the Figma hierarchy across desktop and mobile (541ms)
  ✓   32 [chromium] › e2e/advisor-student-figma.spec.ts:63:1 › one-to-one creation sends contract session enums and versioned payload (1.4s)
  ✓   38 [chromium] › e2e/advisor-student-figma.spec.ts:246:1 › advisor exam cards and assignment dialog use the supported exam contract (706ms)
  ✓   37 [chromium] › e2e/advisor-student-figma.spec.ts:235:1 › a malformed course page cannot crash the course chooser (1.2s)
  ✓   36 [chromium] › e2e/advisor-student-figma.spec.ts:210:1 › course search distinguishes an empty response from failure and can retry (1.3s)
  ✓   35 [chromium] › e2e/advisor-student-figma.spec.ts:135:1 › add course loads the first 20 options and course cards expose returned schedules (1.4s)
  ✓   40 [chromium] › e2e/all-role-responsive.spec.ts:56:3 › student shares the design scale and fits responsive widths (861ms)
  ✓   41 [chromium] › e2e/all-role-responsive.spec.ts:56:3 › advisor shares the design scale and fits responsive widths (821ms)
  ✓   44 [chromium] › e2e/all-role-responsive.spec.ts:56:3 › counsellor shares the design scale and fits responsive widths (540ms)
  ✓   43 [chromium] › e2e/all-role-responsive.spec.ts:56:3 › combined-instructor-advisor shares the design scale and fits responsive widths (653ms)
  ✓   42 [chromium] › e2e/all-role-responsive.spec.ts:56:3 › instructor shares the design scale and fits responsive widths (1.3s)
  ✓   39 [chromium] › e2e/advisor-version-history.spec.ts:6:1 › Advisor reads historic plan snapshots without changing the current draft or requesting unsupported profile history (2.0s)
  ✓   47 [chromium] › e2e/all-role-responsive.spec.ts:56:3 › system-admin shares the design scale and fits responsive widths (566ms)
  ✓   46 [chromium] › e2e/all-role-responsive.spec.ts:56:3 › tenant-admin shares the design scale and fits responsive widths (665ms)
  ✓   16 [chromium] › e2e/advisor-course-release-audit.spec.ts:299:1 › release audit: course routes preserve the same shell and fit their actual scroll container (7.5s)
  ✓   49 [chromium] › e2e/all-role-responsive.spec.ts:86:1 › student list filters still use the contract and opens the registered student route (244ms)
  ✓   48 [chromium] › e2e/all-role-responsive.spec.ts:56:3 › student-exams shares the design scale and fits responsive widths (481ms)
  ✓   50 [chromium] › e2e/all-role-responsive.spec.ts:97:1 › exam filters use supplied sections and states (420ms)
  ✓   45 [chromium] › e2e/all-role-responsive.spec.ts:56:3 › parent shares the design scale and fits responsive widths (1.2s)
  ✓   51 [chromium] › e2e/all-role-responsive.spec.ts:107:1 › advisor support cards align with the student summary and show primary content without disclosure (532ms)
  ✓   53 [chromium] › e2e/auth-figma-responsive.spec.ts:4:3 › Figma authentication composition remains usable at every width: /forgotpassword (556ms)
  ✓   52 [chromium] › e2e/auth-figma-responsive.spec.ts:4:3 › Figma authentication composition remains usable at every width: /login (603ms)
  ✓   54 [chromium] › e2e/calendar-permission-audit.spec.ts:5:3 › instructor personal-event 403 and retry contract at /calendar (549ms)
  ✓   55 [chromium] › e2e/calendar-permission-audit.spec.ts:5:3 › instructor personal-event 403 and retry contract at /my-operations (782ms)
  ✓   58 [chromium] › e2e/client-delivery.spec.ts:215:1 › system administration uses the managed-user contract without speculative tenant calls (632ms)
  ✓   57 [chromium] › e2e/client-delivery.spec.ts:121:1 › parent report pagination and attachment failures preserve student boundaries (723ms)
  ✓   56 [chromium] › e2e/client-delivery.spec.ts:20:1 › parent sees later linked students, nested academic data and independent learning errors (860ms)
  ✓   59 [chromium] › e2e/client-delivery.spec.ts:267:1 › writing grades keep drafts with their script and reuse the same request on retry (622ms)
  ✓   60 [chromium] › e2e/counsellor-dashboard.spec.ts:55:1 › counsellor workspace selects records and paginates using only existing reads (668ms)
  ✓   63 [chromium] › e2e/counsellor-dashboard.spec.ts:148:1 › empty unassigned queue offers creation without reconstructing assigned students (436ms)
  ✓   62 [chromium] › e2e/counsellor-dashboard.spec.ts:128:1 › small-screen help and parent-link failures keep actions visible (546ms)
  ✓   64 [chromium] › e2e/customer-error-states.spec.ts:16:3 › student shows contextual API failures at desktop and mobile widths (420ms)
  ✓   68 [chromium] › e2e/customer-error-states.spec.ts:16:3 › tenant administrator shows contextual API failures at desktop and mobile widths (445ms)
  ✓   67 [chromium] › e2e/customer-error-states.spec.ts:16:3 › parent shows contextual API failures at desktop and mobile widths (473ms)
  ✓   61 [chromium] › e2e/counsellor-dashboard.spec.ts:80:1 › all operational panels and controls fit the available viewport without scrolling (1.2s)
  ✓   71 [chromium] › e2e/customer-error-states.spec.ts:30:3 › Instructor grading-items network failure preserves retry and never claims an empty queue (432ms)
  ✓   70 [chromium] › e2e/customer-error-states.spec.ts:30:3 › Instructor grading-items server failure preserves retry and never claims an empty queue (608ms)
  ✓   65 [chromium] › e2e/customer-error-states.spec.ts:16:3 › advisor shows contextual API failures at desktop and mobile widths (1.5s)
  ✓   73 [chromium] › e2e/customer-error-states.spec.ts:60:1 › Combined instructor/advisor keeps failed teaching reads distinct from empty results (317ms)
  ✓   72 [chromium] › e2e/customer-error-states.spec.ts:30:3 › Instructor grading-items missing payload failure preserves retry and never claims an empty queue (404ms)
  ✓   66 [chromium] › e2e/customer-error-states.spec.ts:16:3 › counsellor shows contextual API failures at desktop and mobile widths (1.5s)
  ✓   69 [chromium] › e2e/customer-error-states.spec.ts:16:3 › system administrator shows contextual API failures at desktop and mobile widths (1.4s)
  ✓   74 [chromium] › e2e/customer-error-states.spec.ts:70:1 › Student course and calendar read failures never masquerade as empty records (664ms)
  ✓   79 [chromium] › e2e/dashboard-course-layout.spec.ts:40:1 › advisor schedule preserves available sessions and retries a failed course read (320ms)
  ✓   75 [chromium] › e2e/customer-error-states.spec.ts:87:3 › Student distinguishes COURSE_HOURS_NOT_FOUND from a failed balance read (1.1s)
  ✓   76 [chromium] › e2e/customer-error-states.spec.ts:87:3 › Student distinguishes COURSE_NOT_FOUND from a failed balance read (1.2s)
  ✓   77 [chromium] › e2e/customer-error-states.spec.ts:103:1 › Parent header opens the parent inbox without calling the forbidden learner notification API (1.3s)
  ✓   80 [chromium] › e2e/dashboard-detail-parity.spec.ts:7:1 › advisor priority, task transitions and dated schedule use the supplied API fields (887ms)
  ✓   83 [chromium] › e2e/delivery-readiness.spec.ts:65:1 › login without a display name resolves the structured profile and preserves a single course slot (592ms)
  ✓   81 [chromium] › e2e/dashboard-detail-parity.spec.ts:55:1 › system exam record and every protected section preview have actual read consumers (859ms)
  ✓   84 [chromium] › e2e/delivery-readiness.spec.ts:81:64 › legacy /post opens real courses without prototype controls (264ms)
  ✓   85 [chromium] › e2e/delivery-readiness.spec.ts:81:64 › legacy /post/1 opens real courses without prototype controls (333ms)
  ✓   86 [chromium] › e2e/delivery-readiness.spec.ts:81:64 › legacy /create/assignment opens real courses without prototype controls (410ms)
  ✓   87 [chromium] › e2e/delivery-readiness.spec.ts:90:1 › tenant header resolves its own directory name without calling a teaching profile (391ms)
  ✓   88 [chromium] › e2e/delivery-readiness.spec.ts:107:1 › mock assignment includes later cohort pages, structured names, and missing-paper guidance (585ms)
  ✓   82 [chromium] › e2e/delivery-readiness.spec.ts:23:1 › reports use the student-wide zero-based feed and explicit report course identity (1.8s)
  ✓   90 [chromium] › e2e/disclosure-ui.spec.ts:77:3 › white course cards remain readable and date popovers never cover their anchor at 1440px (1.2s)
  ✓   89 [chromium] › e2e/disclosure-ui.spec.ts:32:3 › visible primary fields preserve drafts and optional skills reveal validation at 1440px (1.5s)
  ✓   92 [chromium] › e2e/disclosure-ui.spec.ts:77:3 › white course cards remain readable and date popovers never cover their anchor at 390px (1.1s)
  ✓   93 [chromium] › e2e/disclosure-ui.spec.ts:122:1 › intake keeps primary fields visible with native form validation (383ms)
  ✓   91 [chromium] › e2e/disclosure-ui.spec.ts:32:3 › visible primary fields preserve drafts and optional skills reveal validation at 390px (1.4s)
  ✓   94 [chromium] › e2e/exam-navigation.spec.ts:8:3 › graded exam status and its filter agree in en (475ms)
  ✓   95 [chromium] › e2e/exam-navigation.spec.ts:8:3 › graded exam status and its filter agree in zh-CN (558ms)
  ✓   96 [chromium] › e2e/exam-navigation.spec.ts:8:3 › graded exam status and its filter agree in zh-TW (512ms)
  ✓   78 [chromium] › e2e/dashboard-course-layout.spec.ts:4:1 › student course cards keep two desktop slots regardless of enrolment count (4.3s)
  ✓   98 [chromium] › e2e/exam-navigation.spec.ts:68:3 › reading submits unanswered questions with empty values (333ms)
  ✓   99 [chromium] › e2e/exam-navigation.spec.ts:68:3 › listening submits unanswered questions with empty values (294ms)
  ✓  100 [chromium] › e2e/exam-navigation.spec.ts:95:3 › submitted writing opens saved responses and feedback in en (372ms)
  ✓  103 [chromium] › e2e/exam-navigation.spec.ts:123:3 › an already-submitted reading section cannot start again during an active exam (160ms)
  ✓  102 [chromium] › e2e/exam-navigation.spec.ts:95:3 › submitted writing opens saved responses and feedback in zh-TW (409ms)
  ✓  101 [chromium] › e2e/exam-navigation.spec.ts:95:3 › submitted writing opens saved responses and feedback in zh-CN (423ms)
  ✓  104 [chromium] › e2e/exam-navigation.spec.ts:123:3 › an already-submitted listening section cannot start again during an active exam (209ms)
  ✓   97 [chromium] › e2e/exam-navigation.spec.ts:24:1 › exam navigation preserves answers and displays only released results (981ms)
  ✓  109 [chromium] › e2e/figma-parity.spec.ts:118:1 › advisor messages is a distinct directory and conversation workspace (614ms)
  ✓  106 [chromium] › e2e/figma-parity.spec.ts:51:1 › tasks use actual status counts and open their checkpoint (672ms)
  ✓  107 [chromium] › e2e/figma-parity.spec.ts:63:1 › profile uses released assessments and crops before uploading a photo (1.1s)
  ✓  108 [chromium] › e2e/figma-parity.spec.ts:85:1 › calendar retains local times and current versions when creating and editing (1.1s)
  ✓  110 [chromium] › e2e/figma-parity.spec.ts:127:1 › TA membership preserves course permissions within the shared course design (563ms)
  ✓  105 [chromium] › e2e/figma-parity.spec.ts:13:1 › course cards and material reader preserve real progress and discussion writes (1.5s)
  ✓  111 [chromium] › e2e/figma-parity.spec.ts:137:1 › advisor dashboard and students retain distinct workspaces at both breakpoints (769ms)
  ✓  112 [chromium] › e2e/figma-parity.spec.ts:147:1 › student has no unsupported AI entry or direct route (364ms)
  ✓  116 [chromium] › e2e/group-readiness.spec.ts:50:1 › group rename prevents another save while the original request is pending (507ms)
  ✓  117 [chromium] › e2e/group-readiness.spec.ts:74:1 › pending group deletion locks competing actions and recovers for retry (576ms)
  ✓  118 [chromium] › e2e/group-readiness.spec.ts:110:1 › a pending student leave request cannot be repeated and failure retains the membership (299ms)
  ✓  119 [chromium] › e2e/ielts-product-scope.spec.ts:5:3 › STUDENT coursework and calendar never request legacy Quiz data (718ms)
  ✓  120 [chromium] › e2e/ielts-product-scope.spec.ts:5:3 › INSTRUCTOR coursework and calendar never request legacy Quiz data (549ms)
  ✓  122 [chromium] › e2e/ielts-product-scope.spec.ts:59:3 › retired route /course/71/quizzes/new opens the normal missing-page state (188ms)
  ✓  113 [chromium] › e2e/group-readiness.spec.ts:16:3 › group names and failed roster recovery preserve identities in en (2.2s)
  ✓  123 [chromium] › e2e/ielts-product-scope.spec.ts:59:3 › retired route /course/71/quizzes/91 opens the normal missing-page state (271ms)
  ✓  121 [chromium] › e2e/ielts-product-scope.spec.ts:36:1 › legacy Quiz deadlines and grading buckets do not become IELTS tasks (622ms)
  ✓  114 [chromium] › e2e/group-readiness.spec.ts:16:3 › group names and failed roster recovery preserve identities in zh-CN (2.2s)
  ✓  115 [chromium] › e2e/group-readiness.spec.ts:16:3 › group names and failed roster recovery preserve identities in zh-TW (2.2s)
  ✓  124 [chromium] › e2e/ielts-product-scope.spec.ts:59:3 › retired route /course/71/quizzes/91/edit opens the normal missing-page state (294ms)
  ✓  125 [chromium] › e2e/ielts-product-scope.spec.ts:59:3 › retired route /course/71/quizzes/91/grading opens the normal missing-page state (295ms)
  ✓  128 [chromium] › e2e/instructor-roster-navigation.spec.ts:73:1 › mobile roster deep links display structured names and keep a usable parent route (424ms)
  ✓  127 [chromium] › e2e/instructor-roster-navigation.spec.ts:60:1 › a roster opened from course overview returns there, then back to the catalogue (611ms)
  ✓  129 [chromium] › e2e/instructor-roster-navigation.spec.ts:84:1 › course TAs do not receive an instructor-only learner roster shortcut (444ms)
  ✓  126 [chromium] › e2e/instructor-roster-navigation.spec.ts:27:1 › instructor opens the learner roster, reads names, filters and returns to the course list (922ms)
  ✓  132 [chromium] › e2e/instructor-weeks.spec.ts:252:3 › Overview omitSummary preserves entered text (594ms)
  ✓  131 [chromium] › e2e/instructor-weeks.spec.ts:212:1 › Summary partial save, readback, publish and reorder use the supported contracts (862ms)
  ✓  134 [chromium] › e2e/instructor-weeks.spec.ts:252:3 › Overview failPatch preserves entered text (546ms)
  ✓  130 [chromium] › e2e/instructor-weeks.spec.ts:166:1 › Weeks use one detail with filtering, paging and persistent selection (1.3s)
  ✓  133 [chromium] › e2e/instructor-weeks.spec.ts:252:3 › Overview failRead preserves entered text (1.1s)
  ✓  135 [chromium] › e2e/instructor-weeks.spec.ts:274:1 › Create and delete an empty week; download ZIP; archived content stays read-only (858ms)
  ✓  140 [chromium] › e2e/instructor-weeks.spec.ts:385:1 › Overview detail read fills a missing list projection without blocking materials (352ms)
  ✓  136 [chromium] › e2e/instructor-weeks.spec.ts:317:3 › Week workspace layout and material tools at 1600px (1.1s)
  ✓  137 [chromium] › e2e/instructor-weeks.spec.ts:317:3 › Week workspace layout and material tools at 1280px (1.2s)
  ✓  138 [chromium] › e2e/instructor-weeks.spec.ts:317:3 › Week workspace layout and material tools at 1024px (1.2s)
  ✓  139 [chromium] › e2e/instructor-weeks.spec.ts:317:3 › Week workspace layout and material tools at 390px (1.1s)
  ✓  141 [chromium] › e2e/instructor-weeks.spec.ts:406:1 › Instructor material menu on a phone deletes only the fixture uploader's own material (587ms)
  ✓  142 [chromium] › e2e/instructor-weeks.spec.ts:434:1 › Course editor preserves structured instructor names and sends only changed fields (474ms)
  ✓  143 [chromium] › e2e/instructor-weeks.spec.ts:478:1 › Unconfirmed new overview cannot repeat creation through Enter (472ms)
  ✓  144 [chromium] › e2e/instructor-weeks.spec.ts:503:1 › configured delivery keeps instructor week authoring independent of course administration (940ms)
  ✓  148 [chromium] › e2e/instructor-workspace-design.spec.ts:34:1 › An unresolved grading projection never appears as an empty queue (568ms)
  ✓  146 [chromium] › e2e/instructor-workspace-design.spec.ts:5:1 › Pending report saves freeze inputs and preserve the submitted snapshot (664ms)
  ✓  145 [chromium] › e2e/instructor-weeks.spec.ts:519:1 › configured course instructor can upload the required syllabus without course administration (796ms)
  ✓  147 [chromium] › e2e/instructor-workspace-design.spec.ts:24:1 › An unavailable grading queue with an empty fallback never claims zero pending (1.0s)
  ✓  152 [chromium] › e2e/instructor-workspace-design.spec.ts:117:1 › Missing attendance version never produces a write (444ms)
  ✓  149 [chromium] › e2e/instructor-workspace-design.spec.ts:51:1 › Material links with ambiguous identities remain read-only (480ms)
  ✓  151 [chromium] › e2e/instructor-workspace-design.spec.ts:106:1 › Attendance conflicts preserve choices and disable repeat stale writes (503ms)
  ✓  153 [chromium] › e2e/instructor-workspace-design.spec.ts:125:1 › Writing grading keeps the score and feedback workflow (380ms)
  ✓  154 [chromium] › e2e/instructor-workspace-design.spec.ts:135:1 › Instructor can inspect dates and attendance without Advisor schedule actions (441ms)
  ✓  150 [chromium] › e2e/instructor-workspace-design.spec.ts:61:1 › Instructor course workflows preserve versions, publishing rules, and protected material actions (1.6s)
  ✓  155 [chromium] › e2e/instructor-workspace-design.spec.ts:148:1 › Course downloads, roster search and availability retain existing API flows (1.7s)
  ✓  156 [chromium] › e2e/instructor-workspace-design.spec.ts:174:3 › Instructor surfaces align at 2560px with no horizontal overflow (8.3s)
  ✓  157 [chromium] › e2e/instructor-workspace-design.spec.ts:174:3 › Instructor surfaces align at 1920px with no horizontal overflow (8.1s)
  ✓  158 [chromium] › e2e/instructor-workspace-design.spec.ts:174:3 › Instructor surfaces align at 1600px with no horizontal overflow (8.2s)
  ✓  159 [chromium] › e2e/instructor-workspace-design.spec.ts:174:3 › Instructor surfaces align at 1440px with no horizontal overflow (8.4s)
  ✓  160 [chromium] › e2e/instructor-workspace-design.spec.ts:174:3 › Instructor surfaces align at 1024px with no horizontal overflow (8.0s)
  ✓  164 [chromium] › e2e/latest-role-contracts.spec.ts:4:1 › Student message pagination follows the server cursor and stops at hasMore false (255ms)
  ✓  166 [chromium] › e2e/login.smoke.spec.ts:3:1 › login page is reachable (166ms)
  ✓  165 [chromium] › e2e/latest-role-contracts.spec.ts:20:1 › Parent calendar uses the date-window contract and displays UTC session times (950ms)
  ✓  168 [chromium] › e2e/material-reader.spec.ts:134:1 › a corrupt PDF has a recoverable error and retries protected preview bytes (1.4s)
  ✓  167 [chromium] › e2e/material-reader.spec.ts:25:1 › course materials preview actual media, retry failures and preserve ordered navigation (2.4s)
  ✓  170 [chromium] › e2e/materials-task-alignment.spec.ts:62:1 › single material opens immediately and download actions use the existing file and ZIP routes (540ms)
  ✓  169 [chromium] › e2e/materials-task-alignment.spec.ts:23:1 › student materials are expanded, aligned, and independently collapsible (1.0s)
  ✓  172 [chromium] › e2e/materials-task-alignment.spec.ts:116:1 › material errors follow the selected locale and allow download retry (667ms)
  ✓  171 [chromium] › e2e/materials-task-alignment.spec.ts:82:1 › unit selection and material search combine, persist and recover from no results (1.0s)
  ✓  174 [chromium] › e2e/materials-task-alignment.spec.ts:183:1 › advisor dashboard task tags share columns and keyboard targets remain visible (439ms)
  ✓  173 [chromium] › e2e/materials-task-alignment.spec.ts:153:1 › advisor status, priority and action columns remain aligned when actions differ (843ms)
  ✓  176 [chromium] › e2e/mock-exam-authoring.spec.ts:157:3 › long multilingual content remains usable at 320px (387ms)
  ✓  177 [chromium] › e2e/mock-exam-authoring.spec.ts:157:3 › long multilingual content remains usable at 768px (437ms)
  ✓  175 [chromium] › e2e/materials-task-alignment.spec.ts:201:1 › course materials and action tasks switch locale and retain it after reload (2.0s)
  ✓  178 [chromium] › e2e/mock-exam-authoring.spec.ts:194:3 › guided authoring, preview, review and retry at 1752px (972ms)
  ✓  161 [chromium] › e2e/instructor-workspace-design.spec.ts:174:3 › Instructor surfaces align at 768px with no horizontal overflow (8.4s)
  ✓  162 [chromium] › e2e/instructor-workspace-design.spec.ts:174:3 › Instructor surfaces align at 390px with no horizontal overflow (8.8s)
  ✓  179 [chromium] › e2e/mock-exam-authoring.spec.ts:194:3 › guided authoring, preview, review and retry at 1440px (1.0s)
  ✓  163 [chromium] › e2e/instructor-workspace-design.spec.ts:174:3 › Instructor surfaces align at 320px with no horizontal overflow (8.8s)
  ✓  180 [chromium] › e2e/mock-exam-authoring.spec.ts:194:3 › guided authoring, preview, review and retry at 1024px (1.1s)
  ✓  181 [chromium] › e2e/mock-exam-authoring.spec.ts:194:3 › guided authoring, preview, review and retry at 390px (962ms)
  ✓  182 [chromium] › e2e/mock-exam-authoring.spec.ts:381:3 › complete Reading file import previews and posts once at 1440px (1.1s)
  ✓  183 [chromium] › e2e/mock-exam-authoring.spec.ts:381:3 › complete Reading file import previews and posts once at 768px (1.0s)
  ✓  184 [chromium] › e2e/mock-exam-authoring.spec.ts:381:3 › complete Reading file import previews and posts once at 390px (1.0s)
  ✓  186 [chromium] › e2e/mock-exam-authoring.spec.ts:489:3 › Reading import modal preserves input and keyboard focus at 1440px (867ms)
  ✓  185 [chromium] › e2e/mock-exam-authoring.spec.ts:381:3 › complete Reading file import previews and posts once at 320px (1.1s)
  ✓  187 [chromium] › e2e/mock-exam-authoring.spec.ts:489:3 › Reading import modal preserves input and keyboard focus at 390px (796ms)
  ✓  191 [chromium] › e2e/mock-exam-authoring.spec.ts:732:1 › review finds hidden-part errors and changing a type never silently clears content (550ms)
  ✓  188 [chromium] › e2e/mock-exam-authoring.spec.ts:591:1 › Reading paste import protects existing work and rejects invalid media references (866ms)
  ✓  192 [chromium] › e2e/mock-exam-authoring.spec.ts:763:1 › official answers reject invalid input and save equivalent alternatives through retry (769ms)
  ✓  189 [chromium] › e2e/mock-exam-authoring.spec.ts:643:1 › reading and writing use text fields and retain drafts across section navigation (1.4s)
  ✓  190 [chromium] › e2e/mock-exam-authoring.spec.ts:699:1 › discard confirms its scope, preserves another section and does not delete uploaded media (1.7s)
  ✓  194 [chromium] › e2e/navigation-controls.spec.ts:49:3 › instructor: compact Back retains its tooltip, keyboard action and locale (1.1s)
  ✓  193 [chromium] › e2e/navigation-controls.spec.ts:49:3 › student: compact Back retains its tooltip, keyboard action and locale (1.2s)
  ✓  195 [chromium] › e2e/navigation-controls.spec.ts:49:3 › advisor: compact Back retains its tooltip, keyboard action and locale (1.1s)
  ✓  196 [chromium] › e2e/navigation-controls.spec.ts:49:3 › instructor-advisor: compact Back retains its tooltip, keyboard action and locale (1.1s)
  ✓  197 [chromium] › e2e/navigation-controls.spec.ts:49:3 › counsellor: compact Back retains its tooltip, keyboard action and locale (1.0s)
  ✓  199 [chromium] › e2e/navigation-controls.spec.ts:49:3 › parent: compact Back retains its tooltip, keyboard action and locale (1.1s)
  ✓  201 [chromium] › e2e/navigation-controls.spec.ts:84:3 › advisor: pagination and text-only return work in en (579ms)
  ✓  198 [chromium] › e2e/navigation-controls.spec.ts:49:3 › tenant-admin: compact Back retains its tooltip, keyboard action and locale (1.1s)
  ✓  202 [chromium] › e2e/navigation-controls.spec.ts:84:3 › advisor: pagination and text-only return work in zh-CN (670ms)
  ✓  200 [chromium] › e2e/navigation-controls.spec.ts:49:3 › system-admin: compact Back retains its tooltip, keyboard action and locale (1.1s)
  ✓  205 [chromium] › e2e/operations-dialog-regressions.spec.ts:48:3 › counsellor create uses the shared intake modal at 1440px (689ms)
  ✓  203 [chromium] › e2e/navigation-controls.spec.ts:84:3 › advisor: pagination and text-only return work in zh-TW (759ms)
  ✓  204 [chromium] › e2e/operations-dialog-regressions.spec.ts:22:3 › enrollment opens a contained modal with a usable reason at 1440px (766ms)
  ✓  207 [chromium] › e2e/operations-dialog-regressions.spec.ts:48:3 › counsellor create uses the shared intake modal at 390px (619ms)
  ✓  206 [chromium] › e2e/operations-dialog-regressions.spec.ts:22:3 › enrollment opens a contained modal with a usable reason at 390px (702ms)
  ✓  208 [chromium] › e2e/operations-dialog-regressions.spec.ts:22:3 › enrollment opens a contained modal with a usable reason at 320px (656ms)
  ✓  209 [chromium] › e2e/operations-dialog-regressions.spec.ts:48:3 › counsellor create uses the shared intake modal at 320px (618ms)
  ✓  210 [chromium] › e2e/operations-dialog-regressions.spec.ts:70:1 › withdrawal preserves the reason and idempotency key after failure (677ms)
  ✓  212 [chromium] › e2e/operations-dialog-regressions.spec.ts:123:1 › counsellor creation retains its API, pending lock and retry key (690ms)
  ✓  213 [chromium] › e2e/operations-dialog-regressions.spec.ts:193:1 › course readiness fraction remains centered within its circle (486ms)
  ✓  211 [chromium] › e2e/operations-dialog-regressions.spec.ts:94:1 › enrollment conflict requires an explicit reload and preserves the reason (838ms)
  ✓  214 [chromium] › e2e/operations-dialog-regressions.spec.ts:158:1 › owner picker keeps radio, identity and role in one row inside an owner form (1.2s)
  ✓  219 [chromium] › e2e/production-contract-followup.spec.ts:5:3 › roster treats 403 as unavailable and hides membership actions (175ms)
  ✓  215 [chromium] › e2e/parent-navigation.spec.ts:41:1 › Parent areas and focused subviews keep student context across navigation and history (1.4s)
  ✓  218 [chromium] › e2e/parent-navigation.spec.ts:109:1 › a schedule change uses the selected student and preserves contracted wall-clock values (1.2s)
  ✓  220 [chromium] › e2e/production-contract-followup.spec.ts:5:3 › roster treats 404 as unavailable and hides membership actions (320ms)
  ✓  221 [chromium] › e2e/production-contract-followup.spec.ts:20:1 › inactive Instructor enrollment cannot open the roster or upload materials (328ms)
  ✓  217 [chromium] › e2e/parent-pagination.spec.ts:4:1 › parent cursor messages and paginated notifications remain usable after switching sections (1.4s)
  ✓  223 [chromium] › e2e/production-function-regressions.spec.ts:16:3 › availability retry, selection isolation and reload preserve en (836ms)
  ✓  222 [chromium] › e2e/production-contract-followup.spec.ts:31:1 › Instructor uploads files and links with browser multipart boundaries without material-management grants (870ms)
  ✓  226 [chromium] › e2e/production-function-regressions.spec.ts:65:3 › student dashboard classifies study-plan 404 USER_NOT_FOUND (426ms)
  ✓  227 [chromium] › e2e/production-function-regressions.spec.ts:65:3 › student dashboard classifies study-plan 404 NOT_FOUND (448ms)
  ✓  225 [chromium] › e2e/production-function-regressions.spec.ts:16:3 › availability retry, selection isolation and reload preserve zh-TW (1.2s)
  ✓  224 [chromium] › e2e/production-function-regressions.spec.ts:16:3 › availability retry, selection isolation and reload preserve zh-CN (1.2s)
  ✓  228 [chromium] › e2e/production-function-regressions.spec.ts:65:3 › student dashboard classifies study-plan 404 STUDY_PLAN_NOT_FOUND (348ms)
  ✓  229 [chromium] › e2e/production-function-regressions.spec.ts:84:1 › student messages expose read and attachment failures without unhandled errors (628ms)
  ✓  230 [chromium] › e2e/production-function-regressions.spec.ts:116:1 › course enrollment recovers missing launch versions through the delivery read (793ms)
  ✓  232 [chromium] › e2e/record-workspace-polish.spec.ts:285:1 › profile saves its reviewed version and support attachments retain the actual send contract (862ms)
  ✓  235 [chromium] › e2e/responsive-layout.spec.ts:70:1 › student dashboard fills its fluid workspace from mobile through ultra-wide viewports (710ms)
  ✓  234 [chromium] › e2e/record-workspace-polish.spec.ts:479:1 › support report links and course changes retain their own IDs and reviewed versions (1.3s)
  ✓  233 [chromium] › e2e/record-workspace-polish.spec.ts:322:1 › tenant record combines same-student intake and parent management with versioned reassignment (3.4s)
  ✓  237 [chromium] › e2e/rich-text-formatting.spec.ts:11:1 › teacher can remove bold formatting and a newly selected annotated file (2.0s)
  ✓  236 [chromium] › e2e/responsive-layout.spec.ts:114:1 › shared shell keeps every role navigation label readable on desktop (3.3s)
  ✓  239 [chromium] › e2e/role-contract-audit.spec.ts:82:1 › student operations distinguish unavailable alerts and preserve event detail version across a retry (1.5s)
  ✓  240 [chromium] › e2e/role-contract-audit.spec.ts:130:3 › STUDENT cannot enter another role's workspace or call its APIs (514ms)
  ✓  238 [chromium] › e2e/role-contract-audit.spec.ts:12:1 › parent can request absence, read exam results, load older messages, and retry without duplicate messages (1.9s)
  ✓  241 [chromium] › e2e/role-contract-audit.spec.ts:130:3 › INSTRUCTOR cannot enter another role's workspace or call its APIs (756ms)
  ✓  242 [chromium] › e2e/role-contract-audit.spec.ts:130:3 › ADVISOR cannot enter another role's workspace or call its APIs (824ms)
  ✓  243 [chromium] › e2e/role-contract-audit.spec.ts:130:3 › COUNSELLOR cannot enter another role's workspace or call its APIs (1.0s)
  ✓  244 [chromium] › e2e/role-contract-audit.spec.ts:130:3 › PARENT cannot enter another role's workspace or call its APIs (764ms)
  ✓  245 [chromium] › e2e/role-contract-audit.spec.ts:130:3 › NOT_APPLICABLE cannot enter another role's workspace or call its APIs (655ms)
  ✓  247 [chromium] › e2e/role-interactions.spec.ts:87:1 › student dashboard keeps unsupported AI unavailable (414ms)
  ✓  246 [chromium] › e2e/role-interactions.spec.ts:52:1 › student can enter both learning products but not advisor operations (1.6s)
  ✓  249 [chromium] › e2e/role-interactions.spec.ts:184:1 › advisor can assign a published mock exam and cannot enter Vocabulary (1.5s)
  ✓  248 [chromium] › e2e/role-interactions.spec.ts:96:1 › instructor dashboard uses teaching data and availability edits preserve every record (2.2s)
  ✓  251 [chromium] › e2e/role-interactions.spec.ts:286:1 › student advising view presents profile, plan, and tasks with scannable hierarchy (600ms)
  ✓  252 [chromium] › e2e/role-interactions.spec.ts:303:1 › non-student roles remain outside Vocabulary and parent stays outside standalone mock exams (577ms)
  ✓  231 [chromium] › e2e/record-workspace-polish.spec.ts:178:1 › advisor record pages share aligned panels and discoverable navigation at desktop and phone sizes (10.3s)
  ✓  250 [chromium] › e2e/role-interactions.spec.ts:235:1 › advisor profile and study-plan editors explain record semantics and progressively disclose detail (1.8s)
  ✓  253 [chromium] › e2e/role-interactions.spec.ts:313:1 › counsellor dashboard keeps count help contextual and the create form marks contract requirements (691ms)
  ✓  256 [chromium] › e2e/role-interactions.spec.ts:512:1 › tenant admin never sees or requests the system course catalogue (313ms)
  ✓  255 [chromium] › e2e/role-interactions.spec.ts:474:1 › tenant intake rows, filters, management panel, and advisor dialog stay aligned and actionable (630ms)
  ✓  254 [chromium] › e2e/role-interactions.spec.ts:334:1 › counsellor completes intake, parent link, edit, and first advisor handover as one workflow (955ms)
  ✓  216 [chromium] › e2e/parent-navigation.spec.ts:70:1 › Parent navigation and content fit desktop, tablet and mobile (13.9s)
  ✓  258 [chromium] › e2e/role-interactions.spec.ts:629:1 › tenant admin reviews protected mock-exam media and publishes only after three-section preflight (802ms)
  ✓  259 [chromium] › e2e/role-interactions.spec.ts:692:1 › creating a mock-exam draft opens the new version builder immediately (749ms)
  ✓  260 [chromium] › e2e/session-tab-isolation.spec.ts:7:1 › another tab switches identity, clears the old settings draft, and follows logout (842ms)
  ✓  261 [chromium] › e2e/settings-draft-retention.spec.ts:6:1 › saving notifications preserves an unsaved account draft through failure and retry (1.0s)
  ✓  257 [chromium] › e2e/role-interactions.spec.ts:537:1 › tenant admin can complete governance work using only the handoff routes (1.7s)
  ✓  262 [chromium] › e2e/settings-draft-retention.spec.ts:40:1 › an account save preserves later edits and unsaved notification preferences (775ms)
  ✓  263 [chromium] › e2e/shared-course-cards.spec.ts:53:3 › student reuses the course card at desktop, tablet and mobile widths (1.1s)
  ✓  264 [chromium] › e2e/shared-course-cards.spec.ts:53:3 › instructor reuses the course card at desktop, tablet and mobile widths (1.3s)
  ✓  266 [chromium] › e2e/shared-course-cards.spec.ts:53:3 › advisor-student reuses the course card at desktop, tablet and mobile widths (1.5s)
  ✓  265 [chromium] › e2e/shared-course-cards.spec.ts:53:3 › advisor-owned reuses the course card at desktop, tablet and mobile widths (1.6s)
  ✓  269 [chromium] › e2e/shared-course-cards.spec.ts:129:1 › system admin retains course actions without student progress (617ms)
  ✓  267 [chromium] › e2e/shared-course-cards.spec.ts:53:3 › parent reuses the course card at desktop, tablet and mobile widths (1.4s)
  ✓  270 [chromium] › e2e/shared-course-cards.spec.ts:142:1 › instructor-advisor preserves both staff destinations (247ms)
  ✓  268 [chromium] › e2e/shared-course-cards.spec.ts:100:1 › course filtering, pagination, list view and details follow Student lifecycle filters (1.3s)
  ✓  274 [chromium] › e2e/shared-course-cards.spec.ts:225:1 › long course data, open enrollment controls and touch targets fit a narrow screen (519ms)
  ✓  273 [chromium] › e2e/shared-course-cards.spec.ts:176:1 › manager archive, restore and confirmed delete preserve API methods and failures (916ms)
  ✓  275 [chromium] › e2e/student-checkpoint-design.spec.ts:33:1 › Figma task workspace preserves drafts, uses versioned mutations, and supports deep links (848ms)
  ✓  276 [chromium] › e2e/student-checkpoint-design.spec.ts:64:1 › Figma task workspace filters, sorts, paginates, and fits mobile details (526ms)
  ✓  277 [chromium] › e2e/student-checkpoint-design.spec.ts:86:1 › stale task and checkpoint links recover without routing to a missing screen (524ms)
  ✓  272 [chromium] › e2e/shared-course-cards.spec.ts:168:1 › missing schedule data is an error, not an empty schedule (1.5s)
  ✓  271 [chromium] › e2e/shared-course-cards.spec.ts:151:1 › schedule failure stays retryable and reduced motion keeps the accent instant (1.6s)
  ✓  278 [chromium] › e2e/student-checkpoint-design.spec.ts:99:1 › checkpoint layout reflows across viewport sizes without fixed page widths (526ms)
  ✓  280 [chromium] › e2e/student-refinement.spec.ts:77:1 › learning details use course filters, published reports, and dated schedule requests (960ms)
  ✓  281 [chromium] › e2e/student-refinement.spec.ts:112:1 › discussion preserves a failed draft and submits reply attachments without a nested thread (1.0s)
  ✓  285 [chromium] › e2e/system-admin-design.spec.ts:234:1 › system identity actions preserve confirmation and contract scope (782ms)
  ✓  279 [chromium] › e2e/student-refinement.spec.ts:43:1 › student dashboard, learning overview, and discussion retain their reference composition (2.6s)
  ✓  286 [chromium] › e2e/system-admin-design.spec.ts:285:1 › system course search sends explicit contract filters (481ms)
  ✓  287 [chromium] › e2e/teaching-activity-time.spec.ts:11:5 › en activity time in America/Los_Angeles › course-local and offset timestamps represent the same past event after reload (790ms)
  ✓  288 [chromium] › e2e/teaching-activity-time.spec.ts:11:5 › zh-CN activity time in Asia/Shanghai › course-local and offset timestamps represent the same past event after reload (863ms)
  ✓  282 [chromium] › e2e/system-admin-design.spec.ts:143:3 › system admin surfaces are localized and responsive: en (3.7s)
  ✓  283 [chromium] › e2e/system-admin-design.spec.ts:143:3 › system admin surfaces are localized and responsive: zh-CN (3.7s)
  ✓  289 [chromium] › e2e/teaching-activity-time.spec.ts:11:5 › zh-TW activity time in Asia/Taipei › course-local and offset timestamps represent the same past event after reload (1.4s)
  ✓  284 [chromium] › e2e/system-admin-design.spec.ts:143:3 › system admin surfaces are localized and responsive: zh-TW (3.7s)
  ✓  291 [chromium] › e2e/teaching-grading-link.spec.ts:36:1 › Advisor reads paginated conversations and searches instructors through Advisor APIs (849ms)
  ✓  290 [chromium] › e2e/teaching-grading-link.spec.ts:4:1 › Week 1 grading queue opens the registered grading page despite an incompatible backend link (1.5s)
  ✓  294 [chromium] › e2e/tenant-admin-design.spec.ts:161:1 › tenant intake search uses the correct ID parameter and account management opens in a drawer (808ms)
  ✓  295 [chromium] › e2e/tenant-admin-design.spec.ts:176:1 › composer keeps tab drafts and submits every part once then becomes read only (1.6s)
  ✓  293 [chromium] › e2e/tenant-admin-design.spec.ts:116:1 › governance secondary filters and policy summaries remain usable on mobile (1.8s)
  ✓  296 [chromium] › e2e/tenant-admin-design.spec.ts:203:1 › delayed upload stays with its originating part and preserves intervening edits (1.6s)
  ✓  297 [chromium] › e2e/tenant-admin-design.spec.ts:238:3 › deleting listening media clears references in other unsaved units and storage (1.4s)
  ✓  298 [chromium] › e2e/tenant-admin-design.spec.ts:238:3 › deleting reading media clears references in other unsaved units and storage (729ms)
  ✓  300 [chromium] › e2e/tenant-admin-design.spec.ts:262:1 › intake write errors stay inside the active drawer and reset when changing records (974ms)
  ✓  301 [chromium] › e2e/tenant-admin-design.spec.ts:285:1 › an in-flight reading upload keeps its question identity when another group is removed (766ms)
  ✓  299 [chromium] › e2e/tenant-admin-design.spec.ts:238:3 › deleting writing media clears references in other unsaved units and storage (1.3s)
  ✓  304 [chromium] › e2e/tenant-alert-rules.spec.ts:194:1 › missing system defaults remain quiet, read only, and free of invented thresholds (687ms)
  ✓  305 [chromium] › e2e/tenant-alert-rules.spec.ts:226:1 › failed saves keep edits and pending saves block duplicate writes (690ms)
  ✓  303 [chromium] › e2e/tenant-alert-rules.spec.ts:163:1 › editor drafts, real switch fields, whole-policy save, and reload stay consistent (1.2s)
  ✓  307 [chromium] › e2e/uiux-consistency.spec.ts:57:1 › save stays on the form; the primary next step saves dirty data before navigating (1.1s)
  ✓  306 [chromium] › e2e/uiux-consistency.spec.ts:27:1 › queue actions have separate targets; advisor identity, avatar and selection stay aligned (1.2s)
  ✓  310 [chromium] › e2e/uiux-consistency.spec.ts:152:1 › IELTS System Admin roster hides all TA configuration controls (463ms)
  ✓  311 [chromium] › e2e/vocabulary.spec.ts:115:1 › library remains usable without horizontal overflow on mobile (277ms)
  ✓  308 [chromium] › e2e/uiux-consistency.spec.ts:83:1 › instructor combobox searches, selects with keys, clears and dismisses without closing its dialog (2.0s)
  ✓  302 [chromium] › e2e/tenant-alert-rules.spec.ts:76:1 › low-density rules and focused editor work across device widths (3.8s)
  ✓  312 [chromium] › e2e/vocabulary.spec.ts:128:1 › resumes a paused session from the library before opening its cards (474ms)
  ✓  309 [chromium] › e2e/uiux-consistency.spec.ts:117:1 › instructor results preserve pagination, errors and the selected identity across query changes (1.6s)
  ✓  313 [chromium] › e2e/vocabulary.spec.ts:160:1 › test mode requires reveal before rating and hides the LMS shell (494ms)
  ✓  314 [chromium] › e2e/vocabulary.spec.ts:183:1 › offers recovery when a card action discovers that the session is paused (626ms)
  ✓  315 [chromium] › e2e/vocabulary.spec.ts:209:1 › identifies and ends the session blocking a different mode (642ms)
  ✓  292 [chromium] › e2e/tenant-admin-design.spec.ts:68:1 › tenant reference layouts render across desktop and mobile without page overflow (8.0s)
  ✓  317 [chromium] › e2e/workspace-composition.spec.ts:38:1 › advisor sidebar routes operations out of the dashboard (1.4s)
  ✓  319 [chromium] › e2e/workspace-composition.spec.ts:106:1 › directory refresh preserves filters and visibly updates records (1.1s)
  ✓  318 [chromium] › e2e/workspace-composition.spec.ts:59:1 › advisor student summary and journey follow the Figma composition with real decisions (1.2s)
  ✓  320 [chromium] › e2e/workspace-composition.spec.ts:135:1 › create intake modal preserves drafts after errors and restores focus on dismissal (1.1s)
  ✓  321 [chromium] › e2e/workspace-composition.spec.ts:180:1 › settings compiles real token colors and saves through the profile API (521ms)
  ✓  323 [chromium] › e2e/workspace-composition.spec.ts:214:1 › writing exam confirms, submits actual text and shows the returned success state (669ms)
  ✓  316 [chromium] › e2e/workspace-composition.spec.ts:9:1 › enrolments remain visible without deadlines and learning modules share the desktop canvas (2.4s)
  ✓  324 [chromium] › e2e/workspace-composition.spec.ts:237:1 › six journey phases and long task lists remain usable on desktop and mobile (613ms)
  ✓  325 [chromium] › e2e/workspace-composition.spec.ts:260:1 › schedule version conflicts stay blocked after a failed reload (548ms)
  ✓  326 [chromium] › e2e/workspace-composition.spec.ts:282:1 › public registration links are hidden and bookmarked signup returns to login (283ms)
  ✓  322 [chromium] › e2e/workspace-composition.spec.ts:200:1 › course material fills the workspace with no unsupported AI controls (1.2s)
  ✓  327 [chromium] › e2e/workspace-composition.spec.ts:299:1 › intake clear filters appears only for draft or applied criteria and refresh preserves them (501ms)

  327 passed (1.4m)
