
> lms@0.0.0 build
> vite build

vite v7.3.6 building client environment for production...
(node:64332) [DEP0205] DeprecationWarning: `module.register()` is deprecated. Use `module.registerHooks()` instead.
(Use `node --trace-deprecation ...` to show where the warning was created)
transforming...
✓ 2889 modules transformed.
rendering chunks...
computing gzip size...
dist/index.html                                         1.46 kB │ gzip:   0.88 kB
dist/assets/KaTeX_Size3-Regular-CTq5MqoE.woff           4.42 kB
dist/assets/KaTeX_Size4-Regular-Dl5lxZxV.woff2          4.93 kB
dist/assets/KaTeX_Size2-Regular-Dy4dx90m.woff2          5.21 kB
dist/assets/KaTeX_Size1-Regular-mCD8mA8B.woff2          5.47 kB
dist/assets/KaTeX_Size4-Regular-BF-4gkZK.woff           5.98 kB
dist/assets/KaTeX_Size2-Regular-oD1tc_U0.woff           6.19 kB
dist/assets/KaTeX_Size1-Regular-C195tn64.woff           6.50 kB
dist/assets/KaTeX_Caligraphic-Regular-Di6jR-x-.woff2    6.91 kB
dist/assets/KaTeX_Caligraphic-Bold-Dq_IR9rO.woff2       6.91 kB
dist/assets/KaTeX_Size3-Regular-DgpXs0kz.ttf            7.59 kB
dist/assets/KaTeX_Caligraphic-Regular-CTRA-rTL.woff     7.66 kB
dist/assets/KaTeX_Caligraphic-Bold-BEiXGLvX.woff        7.72 kB
dist/assets/KaTeX_Script-Regular-D3wIWfF6.woff2         9.64 kB
dist/assets/KaTeX_SansSerif-Regular-DDBCnlJ7.woff2     10.34 kB
dist/assets/KaTeX_Size4-Regular-DWFBv043.ttf           10.36 kB
dist/assets/KaTeX_Script-Regular-D5yQViql.woff         10.59 kB
dist/assets/KaTeX_Fraktur-Regular-CTYiF6lA.woff2       11.32 kB
dist/assets/KaTeX_Fraktur-Bold-CL6g_b3V.woff2          11.35 kB
dist/assets/KaTeX_Size2-Regular-B7gKUWhC.ttf           11.51 kB
dist/assets/KaTeX_SansSerif-Italic-C3H0VqGB.woff2      12.03 kB
dist/assets/KaTeX_SansSerif-Bold-D1sUS0GD.woff2        12.22 kB
dist/assets/KaTeX_Size1-Regular-Dbsnue_I.ttf           12.23 kB
dist/assets/KaTeX_SansSerif-Regular-CS6fqUqJ.woff      12.32 kB
dist/assets/KaTeX_Caligraphic-Regular-wX97UBjC.ttf     12.34 kB
dist/assets/KaTeX_Caligraphic-Bold-ATXxdsX0.ttf        12.37 kB
dist/assets/KaTeX_Fraktur-Regular-Dxdc4cR9.woff        13.21 kB
dist/assets/KaTeX_Fraktur-Bold-BsDP51OF.woff           13.30 kB
dist/assets/KaTeX_Typewriter-Regular-CO6r4hn1.woff2    13.57 kB
dist/assets/KaTeX_SansSerif-Italic-DN2j7dab.woff       14.11 kB
dist/assets/KaTeX_SansSerif-Bold-DbIhKOiC.woff         14.41 kB
dist/assets/KaTeX_Typewriter-Regular-C0xS9mPB.woff     16.03 kB
dist/assets/KaTeX_Math-BoldItalic-CZnvNsCZ.woff2       16.40 kB
dist/assets/KaTeX_Math-Italic-t53AETM-.woff2           16.44 kB
dist/assets/KaTeX_Script-Regular-C5JkGWo-.ttf          16.65 kB
dist/assets/KaTeX_Main-BoldItalic-DxDJ3AOS.woff2       16.78 kB
dist/assets/KaTeX_Main-Italic-NWA7e6Wa.woff2           16.99 kB
dist/assets/KaTeX_Math-BoldItalic-iY-2wyZ7.woff        18.67 kB
dist/assets/KaTeX_Math-Italic-DA0__PXp.woff            18.75 kB
dist/assets/KaTeX_Main-BoldItalic-SpSLRI95.woff        19.41 kB
dist/assets/KaTeX_SansSerif-Regular-BNo7hRIc.ttf       19.44 kB
dist/assets/KaTeX_Fraktur-Regular-CB_wures.ttf         19.57 kB
dist/assets/KaTeX_Fraktur-Bold-BdnERNNW.ttf            19.58 kB
dist/assets/KaTeX_Main-Italic-BMLOBm91.woff            19.68 kB
dist/assets/KaTeX_SansSerif-Italic-YYjJ1zSn.ttf        22.36 kB
dist/assets/KaTeX_SansSerif-Bold-CFMepnvq.ttf          24.50 kB
dist/assets/KaTeX_Main-Bold-Cx986IdX.woff2             25.32 kB
dist/assets/KaTeX_Main-Regular-B22Nviop.woff2          26.27 kB
dist/assets/KaTeX_Typewriter-Regular-D3Ib7_Hf.ttf      27.56 kB
dist/assets/KaTeX_AMS-Regular-BQhdFMY1.woff2           28.08 kB
dist/assets/KaTeX_Main-Bold-Jm3AIy58.woff              29.91 kB
dist/assets/KaTeX_Main-Regular-Dr94JaBh.woff           30.77 kB
dist/assets/KaTeX_Math-BoldItalic-B3XSjfu4.ttf         31.20 kB
dist/assets/KaTeX_Math-Italic-flOr_0UB.ttf             31.31 kB
dist/assets/KaTeX_Main-BoldItalic-DzxPMmG6.ttf         32.97 kB
dist/assets/KaTeX_AMS-Regular-DMm9YOAa.woff            33.52 kB
dist/assets/KaTeX_Main-Italic-3WenGoN9.ttf             33.58 kB
dist/assets/KaTeX_Main-Bold-waoOVXN0.ttf               51.34 kB
dist/assets/KaTeX_Main-Regular-ypZvNtVU.ttf            53.58 kB
dist/assets/KaTeX_AMS-Regular-DRggAlZN.ttf             63.63 kB
dist/assets/index-DIecttZ0.css                          0.16 kB │ gzip:   0.15 kB
dist/assets/ExamsPage-C8zfASu6.css                      0.32 kB │ gzip:   0.23 kB
dist/assets/index-BitjIGY0.css                          0.50 kB │ gzip:   0.27 kB
dist/assets/ProgressRing-DYkHIPvX.css                   0.51 kB │ gzip:   0.30 kB
dist/assets/model-DnBR15Fk.css                          0.59 kB │ gzip:   0.35 kB
dist/assets/index-Bxma_exZ.css                          0.64 kB │ gzip:   0.32 kB
dist/assets/index-BgMZc7ld.css                          0.66 kB │ gzip:   0.35 kB
dist/assets/queryKeys-Dm9liuna.css                      0.66 kB │ gzip:   0.34 kB
dist/assets/useStudentProgress-BGr_x1py.css             1.07 kB │ gzip:   0.48 kB
dist/assets/index-D1Ty3AOK.css                          1.28 kB │ gzip:   0.50 kB
dist/assets/index-BE2BrrGP.css                          1.46 kB │ gzip:   0.49 kB
dist/assets/index-CKJDkVB6.css                          1.50 kB │ gzip:   0.64 kB
dist/assets/index-BEvgarZv.css                          1.60 kB │ gzip:   0.72 kB
dist/assets/studySupportResponse-uBSyw1Gi.css           1.75 kB │ gzip:   0.81 kB
dist/assets/index-vXfO0MP-.css                          1.78 kB │ gzip:   0.72 kB
dist/assets/index-B-jwwXLf.css                          1.89 kB │ gzip:   0.70 kB
dist/assets/CourseCreatePage-CHqzYUov.css               1.96 kB │ gzip:   0.75 kB
dist/assets/index-CfW-qBsF.css                          1.99 kB │ gzip:   0.79 kB
dist/assets/index-amWDuw1D.css                          2.40 kB │ gzip:   0.80 kB
dist/assets/index-EnTSc1vg.css                          2.44 kB │ gzip:   0.89 kB
dist/assets/SignUpView-DMDmlLXh.css                     2.54 kB │ gzip:   0.87 kB
dist/assets/index-DOmsNtGJ.css                          2.62 kB │ gzip:   0.87 kB
dist/assets/index-CtxABaDY.css                          2.83 kB │ gzip:   0.97 kB
dist/assets/index-DRJCRU_b.css                          3.46 kB │ gzip:   1.09 kB
dist/assets/index-Bw_Uo4kD.css                          3.65 kB │ gzip:   1.15 kB
dist/assets/index-CEjBoSh0.css                          3.86 kB │ gzip:   0.78 kB
dist/assets/index-kBrSyKOR.css                          3.97 kB │ gzip:   1.24 kB
dist/assets/index-BoLOKOnG.css                          3.98 kB │ gzip:   1.18 kB
dist/assets/index-yXJAbVWT.css                          4.18 kB │ gzip:   1.05 kB
dist/assets/EnglishDateInput-CtIqKiPv.css               4.39 kB │ gzip:   1.39 kB
dist/assets/index-B6zuJrXh.css                          4.66 kB │ gzip:   1.45 kB
dist/assets/index-eO7HGcll.css                          4.86 kB │ gzip:   1.49 kB
dist/assets/index-C6yfj9dV.css                          5.17 kB │ gzip:   1.52 kB
dist/assets/index-DeVSSbw7.css                          5.40 kB │ gzip:   1.50 kB
dist/assets/ChatContent-BKaAYsFa.css                    5.81 kB │ gzip:   1.53 kB
dist/assets/index-DT7BZlwi.css                          5.82 kB │ gzip:   1.58 kB
dist/assets/index-ntwzm_fv.css                          6.21 kB │ gzip:   1.65 kB
dist/assets/index-D8SWZTzO.css                          6.25 kB │ gzip:   1.47 kB
dist/assets/index-DzxQEUOW.css                          6.32 kB │ gzip:   1.73 kB
dist/assets/index-Bqkmde8i.css                          6.69 kB │ gzip:   1.75 kB
dist/assets/index-DMLI6VQ6.css                          6.71 kB │ gzip:   1.62 kB
dist/assets/index-BGv8_Y2q.css                          6.72 kB │ gzip:   1.68 kB
dist/assets/index-D6LAbIhv.css                          7.56 kB │ gzip:   1.87 kB
dist/assets/index-CSKO2z5R.css                          7.93 kB │ gzip:   2.05 kB
dist/assets/index-Cs1r60uT.css                          8.20 kB │ gzip:   2.22 kB
dist/assets/index-DZapE6_r.css                          8.43 kB │ gzip:   2.05 kB
dist/assets/index-l81vPbQc.css                          8.51 kB │ gzip:   2.32 kB
dist/assets/index-CJIxA6Qd.css                          8.54 kB │ gzip:   2.13 kB
dist/assets/index-BK1v0Pjg.css                          8.66 kB │ gzip:   2.11 kB
dist/assets/index-Bm1Djm45.css                          8.94 kB │ gzip:   2.26 kB
dist/assets/CoursesPage-D4P-Pem-.css                    8.94 kB │ gzip:   1.94 kB
dist/assets/StudentSubmissionHistory-d-DS9Zui.css       8.97 kB │ gzip:   2.10 kB
dist/assets/SupportPage-D1HSOJeb.css                    9.10 kB │ gzip:   2.01 kB
dist/assets/StudyPlanPage-B68q31NB.css                 10.81 kB │ gzip:   2.28 kB
dist/assets/index-AtBI-3BG.css                         11.05 kB │ gzip:   2.49 kB
dist/assets/index-B3zsI2oO.css                         11.26 kB │ gzip:   2.54 kB
dist/assets/index-BC4puO_8.css                         11.72 kB │ gzip:   2.63 kB
dist/assets/index-CFVcHZbN.css                         12.96 kB │ gzip:   3.18 kB
dist/assets/Layout-DhNFrLSX.css                        13.39 kB │ gzip:   3.15 kB
dist/assets/index-BxFz_01Z.css                         14.32 kB │ gzip:   3.23 kB
dist/assets/index-y_sjvfsO.css                         15.38 kB │ gzip:   3.59 kB
dist/assets/index-sEW6UhRs.css                         17.43 kB │ gzip:   3.66 kB
dist/assets/advising-1h1zugpN.css                      20.68 kB │ gzip:   4.07 kB
dist/assets/index-VosCcc9s.css                         25.07 kB │ gzip:   5.15 kB
dist/assets/index-BquLBf1J.css                         27.85 kB │ gzip:   5.17 kB
dist/assets/MarkdownMessage-B-JgdZel.css               31.45 kB │ gzip:   8.69 kB
dist/assets/index-DQ-WoEZ4.css                         55.05 kB │ gzip:  11.19 kB
dist/assets/course-CA9i1jWK.js                          0.05 kB │ gzip:   0.07 kB
dist/assets/passwordRules-DA1SasHz.js                   0.07 kB │ gzip:   0.09 kB
dist/assets/index-CeYdFUy5.js                           0.09 kB │ gzip:   0.10 kB
dist/assets/personName-Ds8Vkqxm.js                      0.12 kB │ gzip:   0.13 kB
dist/assets/check-QL_4-4Q6.js                           0.13 kB │ gzip:   0.15 kB
dist/assets/chevron-down-DzhOaC0P.js                    0.14 kB │ gzip:   0.15 kB
dist/assets/chevron-right-BFXFwLw_.js                   0.14 kB │ gzip:   0.15 kB
dist/assets/chevron-left-CS3MYfTg.js                    0.14 kB │ gzip:   0.15 kB
dist/assets/square-DjfmVfvs.js                          0.16 kB │ gzip:   0.16 kB
dist/assets/plus-CPgYKRGt.js                            0.17 kB │ gzip:   0.16 kB
dist/assets/x-B7ejlFbR.js                               0.17 kB │ gzip:   0.16 kB
dist/assets/arrow-up-CD0gjsNz.js                        0.17 kB │ gzip:   0.17 kB
dist/assets/arrow-down-DW6Quts9.js                      0.18 kB │ gzip:   0.17 kB
dist/assets/arrow-left-Bt7Xr3YW.js                      0.18 kB │ gzip:   0.17 kB
dist/assets/search-CAjqvGdn.js                          0.18 kB │ gzip:   0.17 kB
dist/assets/circle-check-CwQw0JeZ.js                    0.19 kB │ gzip:   0.17 kB
dist/assets/user-round-CtgdSkwm.js                      0.19 kB │ gzip:   0.18 kB
dist/assets/message-square-CDEEs7fo.js                  0.19 kB │ gzip:   0.18 kB
dist/assets/clock-3-OfxAORnQ.js                         0.19 kB │ gzip:   0.18 kB
dist/assets/megaphone-DEBPFEYq.js                       0.20 kB │ gzip:   0.19 kB
dist/assets/rotate-ccw-ByHmTC8Q.js                      0.21 kB │ gzip:   0.19 kB
dist/assets/lock-DfGkeOTU.js                            0.21 kB │ gzip:   0.19 kB
dist/assets/courseOperations-A9xprReC.js                0.21 kB │ gzip:   0.16 kB
dist/assets/upload-ObAo5465.js                          0.24 kB │ gzip:   0.20 kB
dist/assets/download-CZ4A9TzE.js                        0.24 kB │ gzip:   0.20 kB
dist/assets/headphones-CXQF4VmV.js                      0.25 kB │ gzip:   0.19 kB
dist/assets/maximize-2-DbmSnvmT.js                      0.25 kB │ gzip:   0.20 kB
dist/assets/sendStableMessage-DvCYLENh.js               0.25 kB │ gzip:   0.22 kB
dist/assets/users-round-BqK0uDdu.js                     0.26 kB │ gzip:   0.22 kB
dist/assets/eye-B_pPMMJg.js                             0.26 kB │ gzip:   0.21 kB
dist/assets/map-pin-CKwiF38X.js                         0.27 kB │ gzip:   0.23 kB
dist/assets/file-check-2-C4wcjq1G.js                    0.27 kB │ gzip:   0.21 kB
dist/assets/calendar-DqOdXcV8.js                        0.27 kB │ gzip:   0.21 kB
dist/assets/courseSessions-BjmM6MPS.js                  0.27 kB │ gzip:   0.17 kB
dist/assets/index-DZSP_r3C.js                           0.28 kB │ gzip:   0.22 kB
dist/assets/pencil-f8S9imEd.js                          0.29 kB │ gzip:   0.23 kB
dist/assets/pen-line-CDwjK8dQ.js                        0.29 kB │ gzip:   0.23 kB
dist/assets/book-open-BvxZGdj8.js                       0.29 kB │ gzip:   0.21 kB
dist/assets/registeredDestination-CmjHRTwj.js           0.29 kB │ gzip:   0.24 kB
dist/assets/send-JFxFvsh1.js                            0.30 kB │ gzip:   0.24 kB
dist/assets/clipboard-check-BSX0enpg.js                 0.31 kB │ gzip:   0.24 kB
dist/assets/paperclip-CMtm179s.js                       0.31 kB │ gzip:   0.24 kB
dist/assets/users-D47voCJw.js                           0.32 kB │ gzip:   0.23 kB
dist/assets/user-plus-Dqv5Kzvh.js                       0.32 kB │ gzip:   0.24 kB
dist/assets/shield-check-CYRQuOCx.js                    0.33 kB │ gzip:   0.26 kB
dist/assets/refresh-cw-DkTkcfh1.js                      0.33 kB │ gzip:   0.23 kB
dist/assets/refresh-ccw-D2M3hQRM.js                     0.33 kB │ gzip:   0.23 kB
dist/assets/NotFoundPage-DPSmpZTZ.js                    0.34 kB │ gzip:   0.25 kB
dist/assets/file-text-CTpFmNB0.js                       0.35 kB │ gzip:   0.23 kB
dist/assets/advisorWorkspace-BBVwlqDy.js                0.35 kB │ gzip:   0.25 kB
dist/assets/trash-2-CQUz3Rs2.js                         0.37 kB │ gzip:   0.26 kB
dist/assets/calendar-clock-CAqkbany.js                  0.39 kB │ gzip:   0.26 kB
dist/assets/shuffle-By0DW4nP.js                         0.40 kB │ gzip:   0.25 kB
dist/assets/adminDirectory-B341be_h.js                  0.41 kB │ gzip:   0.25 kB
dist/assets/clipboard-list-5yVss0vY.js                  0.42 kB │ gzip:   0.27 kB
dist/assets/eye-off-CHLFxbYS.js                         0.44 kB │ gzip:   0.28 kB
dist/assets/login-Dw3C-6yT.js                           0.45 kB │ gzip:   0.28 kB
dist/assets/index-DOPh5gzY.js                           0.47 kB │ gzip:   0.33 kB
dist/assets/calendar-days-DJsvFlUu.js                   0.51 kB │ gzip:   0.27 kB
dist/assets/sparkles-XRw8MmTC.js                        0.52 kB │ gzip:   0.31 kB
dist/assets/DurationSelect-C3KH2z7g.js                  0.53 kB │ gzip:   0.33 kB
dist/assets/index-__5MSJ-E.js                           0.54 kB │ gzip:   0.30 kB
dist/assets/studyPlan-BSSXONre.js                       0.55 kB │ gzip:   0.38 kB
dist/assets/AdvisingPagination-CZB4DPss.js              0.58 kB │ gzip:   0.36 kB
dist/assets/profile-api-D238vJve.js                     0.61 kB │ gzip:   0.34 kB
dist/assets/notification-api-CqarL7HY.js                0.67 kB │ gzip:   0.32 kB
dist/assets/index-BCj6OKHc.js                           0.72 kB │ gzip:   0.41 kB
dist/assets/useIdempotencyCheckpoint-CS90WC8b.js        0.74 kB │ gzip:   0.40 kB
dist/assets/queryKeys-qbIDsnRX.js                       0.75 kB │ gzip:   0.26 kB
dist/assets/counsellor-api-Dny_QYTW.js                  0.80 kB │ gzip:   0.32 kB
dist/assets/index.module-fYYbO8ZB.js                    0.89 kB │ gzip:   0.43 kB
dist/assets/index-B3ha4YJq.js                           0.92 kB │ gzip:   0.49 kB
dist/assets/ProgressRing-OURzARbb.js                    0.92 kB │ gzip:   0.53 kB
dist/assets/downloadBlob-CABB5v9B.js                    0.95 kB │ gzip:   0.53 kB
dist/assets/index.module-CwBpcqrz.js                    1.04 kB │ gzip:   0.49 kB
dist/assets/useQuery-D0M7votY.js                        1.16 kB │ gzip:   0.65 kB
dist/assets/createLucideIcon-CMlN7ueL.js                1.17 kB │ gzip:   0.69 kB
dist/assets/useInfiniteQuery-CrWtqZjv.js                1.19 kB │ gzip:   0.51 kB
dist/assets/useStudentProgress-DBNrHfyA.js              1.21 kB │ gzip:   0.66 kB
dist/assets/index-KexpIvKR.js                           1.29 kB │ gzip:   0.56 kB
dist/assets/index-CqZhRheG.js                           1.63 kB │ gzip:   0.85 kB
dist/assets/notificationPresentation-D4THj_FC.js        1.64 kB │ gzip:   0.73 kB
dist/assets/index-ANCGE0PC.js                           1.65 kB │ gzip:   0.70 kB
dist/assets/index-DaMMlA8u.js                           1.75 kB │ gzip:   0.87 kB
dist/assets/useCourseAccess-CpBvLeaF.js                 1.85 kB │ gzip:   0.89 kB
dist/assets/index-DXd4uRre.js                           1.91 kB │ gzip:   0.91 kB
dist/assets/dashboard-api-CgFR0UZ0.js                   1.99 kB │ gzip:   0.53 kB
dist/assets/studySupportResponse-CV07kZQY.js            2.00 kB │ gzip:   1.02 kB
dist/assets/index-wl5He0Yp.js                           2.11 kB │ gzip:   1.02 kB
dist/assets/quizAvailability-Cz3KucV0.js                2.17 kB │ gzip:   0.89 kB
dist/assets/IntakePage-CI56U8Xi.js                      2.19 kB │ gzip:   1.00 kB
dist/assets/useMutation-EqEe5tul.js                     2.21 kB │ gzip:   0.92 kB
dist/assets/index-DzFYHNwa.js                           2.24 kB │ gzip:   0.97 kB
dist/assets/advisorViewModels-CGXYA3NC.js               2.31 kB │ gzip:   1.01 kB
dist/assets/admin-api-C-JXZryl.js                       2.39 kB │ gzip:   0.72 kB
dist/assets/index-DvaJnY_l.js                           2.40 kB │ gzip:   1.12 kB
dist/assets/model-C1aiy9L0.js                           2.60 kB │ gzip:   0.91 kB
dist/assets/advisingErrors-BVRpIOmI.js                  2.78 kB │ gzip:   1.10 kB
dist/assets/index-Bn2vmM5N.js                           3.11 kB │ gzip:   1.16 kB
dist/assets/advising.module-D_f3NByV.js                 3.23 kB │ gzip:   1.36 kB
dist/assets/useQueries-DZTv2Q1n.js                      3.23 kB │ gzip:   1.45 kB
dist/assets/quiz-api-BTwnad9P.js                        3.23 kB │ gzip:   0.66 kB
dist/assets/useTranslation-DZHBdF2i.js                  3.55 kB │ gzip:   1.73 kB
dist/assets/ExamsPage-CwrRPUkN.js                       3.66 kB │ gzip:   1.67 kB
dist/assets/parent-api-CtVwDeaw.js                      3.91 kB │ gzip:   0.94 kB
dist/assets/index-BojObkU8.js                           3.96 kB │ gzip:   1.57 kB
dist/assets/queryKeys-BuDXkyyw.js                       4.04 kB │ gzip:   1.48 kB
dist/assets/index-DJpEhTYz.js                           4.08 kB │ gzip:   1.75 kB
dist/assets/index-DKLRUUPl.js                           4.16 kB │ gzip:   1.77 kB
dist/assets/CourseCreatePage-CDpN5Wlu.js                4.19 kB │ gzip:   1.53 kB
dist/assets/StudentSubmissionHistory-BBAK-7Z5.js        4.21 kB │ gzip:   1.69 kB
dist/assets/index-Db_yx5KC.js                           4.26 kB │ gzip:   1.81 kB
dist/assets/index-CD59pI4D.js                           4.39 kB │ gzip:   1.93 kB
dist/assets/runtimeData-DQD_kKOL.js                     4.46 kB │ gzip:   1.36 kB
dist/assets/index-Bj26kqua.js                           4.66 kB │ gzip:   1.87 kB
dist/assets/index-C6ALaPg_.js                           4.93 kB │ gzip:   2.00 kB
dist/assets/index-CC6tQSfP.js                           5.10 kB │ gzip:   2.11 kB
dist/assets/mock-exam-api-l5miuvXK.js                   5.20 kB │ gzip:   0.99 kB
dist/assets/index-wT7PDiLV.js                           5.33 kB │ gzip:   1.98 kB
dist/assets/index-BXpn1jdH.js                           5.45 kB │ gzip:   2.12 kB
dist/assets/index-jnZTh_C2.js                           5.80 kB │ gzip:   2.11 kB
dist/assets/index-CGMUxeci.js                           5.93 kB │ gzip:   2.13 kB
dist/assets/datetime-BavRkXEI.js                        6.00 kB │ gzip:   2.51 kB
dist/assets/index-ByKkV90F.js                           6.45 kB │ gzip:   2.45 kB
dist/assets/assignment-api-CG6fsuk-.js                  6.48 kB │ gzip:   1.63 kB
dist/assets/index-CEiEzVS-.js                           6.50 kB │ gzip:   2.32 kB
dist/assets/advisor-api-CcHxhjQ9.js                     6.63 kB │ gzip:   1.29 kB
dist/assets/index-DTYaisKz.js                           6.68 kB │ gzip:   1.99 kB
dist/assets/dayjs.min-BTHWgGKk.js                       7.16 kB │ gzip:   3.10 kB
dist/assets/index-DxYGmKWE.js                           7.19 kB │ gzip:   2.47 kB
dist/assets/index-DEpUyVX5.js                           7.28 kB │ gzip:   2.54 kB
dist/assets/suspense-ChC6Ho-d.js                        7.95 kB │ gzip:   2.91 kB
dist/assets/index-CUORyrSA.js                           8.07 kB │ gzip:   2.81 kB
dist/assets/course-operations-api-tyrRw_L6.js           8.23 kB │ gzip:   1.54 kB
dist/assets/course-api-B8QpFkBk.js                      8.68 kB │ gzip:   1.56 kB
dist/assets/index-CI40Atra.js                           8.76 kB │ gzip:   2.70 kB
dist/assets/index-BL-St8Y6.js                           8.92 kB │ gzip:   3.25 kB
dist/assets/SignUpView-B6CKLb23.js                      8.95 kB │ gzip:   2.77 kB
dist/assets/index-DMO558lz.js                           9.12 kB │ gzip:   2.70 kB
dist/assets/index-BDfx-4zN.js                           9.37 kB │ gzip:   3.28 kB
dist/assets/index-BVTMvdDh.js                           9.72 kB │ gzip:   3.37 kB
dist/assets/index-BnjZrvWN.js                          10.08 kB │ gzip:   3.76 kB
dist/assets/index-D9NBj2bA.js                          10.66 kB │ gzip:   3.75 kB
dist/assets/ProfilePage-ByQ_KSSv.js                    10.98 kB │ gzip:   3.43 kB
dist/assets/index-OQNteLmz.js                          12.09 kB │ gzip:   4.37 kB
dist/assets/EnglishDateInput-Bt-3AMvf.js               13.10 kB │ gzip:   4.71 kB
dist/assets/index-KH4tS7TE.js                          13.63 kB │ gzip:   4.08 kB
dist/assets/index-ZdLxug45.js                          14.50 kB │ gzip:   5.46 kB
dist/assets/index-ESl7YMx1.js                          14.52 kB │ gzip:   4.75 kB
dist/assets/index-Cs-wO8g-.js                          15.84 kB │ gzip:   4.84 kB
dist/assets/ChatContent-vIR5lztA.js                    16.72 kB │ gzip:   6.57 kB
dist/assets/CoursesPage-CxLafW12.js                    16.84 kB │ gzip:   4.76 kB
dist/assets/index-DwZ3WmWR.js                          17.63 kB │ gzip:   6.15 kB
dist/assets/SupportPage-DJ5CQEjs.js                    17.78 kB │ gzip:   5.47 kB
dist/assets/index-BRWgiI1v.js                          18.59 kB │ gzip:   5.26 kB
dist/assets/index-wN0W3MM3.js                          19.13 kB │ gzip:   6.00 kB
dist/assets/index-BDnBVyh3.js                          19.73 kB │ gzip:   5.97 kB
dist/assets/index-CWsgbf0Z.js                          19.96 kB │ gzip:   6.19 kB
dist/assets/isSameMonth-Dj7e_gZm.js                    20.45 kB │ gzip:   5.78 kB
dist/assets/StudyPlanPage-iMelzsOx.js                  21.24 kB │ gzip:   6.75 kB
dist/assets/index-CqhI9xkC.js                          23.03 kB │ gzip:   7.60 kB
dist/assets/index-CirupTOr.js                          23.27 kB │ gzip:   6.70 kB
dist/assets/Layout-Brf0_7JJ.js                         24.05 kB │ gzip:   8.48 kB
dist/assets/index-D0_zWEe4.js                          24.36 kB │ gzip:   8.41 kB
dist/assets/index-CEC7CXk9.js                          24.55 kB │ gzip:   5.19 kB
dist/assets/index-D_sLD4rp.js                          24.59 kB │ gzip:   7.65 kB
dist/assets/index-Zj1TNqUQ.js                          25.33 kB │ gzip:   9.32 kB
dist/assets/index-cArjxhgH.js                          27.61 kB │ gzip:   9.15 kB
dist/assets/index-DOnUc8C4.js                          28.17 kB │ gzip:   8.11 kB
dist/assets/index-4OExlPGF.js                          35.21 kB │ gzip:   9.09 kB
dist/assets/index-BlXD2_sh.js                          35.64 kB │ gzip:   9.71 kB
dist/assets/index-ClfGVEyW.js                          39.62 kB │ gzip:  12.01 kB
dist/assets/index-DcqjpyiT.js                          39.80 kB │ gzip:  12.01 kB
dist/assets/index-DzzywE2z.js                          54.55 kB │ gzip:  13.17 kB
dist/assets/index-B9eiXQA_.js                          61.55 kB │ gzip:  17.60 kB
dist/assets/index-C8vTVi8I.js                         383.78 kB │ gzip: 126.12 kB
dist/assets/MarkdownMessage-BoYqXu_9.js               438.00 kB │ gzip: 129.99 kB
dist/assets/index-BzkvSGIN.js                         459.80 kB │ gzip: 145.55 kB
✓ built in 6.59s
