
> lms@0.0.0 build
> vite build

vite v7.3.6 building client environment for production...
(node:91646) [DEP0205] DeprecationWarning: `module.register()` is deprecated. Use `module.registerHooks()` instead.
(Use `node --trace-deprecation ...` to show where the warning was created)
transforming...
✓ 3109 modules transformed.
rendering chunks...
computing gzip size...
dist/index.html                                           1.46 kB │ gzip:   0.87 kB
dist/assets/KaTeX_Size3-Regular-CTq5MqoE.woff             4.42 kB
dist/assets/KaTeX_Size4-Regular-Dl5lxZxV.woff2            4.93 kB
dist/assets/KaTeX_Size2-Regular-Dy4dx90m.woff2            5.21 kB
dist/assets/KaTeX_Size1-Regular-mCD8mA8B.woff2            5.47 kB
dist/assets/KaTeX_Size4-Regular-BF-4gkZK.woff             5.98 kB
dist/assets/KaTeX_Size2-Regular-oD1tc_U0.woff             6.19 kB
dist/assets/KaTeX_Size1-Regular-C195tn64.woff             6.50 kB
dist/assets/KaTeX_Caligraphic-Regular-Di6jR-x-.woff2      6.91 kB
dist/assets/KaTeX_Caligraphic-Bold-Dq_IR9rO.woff2         6.91 kB
dist/assets/KaTeX_Size3-Regular-DgpXs0kz.ttf              7.59 kB
dist/assets/KaTeX_Caligraphic-Regular-CTRA-rTL.woff       7.66 kB
dist/assets/KaTeX_Caligraphic-Bold-BEiXGLvX.woff          7.72 kB
dist/assets/KaTeX_Script-Regular-D3wIWfF6.woff2           9.64 kB
dist/assets/KaTeX_SansSerif-Regular-DDBCnlJ7.woff2       10.34 kB
dist/assets/KaTeX_Size4-Regular-DWFBv043.ttf             10.36 kB
dist/assets/KaTeX_Script-Regular-D5yQViql.woff           10.59 kB
dist/assets/KaTeX_Fraktur-Regular-CTYiF6lA.woff2         11.32 kB
dist/assets/KaTeX_Fraktur-Bold-CL6g_b3V.woff2            11.35 kB
dist/assets/KaTeX_Size2-Regular-B7gKUWhC.ttf             11.51 kB
dist/assets/KaTeX_SansSerif-Italic-C3H0VqGB.woff2        12.03 kB
dist/assets/KaTeX_SansSerif-Bold-D1sUS0GD.woff2          12.22 kB
dist/assets/KaTeX_Size1-Regular-Dbsnue_I.ttf             12.23 kB
dist/assets/KaTeX_SansSerif-Regular-CS6fqUqJ.woff        12.32 kB
dist/assets/KaTeX_Caligraphic-Regular-wX97UBjC.ttf       12.34 kB
dist/assets/KaTeX_Caligraphic-Bold-ATXxdsX0.ttf          12.37 kB
dist/assets/KaTeX_Fraktur-Regular-Dxdc4cR9.woff          13.21 kB
dist/assets/KaTeX_Fraktur-Bold-BsDP51OF.woff             13.30 kB
dist/assets/KaTeX_Typewriter-Regular-CO6r4hn1.woff2      13.57 kB
dist/assets/KaTeX_SansSerif-Italic-DN2j7dab.woff         14.11 kB
dist/assets/KaTeX_SansSerif-Bold-DbIhKOiC.woff           14.41 kB
dist/assets/KaTeX_Typewriter-Regular-C0xS9mPB.woff       16.03 kB
dist/assets/KaTeX_Math-BoldItalic-CZnvNsCZ.woff2         16.40 kB
dist/assets/KaTeX_Math-Italic-t53AETM-.woff2             16.44 kB
dist/assets/KaTeX_Script-Regular-C5JkGWo-.ttf            16.65 kB
dist/assets/KaTeX_Main-BoldItalic-DxDJ3AOS.woff2         16.78 kB
dist/assets/KaTeX_Main-Italic-NWA7e6Wa.woff2             16.99 kB
dist/assets/KaTeX_Math-BoldItalic-iY-2wyZ7.woff          18.67 kB
dist/assets/KaTeX_Math-Italic-DA0__PXp.woff              18.75 kB
dist/assets/KaTeX_Main-BoldItalic-SpSLRI95.woff          19.41 kB
dist/assets/KaTeX_SansSerif-Regular-BNo7hRIc.ttf         19.44 kB
dist/assets/KaTeX_Fraktur-Regular-CB_wures.ttf           19.57 kB
dist/assets/KaTeX_Fraktur-Bold-BdnERNNW.ttf              19.58 kB
dist/assets/KaTeX_Main-Italic-BMLOBm91.woff              19.68 kB
dist/assets/KaTeX_SansSerif-Italic-YYjJ1zSn.ttf          22.36 kB
dist/assets/KaTeX_SansSerif-Bold-CFMepnvq.ttf            24.50 kB
dist/assets/KaTeX_Main-Bold-Cx986IdX.woff2               25.32 kB
dist/assets/KaTeX_Main-Regular-B22Nviop.woff2            26.27 kB
dist/assets/KaTeX_Typewriter-Regular-D3Ib7_Hf.ttf        27.56 kB
dist/assets/KaTeX_AMS-Regular-BQhdFMY1.woff2             28.08 kB
dist/assets/KaTeX_Main-Bold-Jm3AIy58.woff                29.91 kB
dist/assets/KaTeX_Main-Regular-Dr94JaBh.woff             30.77 kB
dist/assets/KaTeX_Math-BoldItalic-B3XSjfu4.ttf           31.20 kB
dist/assets/KaTeX_Math-Italic-flOr_0UB.ttf               31.31 kB
dist/assets/KaTeX_Main-BoldItalic-DzxPMmG6.ttf           32.97 kB
dist/assets/KaTeX_AMS-Regular-DMm9YOAa.woff              33.52 kB
dist/assets/KaTeX_Main-Italic-3WenGoN9.ttf               33.58 kB
dist/assets/KaTeX_Main-Bold-waoOVXN0.ttf                 51.34 kB
dist/assets/KaTeX_Main-Regular-ypZvNtVU.ttf              53.58 kB
dist/assets/KaTeX_AMS-Regular-DRggAlZN.ttf               63.63 kB
dist/assets/pdf.worker.min-yatZIOMy.mjs               1,375.84 kB
dist/assets/index-DIecttZ0.css                            0.16 kB │ gzip:   0.15 kB
dist/assets/LanguageSwitcher-oYfuABxZ.css                 0.26 kB │ gzip:   0.21 kB
dist/assets/CourseCardGrid-ByDAbhsq.css                   0.41 kB │ gzip:   0.23 kB
dist/assets/AdvisorCoursesPage-CBVE4BEq.css               0.41 kB │ gzip:   0.24 kB
dist/assets/index-CryS6cBe.css                            0.42 kB │ gzip:   0.28 kB
dist/assets/index-BI6X2BsO.css                            0.45 kB │ gzip:   0.27 kB
dist/assets/ProgressRing-BmREQjEr.css                     0.51 kB │ gzip:   0.30 kB
dist/assets/AdvisorSchedulePage-B1pAAQnj.css              0.54 kB │ gzip:   0.23 kB
dist/assets/index-CIw6Fduy.css                            0.61 kB │ gzip:   0.30 kB
dist/assets/index-Bxma_exZ.css                            0.64 kB │ gzip:   0.32 kB
dist/assets/index-BD1QHcyY.css                            0.65 kB │ gzip:   0.29 kB
dist/assets/queryKeys-Dm9liuna.css                        0.66 kB │ gzip:   0.34 kB
dist/assets/index-DsFamdy5.css                            0.67 kB │ gzip:   0.38 kB
dist/assets/index-ChBIH-4D.css                            0.87 kB │ gzip:   0.42 kB
dist/assets/index-CejXGtG4.css                            0.88 kB │ gzip:   0.43 kB
dist/assets/index-D22KUqgc.css                            0.97 kB │ gzip:   0.44 kB
dist/assets/index-DXauJi-y.css                            1.00 kB │ gzip:   0.46 kB
dist/assets/index-X3_3mYwa.css                            1.10 kB │ gzip:   0.43 kB
dist/assets/index-C7A-eBrf.css                            1.17 kB │ gzip:   0.53 kB
dist/assets/PdfMaterialPreview-Bpo_oGIM.css               1.23 kB │ gzip:   0.53 kB
dist/assets/index-CKJDkVB6.css                            1.50 kB │ gzip:   0.64 kB
dist/assets/index-_rjrD_P6.css                            1.61 kB │ gzip:   0.57 kB
dist/assets/index-O7IXv7Ke.css                            1.74 kB │ gzip:   0.63 kB
dist/assets/index-7RKiLO85.css                            1.77 kB │ gzip:   0.69 kB
dist/assets/index-BvCz1s6k.css                            1.79 kB │ gzip:   0.69 kB
dist/assets/AdvisorTasksPage-ChdCwkkB.css                 1.84 kB │ gzip:   0.63 kB
dist/assets/index-B-jwwXLf.css                            1.89 kB │ gzip:   0.70 kB
dist/assets/CourseCreatePage-CHqzYUov.css                 1.96 kB │ gzip:   0.75 kB
dist/assets/index-CfW-qBsF.css                            1.99 kB │ gzip:   0.79 kB
dist/assets/index-Y5cbgzio.css                            2.29 kB │ gzip:   0.82 kB
dist/assets/index-EnTSc1vg.css                            2.44 kB │ gzip:   0.89 kB
dist/assets/index-DOmsNtGJ.css                            2.62 kB │ gzip:   0.87 kB
dist/assets/index-CtxABaDY.css                            2.83 kB │ gzip:   0.97 kB
dist/assets/index-_3Pa92L0.css                            3.04 kB │ gzip:   0.91 kB
dist/assets/CreateIntakeDialog-CCbhb09m.css               3.10 kB │ gzip:   1.04 kB
dist/assets/index-JPaFVyW9.css                            3.71 kB │ gzip:   1.16 kB
dist/assets/index-CBkJycTq.css                            3.96 kB │ gzip:   1.29 kB
dist/assets/index-CWY5Nv3v.css                            4.05 kB │ gzip:   1.14 kB
dist/assets/index-BNqlQoGa.css                            4.14 kB │ gzip:   1.26 kB
dist/assets/EnglishDateInput-Dba2HZUu.css                 4.38 kB │ gzip:   1.39 kB
dist/assets/index-B6zuJrXh.css                            4.66 kB │ gzip:   1.45 kB
dist/assets/ExamsPage-7DuXGaJf.css                        5.01 kB │ gzip:   1.46 kB
dist/assets/index-x9zEFQGV.css                            5.38 kB │ gzip:   1.55 kB
dist/assets/index-45dx2Ycr.css                            5.38 kB │ gzip:   1.57 kB
dist/assets/index-Cob4jnXK.css                            5.60 kB │ gzip:   1.54 kB
dist/assets/index-BlU0dDHd.css                            5.69 kB │ gzip:   1.57 kB
dist/assets/index-C7LjtK_q.css                            5.70 kB │ gzip:   1.80 kB
dist/assets/SupportPage-D5MmIBZk.css                      6.24 kB │ gzip:   1.63 kB
dist/assets/index-Aqg_A5LX.css                            6.45 kB │ gzip:   1.70 kB
dist/assets/index-CBhUvrtG.css                            6.47 kB │ gzip:   1.74 kB
dist/assets/index-bFxaBT3y.css                            6.69 kB │ gzip:   1.74 kB
dist/assets/index-DEmyGGYW.css                            7.46 kB │ gzip:   1.90 kB
dist/assets/index-DshwxSqQ.css                            7.57 kB │ gzip:   1.76 kB
dist/assets/index-DwR_r31D.css                            7.80 kB │ gzip:   2.11 kB
dist/assets/index-DFhbp1Bq.css                            8.54 kB │ gzip:   2.12 kB
dist/assets/index-BOvcbRP6.css                            8.67 kB │ gzip:   2.10 kB
dist/assets/StudentSubmissionHistory-CVJaZSYM.css         8.97 kB │ gzip:   2.10 kB
dist/assets/index-Cyy0SB_c.css                            9.44 kB │ gzip:   2.12 kB
dist/assets/index-Bkw9orWn.css                            9.48 kB │ gzip:   2.55 kB
dist/assets/ChatContent-kMe4x7bW.css                      9.72 kB │ gzip:   2.30 kB
dist/assets/index-L6t8maP2.css                            9.73 kB │ gzip:   2.57 kB
dist/assets/index-zd0iXF4G.css                            9.95 kB │ gzip:   2.74 kB
dist/assets/index-Cx9dySrs.css                           10.11 kB │ gzip:   2.43 kB
dist/assets/index-CEcUSkBK.css                           10.49 kB │ gzip:   2.36 kB
dist/assets/index-Dy3Pe1GB.css                           10.62 kB │ gzip:   2.41 kB
dist/assets/index-WuKj1eW_.css                           10.68 kB │ gzip:   2.58 kB
dist/assets/workspace-DkccyOie.css                       11.89 kB │ gzip:   3.08 kB
dist/assets/CoursesPage-BNd1tJUF.css                     14.04 kB │ gzip:   2.76 kB
dist/assets/StudyPlanPage-_pw-lTr7.css                   14.59 kB │ gzip:   2.92 kB
dist/assets/Layout-CQJHi9hM.css                          15.57 kB │ gzip:   3.57 kB
dist/assets/index-DMXQ1C6y.css                           16.36 kB │ gzip:   3.18 kB
dist/assets/courseManagement-BE2pu7m9.css                19.22 kB │ gzip:   3.97 kB
dist/assets/index-ibKAxDX2.css                           19.69 kB │ gzip:   3.95 kB
dist/assets/index-BWETC8U9.css                           20.02 kB │ gzip:   4.16 kB
dist/assets/index-BeIOEfT8.css                           21.20 kB │ gzip:   4.29 kB
dist/assets/index-Cfp5mZ1-.css                           21.41 kB │ gzip:   4.14 kB
dist/assets/advising-Cisn9Xh_.css                        21.97 kB │ gzip:   4.33 kB
dist/assets/index-5IxAp9ol.css                           32.59 kB │ gzip:   6.04 kB
dist/assets/index-TIVT-uDn.css                           38.86 kB │ gzip:   7.34 kB
dist/assets/index--UTbc3HN.css                           45.04 kB │ gzip:  11.64 kB
dist/assets/index-fTOrNMYw.css                           54.93 kB │ gzip:  11.15 kB
dist/assets/index-UfzDJWx_.css                           58.01 kB │ gzip:   9.52 kB
dist/assets/index.module-BuXve7P4.js                      0.06 kB │ gzip:   0.07 kB
dist/assets/scheduleRequests-DwtOptw8.js                  0.06 kB │ gzip:   0.07 kB
dist/assets/queryKeys-Corhd2Da.js                         0.06 kB │ gzip:   0.08 kB
dist/assets/passwordRules-DA1SasHz.js                     0.07 kB │ gzip:   0.09 kB
dist/assets/addWeeks-DFpZ8pTq.js                          0.09 kB │ gzip:   0.11 kB
dist/assets/index-CpBci5Wt.js                             0.09 kB │ gzip:   0.10 kB
dist/assets/check-hacpar0r.js                             0.13 kB │ gzip:   0.15 kB
dist/assets/circle-N5krbTFW.js                            0.14 kB │ gzip:   0.14 kB
dist/assets/chevron-down-D61Vvmxo.js                      0.14 kB │ gzip:   0.15 kB
dist/assets/chevron-right-CnVGb5WX.js                     0.14 kB │ gzip:   0.15 kB
dist/assets/chevron-left-COs8KjJd.js                      0.14 kB │ gzip:   0.15 kB
dist/assets/isSameDay-B8hGLd5o.js                         0.14 kB │ gzip:   0.15 kB
dist/assets/studyPlanView-B2f8leHE.js                     0.15 kB │ gzip:   0.15 kB
dist/assets/loader-circle-DClrChRk.js                     0.15 kB │ gzip:   0.16 kB
dist/assets/courseSessions-DtOQUgso.js                    0.16 kB │ gzip:   0.12 kB
dist/assets/plus-B2wBSTwK.js                              0.17 kB │ gzip:   0.16 kB
dist/assets/x-FdD69P9y.js                                 0.17 kB │ gzip:   0.16 kB
dist/assets/arrow-left-EJJ0EnLD.js                        0.18 kB │ gzip:   0.17 kB
dist/assets/arrow-down-DHspqWaE.js                        0.18 kB │ gzip:   0.17 kB
dist/assets/arrow-right-DYOoxBEf.js                       0.18 kB │ gzip:   0.17 kB
dist/assets/course-BXTXiDX-.js                            0.18 kB │ gzip:   0.18 kB
dist/assets/arrow-up-right-DhgBZJ-E.js                    0.18 kB │ gzip:   0.17 kB
dist/assets/search-BVsCElUS.js                            0.18 kB │ gzip:   0.18 kB
dist/assets/circle-check-BNJ9lIi6.js                      0.19 kB │ gzip:   0.17 kB
dist/assets/message-square-D_QQ8p8F.js                    0.19 kB │ gzip:   0.18 kB
dist/assets/clock-3-BGRtlikp.js                           0.19 kB │ gzip:   0.18 kB
dist/assets/courseOperations--JOazQOC.js                  0.20 kB │ gzip:   0.16 kB
dist/assets/menu-DttA41Zk.js                              0.20 kB │ gzip:   0.17 kB
dist/assets/megaphone-BEMyTJJ0.js                         0.20 kB │ gzip:   0.19 kB
dist/assets/rotate-ccw-DNKiO6w-.js                        0.21 kB │ gzip:   0.19 kB
dist/assets/lock-GvV0D_sP.js                              0.21 kB │ gzip:   0.20 kB
dist/assets/ellipsis-CvIe5Je-.js                          0.23 kB │ gzip:   0.17 kB
dist/assets/user-round-check-BZZRyhd_.js                  0.24 kB │ gzip:   0.22 kB
dist/assets/upload-CT_fHQg6.js                            0.24 kB │ gzip:   0.20 kB
dist/assets/copy-CQyvFE0V.js                              0.24 kB │ gzip:   0.22 kB
dist/assets/download-DcU_wQ1B.js                          0.24 kB │ gzip:   0.20 kB
dist/assets/activity-avPpZHZA.js                          0.25 kB │ gzip:   0.21 kB
dist/assets/headphones-Dd-fl-rM.js                        0.25 kB │ gzip:   0.20 kB
dist/assets/sendStableMessage-B_AhWZSx.js                 0.25 kB │ gzip:   0.22 kB
dist/assets/personName-DLo6ru9g.js                        0.26 kB │ gzip:   0.18 kB
dist/assets/index-3pJPQ4Lo.js                             0.26 kB │ gzip:   0.18 kB
dist/assets/users-round-LbnBLJaQ.js                       0.26 kB │ gzip:   0.23 kB
dist/assets/settings-2-6oiFSIPW.js                        0.26 kB │ gzip:   0.20 kB
dist/assets/circle-alert-DjyQnG9E.js                      0.26 kB │ gzip:   0.20 kB
dist/assets/eye-DjlGYTuj.js                               0.26 kB │ gzip:   0.21 kB
dist/assets/map-pin-4U3YAXPk.js                           0.27 kB │ gzip:   0.23 kB
dist/assets/message-square-text-BIMvlsYK.js               0.27 kB │ gzip:   0.21 kB
dist/assets/file-check-2-BSpDxEfF.js                      0.27 kB │ gzip:   0.21 kB
dist/assets/calendar-D8OwKCT4.js                          0.27 kB │ gzip:   0.21 kB
dist/assets/pencil-DyHK3J9R.js                            0.29 kB │ gzip:   0.24 kB
dist/assets/pen-line-B4cDRMnq.js                          0.29 kB │ gzip:   0.24 kB
dist/assets/book-open-7R4mf9Kv.js                         0.29 kB │ gzip:   0.22 kB
dist/assets/registeredDestination-DeusOaKX.js             0.29 kB │ gzip:   0.24 kB
dist/assets/inbox-DBfThqDr.js                             0.30 kB │ gzip:   0.24 kB
dist/assets/bell-BovWVteH.js                              0.30 kB │ gzip:   0.25 kB
dist/assets/send-TNuz33oC.js                              0.30 kB │ gzip:   0.24 kB
dist/assets/clipboard-check-Ckg6wMeZ.js                   0.31 kB │ gzip:   0.24 kB
dist/assets/paperclip-D4X5uwAV.js                         0.31 kB │ gzip:   0.24 kB
dist/assets/list-DAtZjTO3.js                              0.31 kB │ gzip:   0.20 kB
dist/assets/users-CgQptLTI.js                             0.32 kB │ gzip:   0.24 kB
dist/assets/user-plus-BsvSkApR.js                         0.32 kB │ gzip:   0.24 kB
dist/assets/shield-check-D833Pz78.js                      0.33 kB │ gzip:   0.26 kB
dist/assets/refresh-cw-CZNWODkv.js                        0.33 kB │ gzip:   0.24 kB
dist/assets/refresh-ccw-Dv425cvv.js                       0.33 kB │ gzip:   0.23 kB
dist/assets/CourseCardGrid-DZEZLc4U.js                    0.34 kB │ gzip:   0.25 kB
dist/assets/graduation-cap-DMyQP5Ox.js                    0.34 kB │ gzip:   0.26 kB
dist/assets/file-text-vIie7SAr.js                         0.35 kB │ gzip:   0.23 kB
dist/assets/advisorWorkspace-BBVwlqDy.js                  0.35 kB │ gzip:   0.25 kB
dist/assets/trash-2-D9aeVhyd.js                           0.37 kB │ gzip:   0.26 kB
dist/assets/NotFoundPage-BRKkJjEq.js                      0.38 kB │ gzip:   0.27 kB
dist/assets/LanguageSwitcher-CyMHbWNv.js                  0.38 kB │ gzip:   0.28 kB
dist/assets/calendar-clock-CiS2EuPg.js                    0.39 kB │ gzip:   0.26 kB
dist/assets/shuffle-CJqOw0Zc.js                           0.40 kB │ gzip:   0.26 kB
dist/assets/index-CFUa9N0z.js                             0.42 kB │ gzip:   0.28 kB
dist/assets/clipboard-list-B4stDYzR.js                    0.42 kB │ gzip:   0.27 kB
dist/assets/eye-off-DBQT6cy7.js                           0.44 kB │ gzip:   0.28 kB
dist/assets/calendar-days-DdHVVcox.js                     0.51 kB │ gzip:   0.28 kB
dist/assets/formFocus-DEtMIshI.js                         0.51 kB │ gzip:   0.30 kB
dist/assets/presentation-vd2Vosrt.js                      0.52 kB │ gzip:   0.35 kB
dist/assets/sparkles-DJxVFnGd.js                          0.52 kB │ gzip:   0.31 kB
dist/assets/file-utils-BussijLf.js                        0.53 kB │ gzip:   0.34 kB
dist/assets/index-DJQiqB3W.js                             0.54 kB │ gzip:   0.30 kB
dist/assets/triangle-alert-C2sBbHAU.js                    0.56 kB │ gzip:   0.33 kB
dist/assets/useMutationState-DxLHbbuy.js                  0.57 kB │ gzip:   0.35 kB
dist/assets/profile-api-D4cOsQVT.js                       0.61 kB │ gzip:   0.34 kB
dist/assets/DurationSelect-hjZAYfrp.js                    0.64 kB │ gzip:   0.38 kB
dist/assets/formValidation-DZX9THc9.js                    0.65 kB │ gzip:   0.39 kB
dist/assets/readCollection-1eagDPqp.js                    0.65 kB │ gzip:   0.39 kB
dist/assets/notification-api-Dyjn0IaG.js                  0.67 kB │ gzip:   0.32 kB
dist/assets/studyPlan-lbLf8v17.js                         0.67 kB │ gzip:   0.45 kB
dist/assets/AdvisingPagination-FBhSi5hZ.js                0.68 kB │ gzip:   0.40 kB
dist/assets/index-DVOMMB0d.js                             0.69 kB │ gzip:   0.40 kB
dist/assets/teachingAlert-BSWePnpL.js                     0.71 kB │ gzip:   0.44 kB
dist/assets/index-C-herpGF.js                             0.73 kB │ gzip:   0.45 kB
dist/assets/useIdempotencyCheckpoint-GejTqYw5.js          0.74 kB │ gzip:   0.40 kB
dist/assets/useProfileIdentity-DLML4qin.js                0.74 kB │ gzip:   0.42 kB
dist/assets/operationRecords-ogrWBpVm.js                  0.75 kB │ gzip:   0.39 kB
dist/assets/differenceInCalendarDays-eLjBRayL.js          0.76 kB │ gzip:   0.43 kB
dist/assets/tenant-advising-api-Bo1Y-0KG.js               0.79 kB │ gzip:   0.30 kB
dist/assets/queryKeys-Cp38TRo8.js                         0.87 kB │ gzip:   0.28 kB
dist/assets/index-cwd8VElg.js                             0.87 kB │ gzip:   0.46 kB
dist/assets/index-Du5XkXRg.js                             0.89 kB │ gzip:   0.52 kB
dist/assets/TenantDrawer-txVFRBCh.js                      0.91 kB │ gzip:   0.53 kB
dist/assets/useConfirmationDialog-DTufrPtL.js             0.92 kB │ gzip:   0.46 kB
dist/assets/isSameMonth-BfwiOPZG.js                       0.94 kB │ gzip:   0.46 kB
dist/assets/counsellor-api-DhMZ2Cxm.js                    0.96 kB │ gzip:   0.37 kB
dist/assets/tenantNavigation-BWwqiiNX.js                  0.97 kB │ gzip:   0.55 kB
dist/assets/ProgressRing-DElGSKYn.js                      0.98 kB │ gzip:   0.55 kB
dist/assets/advising-B8jUAv1I.js                          0.99 kB │ gzip:   0.45 kB
dist/assets/downloadBlob-C86B1p_y.js                      0.99 kB │ gzip:   0.55 kB
dist/assets/useActionTaskTransition-xftrj-Q8.js           1.00 kB │ gzip:   0.47 kB
dist/assets/index-PozWwyLb.js                             1.03 kB │ gzip:   0.52 kB
dist/assets/index.module-CwBpcqrz.js                      1.04 kB │ gzip:   0.49 kB
dist/assets/useStudentProgress-BZCYplOD.js                1.08 kB │ gzip:   0.57 kB
dist/assets/presentation-DjqKBOM0.js                      1.13 kB │ gzip:   0.66 kB
dist/assets/useInfiniteQuery-DARbqv9L.js                  1.16 kB │ gzip:   0.50 kB
dist/assets/createLucideIcon-loDUNT_O.js                  1.17 kB │ gzip:   0.69 kB
dist/assets/submissionState-B8_bUn2Q.js                   1.20 kB │ gzip:   0.60 kB
dist/assets/index-BG1wxU3r.js                             1.21 kB │ gzip:   0.73 kB
dist/assets/staffRuntime-_pc8MeQf.js                      1.26 kB │ gzip:   0.53 kB
dist/assets/index-C9WAwUNU.js                             1.32 kB │ gzip:   0.74 kB
dist/assets/TaskSubmissionFile-DjfCfHol.js                1.34 kB │ gzip:   0.73 kB
dist/assets/index.module-C5M6Uii4.js                      1.39 kB │ gzip:   0.60 kB
dist/assets/formatting-DSoedAXY.js                        1.42 kB │ gzip:   0.70 kB
dist/assets/advisingErrors-B7F3-DWx.js                    1.49 kB │ gzip:   0.48 kB
dist/assets/index-32nLK7Z6.js                             1.52 kB │ gzip:   0.81 kB
dist/assets/mockExamSummary-DjIhZEu2.js                   1.60 kB │ gzip:   0.74 kB
dist/assets/index-DHOjumdA.js                             1.63 kB │ gzip:   0.85 kB
dist/assets/dateInput-BQ87QwTO.js                         1.86 kB │ gzip:   0.83 kB
dist/assets/useCourseAccess-Dyu4QCIt.js                   1.94 kB │ gzip:   0.93 kB
dist/assets/index-B9bn7sL0.js                             2.00 kB │ gzip:   0.93 kB
dist/assets/admin-api-DT_lss4n.js                         2.11 kB │ gzip:   0.68 kB
dist/assets/workspace.module-DwnG9dCz.js                  2.14 kB │ gzip:   0.87 kB
dist/assets/dashboard-api-kafB8qCT.js                     2.18 kB │ gzip:   0.62 kB
dist/assets/index-Cvlg7e7u.js                             2.20 kB │ gzip:   0.98 kB
dist/assets/useMutation-BfpmGFn1.js                       2.21 kB │ gzip:   0.92 kB
dist/assets/advising.module-hdqHtIlo.js                   2.47 kB │ gzip:   1.08 kB
dist/assets/recordPresentation-5rQU6I7u.js                2.48 kB │ gzip:   1.26 kB
dist/assets/index-C73DH31L.js                             2.53 kB │ gzip:   1.01 kB
dist/assets/parseISO-3Li0EILj.js                          2.68 kB │ gzip:   1.22 kB
dist/assets/advisorViewModels-CJsp0KBp.js                 2.86 kB │ gzip:   1.21 kB
dist/assets/index-yY5SJ3F_.js                             2.95 kB │ gzip:   1.37 kB
dist/assets/useQueries-DzEQc3gz.js                        3.23 kB │ gzip:   1.44 kB
dist/assets/index-WmQ5GfPv.js                             3.45 kB │ gzip:   1.52 kB
dist/assets/IntakePage-gjBLJfsd.js                        3.46 kB │ gzip:   1.30 kB
dist/assets/queryKeys-CoFZKCa3.js                         3.90 kB │ gzip:   1.44 kB
dist/assets/IntakeAssignmentEditor-C4vUxpUs.js            3.97 kB │ gzip:   1.55 kB
dist/assets/index-DKGsz8Ot.js                             4.03 kB │ gzip:   1.54 kB
dist/assets/notificationPresentation-COcavPP-.js          4.06 kB │ gzip:   1.27 kB
dist/assets/parent-api-BQKO-ImE.js                        4.08 kB │ gzip:   1.04 kB
dist/assets/PdfMaterialPreview-BTvKoTkN.js                4.14 kB │ gzip:   1.85 kB
dist/assets/index-BdngrZOE.js                             4.20 kB │ gzip:   1.86 kB
dist/assets/runtimeData-C8Cdrj2s.js                       4.34 kB │ gzip:   1.34 kB
dist/assets/StudentSubmissionHistory-B8bQmgaA.js          4.51 kB │ gzip:   1.71 kB
dist/assets/index-CKuS5XN3.js                             4.60 kB │ gzip:   1.88 kB
dist/assets/index-CKgc1hXg.js                             4.62 kB │ gzip:   1.91 kB
dist/assets/CourseCreatePage-9vaXt5ao.js                  4.76 kB │ gzip:   1.63 kB
dist/assets/index-MfDiidUW.js                             4.79 kB │ gzip:   2.11 kB
dist/assets/index-CB-BY4iU.js                             5.13 kB │ gzip:   2.03 kB
dist/assets/CreateIntakeDialog-CDbj1AYZ.js                5.26 kB │ gzip:   1.73 kB
dist/assets/index-UudD_7v0.js                             5.36 kB │ gzip:   1.95 kB
dist/assets/courseManagement-BRlWZ7Ej.js                  5.46 kB │ gzip:   2.24 kB
dist/assets/index-D7_3vX86.js                             5.51 kB │ gzip:   2.07 kB
dist/assets/mock-exam-api-DQs3P39q.js                     5.52 kB │ gzip:   1.06 kB
dist/assets/index-Bz0pJXJl.js                             5.86 kB │ gzip:   2.05 kB
dist/assets/index-ByE7yPQu.js                             6.13 kB │ gzip:   2.05 kB
dist/assets/index-DIgzVY4_.js                             6.27 kB │ gzip:   2.22 kB
dist/assets/ExamsPage-DL9D0Uxj.js                         6.43 kB │ gzip:   2.51 kB
dist/assets/assignment-api-Cc0Kwdeu.js                    6.48 kB │ gzip:   1.63 kB
dist/assets/index-BBUF9m6w.js                             6.57 kB │ gzip:   2.06 kB
dist/assets/index-BNZDb3Jl.js                             6.80 kB │ gzip:   2.63 kB
dist/assets/advisor-api-F4viSkiH.js                       7.12 kB │ gzip:   1.41 kB
dist/assets/OccurrenceRequests-BEAHOCN6.js                7.15 kB │ gzip:   2.80 kB
dist/assets/index-BMKuRZEA.js                             7.26 kB │ gzip:   2.54 kB
dist/assets/index-CjLlS7dW.js                             7.33 kB │ gzip:   2.44 kB
dist/assets/index-CzbbznDm.js                             7.62 kB │ gzip:   2.49 kB
dist/assets/index-DYXAa9T7.js                             8.07 kB │ gzip:   2.65 kB
dist/assets/AdvisorTasksPage-OC9kKJMI.js                  8.55 kB │ gzip:   2.79 kB
dist/assets/course-operations-api-D4ataP9T.js             8.76 kB │ gzip:   1.73 kB
dist/assets/course-api-CboXNlLk.js                        8.83 kB │ gzip:   1.60 kB
dist/assets/index-D7xdmfb7.js                             8.88 kB │ gzip:   2.99 kB
dist/assets/useQuery-DkCUrtbd.js                          8.95 kB │ gzip:   3.26 kB
dist/assets/AdvisorSchedulePage-C56PI_wi.js               9.03 kB │ gzip:   3.04 kB
dist/assets/Trans-B-HXmoiD.js                             9.11 kB │ gzip:   3.98 kB
dist/assets/index-CzStJJAe.js                             9.20 kB │ gzip:   2.97 kB
dist/assets/index-X9gSq_k8.js                             9.53 kB │ gzip:   3.09 kB
dist/assets/index-BZUZxbjE.js                             9.94 kB │ gzip:   3.28 kB
dist/assets/index-Ch0FchrE.js                            10.10 kB │ gzip:   2.88 kB
dist/assets/index-DPDT6tLU.js                            10.80 kB │ gzip:   3.87 kB
dist/assets/index-BS-aob5t.js                            11.01 kB │ gzip:   3.57 kB
dist/assets/index-D8ZJSek_.js                            11.38 kB │ gzip:   4.19 kB
dist/assets/index-pcBWQ7dP.js                            11.45 kB │ gzip:   3.76 kB
dist/assets/AdvisorCoursesPage-CaSgP9cD.js               11.80 kB │ gzip:   3.65 kB
dist/assets/ProfilePage-CfisM_S6.js                      11.90 kB │ gzip:   3.30 kB
dist/assets/EnglishDateInput-CnazsR9H.js                 12.51 kB │ gzip:   4.42 kB
dist/assets/datetime-CtTX23fc.js                         13.28 kB │ gzip:   5.32 kB
dist/assets/index-DWYKGGGn.js                            14.45 kB │ gzip:   4.33 kB
dist/assets/index-18OLqqfi.js                            14.87 kB │ gzip:   5.14 kB
dist/assets/index-B77Cytgo.js                            17.00 kB │ gzip:   6.08 kB
dist/assets/index-DwyOCEWP.js                            17.73 kB │ gzip:   5.08 kB
dist/assets/ChatContent-SGf8YjB4.js                      18.80 kB │ gzip:   6.77 kB
dist/assets/format-BDcXb3H_.js                           18.97 kB │ gzip:   5.38 kB
dist/assets/index-D97LfoEF.js                            20.33 kB │ gzip:   5.89 kB
dist/assets/ListeningSections-1iBfQMYr.js                21.25 kB │ gzip:   3.87 kB
dist/assets/index-Bp-6xscE.js                            22.54 kB │ gzip:   6.51 kB
dist/assets/index-Dy1JyONJ.js                            22.90 kB │ gzip:   5.83 kB
dist/assets/SupportPage-66L_yy_4.js                      23.19 kB │ gzip:   6.49 kB
dist/assets/Layout-CXQezoj-.js                           25.73 kB │ gzip:   8.72 kB
dist/assets/index-DKKUxWNa.js                            25.92 kB │ gzip:   9.60 kB
dist/assets/index-CYpnkmrA.js                            26.18 kB │ gzip:   8.62 kB
dist/assets/StudyPlanPage-PCaN4SdB.js                    28.53 kB │ gzip:   8.19 kB
dist/assets/index-CsXLQ4zb.js                            28.83 kB │ gzip:   8.77 kB
dist/assets/index-BbOZJGEo.js                            30.54 kB │ gzip:   9.37 kB
dist/assets/CoursesPage-D86irG1G.js                      30.81 kB │ gzip:   8.06 kB
dist/assets/index-jFKz-Skw.js                            31.56 kB │ gzip:   8.03 kB
dist/assets/index-CG7r1wXk.js                            34.65 kB │ gzip:   8.80 kB
dist/assets/index-Dq1OsKqQ.js                            34.78 kB │ gzip:  10.57 kB
dist/assets/index-DhAqXX_u.js                            41.78 kB │ gzip:  12.54 kB
dist/assets/index-WPDrP9xe.js                            42.14 kB │ gzip:  11.82 kB
dist/assets/index-Cjj7fStE.js                            50.03 kB │ gzip:  12.39 kB
dist/assets/index-0cOT1zwV.js                            51.63 kB │ gzip:  14.22 kB
dist/assets/index-CwmxM_W6.js                            67.74 kB │ gzip:  15.44 kB
dist/assets/index-NF9DHWfE.js                            69.54 kB │ gzip:  17.96 kB
dist/assets/index-DWy0Ze1G.js                            93.67 kB │ gzip:  25.80 kB
dist/assets/index-RXxq4fSe.js                           107.03 kB │ gzip:  28.58 kB
dist/assets/pdf-gh-BrLFn.js                             334.78 kB │ gzip:  98.38 kB
dist/assets/index-BT32SikD.js                           900.15 kB │ gzip: 275.49 kB
dist/assets/index-4fmgOVDS.js                         1,023.16 kB │ gzip: 333.69 kB

(!) Some chunks are larger than 500 kB after minification. Consider:
- Using dynamic import() to code-split the application
- Use build.rollupOptions.output.manualChunks to improve chunking: https://rollupjs.org/configuration-options/#output-manualchunks
- Adjust chunk size limit for this warning via build.chunkSizeWarningLimit.
✓ built in 5.08s
